--------- beginning of main
05-08 18:59:10.380 27076 27076 I com.amovi.app: Using CollectorTypeCMC GC.
05-08 18:59:10.381 27076 27076 E com.amovi.app: Not starting debugger since process cannot load the jdwp agent.
05-08 18:59:10.383 27076 27076 D nativeloader: Load libframework-connectivity-tiramisu-jni.so using APEX ns com_android_tethering for caller /apex/com.android.tethering/javalib/framework-connectivity-t.jar: ok
05-08 18:59:10.384 27076 27076 D ActivityThread: setConscryptValidator
05-08 18:59:10.384 27076 27076 D ActivityThread: setConscryptValidator - put
05-08 18:59:10.390 27076 27076 D nativeloader: Configuring clns-9 for other apk /system/framework/sec_camerax_impl.jar. target_sdk_version=35, uses_libraries=ALL, library_path=/data/app/~~_wqwAw-rKuqzZkxJHzVaOg==/com.amovi.app-s-rZeRyna9wVUlsxIGoCCg==/lib/arm64:/data/app/~~_wqwAw-rKuqzZkxJHzVaOg==/com.amovi.app-s-rZeRyna9wVUlsxIGoCCg==/base.apk!/lib/arm64-v8a, permitted_path=/data:/mnt/expand:/data/user/0/com.amovi.app
05-08 18:59:10.390 27076 27076 D nativeloader: Extending system_exposed_libraries: libhumantracking.arcsoft.so:libface_recognition.arcsoft.so:libpic_best.arcsoft.so:libPortraitDistortionCorrection.arcsoft.so:libPortraitDistortionCorrectionCali.arcsoft.so:libface_landmark.arcsoft.so:libFacialStickerEngine.arcsoft.so:libfrtracking_engine.arcsoft.so:libFaceRecognition.arcsoft.so:libveengine.arcsoft.so:lib_pet_detection.arcsoft.so:libae_bracket_hdr.arcsoft.so:libhybrid_high_dynamic_range.arcsoft.so:libimage_enhancement.arcsoft.so:libFacialAttributeDetection.arcsoft.so:libobjectcapture_jni.arcsoft.so:libobjectcapture.arcsoft.so:libmultisourceseparator.audio.samsung.so:libaudiomirroring_jni.audiomirroring.samsung.so:libBeauty_v4.camera.samsung.so:libexifa.camera.samsung.so:libjpega.camera.samsung.so:libOpenCv.camera.samsung.so:libAIDeflicker.camera.samsung.so:libaifrcInterface.camera.samsung.so:libBestPhoto.camera.samsung.so:libC2paDps.camera.samsung.so:libVideoClassifier.camera.samsung.so:libImageScreener.camera.samsung.so:libMyFilter.camera.samsung.so:libtfl
05-08 18:59:10.391 27076 27076 D nativeloader: Configuring clns-10 for other apk /data/app/~~_wqwAw-rKuqzZkxJHzVaOg==/com.amovi.app-s-rZeRyna9wVUlsxIGoCCg==/base.apk. target_sdk_version=35, uses_libraries=, library_path=/data/app/~~_wqwAw-rKuqzZkxJHzVaOg==/com.amovi.app-s-rZeRyna9wVUlsxIGoCCg==/lib/arm64:/data/app/~~_wqwAw-rKuqzZkxJHzVaOg==/com.amovi.app-s-rZeRyna9wVUlsxIGoCCg==/base.apk!/lib/arm64-v8a, permitted_path=/data:/mnt/expand:/data/user/0/com.amovi.app
05-08 18:59:10.392 27076 27076 D CompatChangeReporter: Compat change id reported: 202956589; UID 10376; state: ENABLED
05-08 18:59:10.394 27076 27076 V GraphicsEnvironment: Currently set values for:
05-08 18:59:10.394 27076 27076 V GraphicsEnvironment:   angle_gl_driver_selection_pkgs=[]
05-08 18:59:10.394 27076 27076 V GraphicsEnvironment:   angle_gl_driver_selection_values=[]
05-08 18:59:10.394 27076 27076 V GraphicsEnvironment: com.amovi.app is not listed in per-application setting
05-08 18:59:10.394 27076 27076 V GraphicsEnvironment: ANGLE allowlist from config: 
05-08 18:59:10.394 27076 27076 V GraphicsEnvironment: com.amovi.app is not listed in ANGLE allowlist or settings, returning default
05-08 18:59:10.394 27076 27076 V GraphicsEnvironment: App is not on the allowlist for updatable production driver.
05-08 18:59:10.400 27076 27076 I FirebaseApp: Device unlocked: initializing all Firebase APIs for app [DEFAULT]
05-08 18:59:10.402 27076 27076 I FirebaseInitProvider: FirebaseApp initialization successful
05-08 18:59:10.402 27076 27076 D ReactNativeFirebaseApp: received application context.
05-08 18:59:10.403 27076 27076 D CompatChangeReporter: Compat change id reported: 279646685; UID 10376; state: ENABLED
05-08 18:59:10.405 27076 27076 W SoLoader: Initializing SoLoader: 0
05-08 18:59:10.405 27076 27076 W SoLoader: Recording new base apk path: /data/app/~~_wqwAw-rKuqzZkxJHzVaOg==/com.amovi.app-s-rZeRyna9wVUlsxIGoCCg==/base.apk
05-08 18:59:10.405 27076 27076 W SoLoader: Previously recorded 0 base apk paths.
05-08 18:59:10.405 27076 27076 D CompatChangeReporter: Compat change id reported: 312399441; UID 10376; state: ENABLED
05-08 18:59:10.405 27076 27076 I SoLoader: Preparing SO source: DirectorySoSource[root = /vendor/lib64 flags = 2]
05-08 18:59:10.405 27076 27076 I SoLoader: Preparing SO source: DirectorySoSource[root = /system/lib64 flags = 2]
05-08 18:59:10.405 27076 27076 I SoLoader: Preparing SO source: DirectApkSoSource[root = [/data/app/~~_wqwAw-rKuqzZkxJHzVaOg==/com.amovi.app-s-rZeRyna9wVUlsxIGoCCg==/base.apk!/lib/arm64-v8a]]
05-08 18:59:10.407 27076 27076 I SoLoader: Preparing SO source: ApplicationSoSource[DirectorySoSource[root = /data/app/~~_wqwAw-rKuqzZkxJHzVaOg==/com.amovi.app-s-rZeRyna9wVUlsxIGoCCg==/lib/arm64 flags = 0]]
05-08 18:59:10.407 27076 27076 I SoLoader: init finish: 4 SO sources prepared
05-08 18:59:10.407 27076 27076 W SoLoader: SoLoader initialized: 8
05-08 18:59:10.411 27076 27076 D nativeloader: Load /data/app/~~_wqwAw-rKuqzZkxJHzVaOg==/com.amovi.app-s-rZeRyna9wVUlsxIGoCCg==/base.apk!/lib/arm64-v8a/libc++_shared.so using class loader ns clns-10 (caller=/data/app/~~_wqwAw-rKuqzZkxJHzVaOg==/com.amovi.app-s-rZeRyna9wVUlsxIGoCCg==/base.apk!classes3.dex): ok
05-08 18:59:10.412 27076 27076 D nativeloader: Load /data/app/~~_wqwAw-rKuqzZkxJHzVaOg==/com.amovi.app-s-rZeRyna9wVUlsxIGoCCg==/base.apk!/lib/arm64-v8a/libjsi.so using class loader ns clns-10 (caller=/data/app/~~_wqwAw-rKuqzZkxJHzVaOg==/com.amovi.app-s-rZeRyna9wVUlsxIGoCCg==/base.apk!classes3.dex): ok
05-08 18:59:10.414 27076 27076 D nativeloader: Load /data/app/~~_wqwAw-rKuqzZkxJHzVaOg==/com.amovi.app-s-rZeRyna9wVUlsxIGoCCg==/base.apk!/lib/arm64-v8a/libfbjni.so using class loader ns clns-10 (caller=/data/app/~~_wqwAw-rKuqzZkxJHzVaOg==/com.amovi.app-s-rZeRyna9wVUlsxIGoCCg==/base.apk!classes3.dex): ok
05-08 18:59:10.415 27076 27076 D nativeloader: Load /data/app/~~_wqwAw-rKuqzZkxJHzVaOg==/com.amovi.app-s-rZeRyna9wVUlsxIGoCCg==/base.apk!/lib/arm64-v8a/libreactnative.so using class loader ns clns-10 (caller=/data/app/~~_wqwAw-rKuqzZkxJHzVaOg==/com.amovi.app-s-rZeRyna9wVUlsxIGoCCg==/base.apk!classes3.dex): ok
05-08 18:59:10.415 27076 27076 D jni_lib_merge: Entering merged library JNI_OnLoad.
05-08 18:59:10.415 27076 27076 D jni_lib_merge: Preparing 12 pre-merged libs (including stub)
05-08 18:59:10.415 27076 27076 D jni_lib_merge: Preparing to register libfabricjni_so.  onload_func: 0x73a62e0edc
05-08 18:59:10.415 27076 27076 D jni_lib_merge: Preparing to register libreact_devsupportjni_so.  onload_func: 0x73a63b1f40
05-08 18:59:10.415 27076 27076 D jni_lib_merge: Preparing to register libreact_featureflagsjni_so.  onload_func: 0x73a63c49f8
05-08 18:59:10.415 27076 27076 D jni_lib_merge: Preparing to register libreact_newarchdefaults_so.  onload_func: 0x73a63e9e30
05-08 18:59:10.415 27076 27076 D jni_lib_merge: Preparing to register libreactnativeblob_so.  onload_func: 0x73a647c5b0
05-08 18:59:10.415 27076 27076 D jni_lib_merge: Preparing to register libreactnativejni_so.  onload_func: 0x73a6496b24
05-08 18:59:10.415 27076 27076 D jni_lib_merge: Preparing to register libreactnativejni_common_so.  onload_func: 0x73a649d458
05-08 18:59:10.415 27076 27076 D jni_lib_merge: Preparing to register librninstance_so.  onload_func: 0x73a64b9070
05-08 18:59:10.415 27076 27076 D jni_lib_merge: Preparing to register libturbomodulejsijni_so.  onload_func: 0x73a65511a4
05-08 18:59:10.415 27076 27076 D jni_lib_merge: Preparing to register libuimanagerjni_so.  onload_func: 0x73a65587e0
05-08 18:59:10.415 27076 27076 D jni_lib_merge: Preparing to register libyoga_so.  onload_func: 0x73a655fda4
05-08 18:59:10.415 27076 27076 D jni_lib_merge: About to register 11 actual methods.
05-08 18:59:10.418 27076 27076 D nativeloader: Load /data/app/~~_wqwAw-rKuqzZkxJHzVaOg==/com.amovi.app-s-rZeRyna9wVUlsxIGoCCg==/base.apk!/lib/arm64-v8a/libreact_codegen_rnscreens.so using class loader ns clns-10 (caller=/data/app/~~_wqwAw-rKuqzZkxJHzVaOg==/com.amovi.app-s-rZeRyna9wVUlsxIGoCCg==/base.apk!classes3.dex): ok
05-08 18:59:10.418 27076 27076 D jni_lib_merge: Entering merged library JNI_OnLoad.
05-08 18:59:10.418 27076 27076 D jni_lib_merge: Preparing 12 pre-merged libs (including stub)
05-08 18:59:10.418 27076 27076 D jni_lib_merge: Preparing to register libfabricjni_so.  onload_func: 0x73a62e0edc
05-08 18:59:10.418 27076 27076 D jni_lib_merge: Preparing to register libreact_devsupportjni_so.  onload_func: 0x73a63b1f40
05-08 18:59:10.418 27076 27076 D jni_lib_merge: Preparing to register libreact_featureflagsjni_so.  onload_func: 0x73a63c49f8
05-08 18:59:10.418 27076 27076 D jni_lib_merge: Preparing to register libreact_newarchdefaults_so.  onload_func: 0x73a63e9e30
05-08 18:59:10.418 27076 27076 D jni_lib_merge: Preparing to register libreactnativeblob_so.  onload_func: 0x73a647c5b0
05-08 18:59:10.418 27076 27076 D jni_lib_merge: Preparing to register libreactnativejni_so.  onload_func: 0x73a6496b24
05-08 18:59:10.418 27076 27076 D jni_lib_merge: Preparing to register libreactnativejni_common_so.  onload_func: 0x73a649d458
05-08 18:59:10.418 27076 27076 D jni_lib_merge: Preparing to register librninstance_so.  onload_func: 0x73a64b9070
05-08 18:59:10.418 27076 27076 D jni_lib_merge: Preparing to register libturbomodulejsijni_so.  onload_func: 0x73a65511a4
05-08 18:59:10.418 27076 27076 D jni_lib_merge: Preparing to register libuimanagerjni_so.  onload_func: 0x73a65587e0
05-08 18:59:10.418 27076 27076 D jni_lib_merge: Preparing to register libyoga_so.  onload_func: 0x73a655fda4
05-08 18:59:10.418 27076 27076 D jni_lib_merge: About to register 11 actual methods.
05-08 18:59:10.420 27076 27076 D nativeloader: Load /data/app/~~_wqwAw-rKuqzZkxJHzVaOg==/com.amovi.app-s-rZeRyna9wVUlsxIGoCCg==/base.apk!/lib/arm64-v8a/libreact_codegen_RNCSlider.so using class loader ns clns-10 (caller=/data/app/~~_wqwAw-rKuqzZkxJHzVaOg==/com.amovi.app-s-rZeRyna9wVUlsxIGoCCg==/base.apk!classes3.dex): ok
05-08 18:59:10.422 27076 27076 D nativeloader: Load /data/app/~~_wqwAw-rKuqzZkxJHzVaOg==/com.amovi.app-s-rZeRyna9wVUlsxIGoCCg==/base.apk!/lib/arm64-v8a/libreact_codegen_rnsvg.so using class loader ns clns-10 (caller=/data/app/~~_wqwAw-rKuqzZkxJHzVaOg==/com.amovi.app-s-rZeRyna9wVUlsxIGoCCg==/base.apk!classes3.dex): ok
05-08 18:59:10.422 27076 27076 D jni_lib_merge: Entering merged library JNI_OnLoad.
05-08 18:59:10.422 27076 27076 D jni_lib_merge: Preparing 12 pre-merged libs (including stub)
05-08 18:59:10.422 27076 27076 D jni_lib_merge: Preparing to register libfabricjni_so.  onload_func: 0x73a62e0edc
05-08 18:59:10.422 27076 27076 D jni_lib_merge: Preparing to register libreact_devsupportjni_so.  onload_func: 0x73a63b1f40
05-08 18:59:10.422 27076 27076 D jni_lib_merge: Preparing to register libreact_featureflagsjni_so.  onload_func: 0x73a63c49f8
05-08 18:59:10.422 27076 27076 D jni_lib_merge: Preparing to register libreact_newarchdefaults_so.  onload_func: 0x73a63e9e30
05-08 18:59:10.422 27076 27076 D jni_lib_merge: Preparing to register libreactnativeblob_so.  onload_func: 0x73a647c5b0
05-08 18:59:10.422 27076 27076 D jni_lib_merge: Preparing to register libreactnativejni_so.  onload_func: 0x73a6496b24
05-08 18:59:10.422 27076 27076 D jni_lib_merge: Preparing to register libreactnativejni_common_so.  onload_func: 0x73a649d458
05-08 18:59:10.422 27076 27076 D jni_lib_merge: Preparing to register librninstance_so.  onload_func: 0x73a64b9070
05-08 18:59:10.422 27076 27076 D jni_lib_merge: Preparing to register libturbomodulejsijni_so.  onload_func: 0x73a65511a4
05-08 18:59:10.422 27076 27076 D jni_lib_merge: Preparing to register libuimanagerjni_so.  onload_func: 0x73a65587e0
05-08 18:59:10.422 27076 27076 D jni_lib_merge: Preparing to register libyoga_so.  onload_func: 0x73a655fda4
05-08 18:59:10.422 27076 27076 D jni_lib_merge: About to register 11 actual methods.
05-08 18:59:10.423 27076 27076 D nativeloader: Load /data/app/~~_wqwAw-rKuqzZkxJHzVaOg==/com.amovi.app-s-rZeRyna9wVUlsxIGoCCg==/base.apk!/lib/arm64-v8a/libreact_codegen_safeareacontext.so using class loader ns clns-10 (caller=/data/app/~~_wqwAw-rKuqzZkxJHzVaOg==/com.amovi.app-s-rZeRyna9wVUlsxIGoCCg==/base.apk!classes3.dex): ok
05-08 18:59:10.424 27076 27076 D nativeloader: Load /data/app/~~_wqwAw-rKuqzZkxJHzVaOg==/com.amovi.app-s-rZeRyna9wVUlsxIGoCCg==/base.apk!/lib/arm64-v8a/libappmodules.so using class loader ns clns-10 (caller=/data/app/~~_wqwAw-rKuqzZkxJHzVaOg==/com.amovi.app-s-rZeRyna9wVUlsxIGoCCg==/base.apk!classes3.dex): ok
--------- beginning of system
05-08 18:59:10.426 27076 27076 D ActivityThread: com.amovi.app will use render engine as VK
05-08 18:59:10.426 27076 27076 D HWUI    : HWUI - treat SMPTE_170M as sRGB
05-08 18:59:10.427 27076 27115 I DisplayManager: Choreographer implicitly registered for the refresh rate.
05-08 18:59:10.427 27076 27115 D HWUI    : CacheManager constructor. deviceInfo=(1080, 1920)
05-08 18:59:10.427 27076 27115 D vulkan  : searching for layers in '/data/app/~~_wqwAw-rKuqzZkxJHzVaOg==/com.amovi.app-s-rZeRyna9wVUlsxIGoCCg==/lib/arm64'
05-08 18:59:10.427 27076 27115 D vulkan  : searching for layers in '/data/app/~~_wqwAw-rKuqzZkxJHzVaOg==/com.amovi.app-s-rZeRyna9wVUlsxIGoCCg==/base.apk!/lib/arm64-v8a'
05-08 18:59:10.429 27076 27076 D AppCompatDelegate: Checking for metadata for AppLocalesMetadataHolderService : Service not found
05-08 18:59:10.430 27076 27076 E ashmem  : Pinning is deprecated since Android Q. Please use trim or other methods.
05-08 18:59:10.432 27076 27115 E Adreno-AppProfiles: QSPM AIDL service doesn't exist
05-08 18:59:10.432 27076 27115 I AdrenoVK-0: ===== BEGIN DUMP OF OVERRIDDEN SETTINGS =====
05-08 18:59:10.432 27076 27115 I AdrenoVK-0: ===== END DUMP OF OVERRIDDEN SETTINGS =====
05-08 18:59:10.433 27076 27076 D CompatChangeReporter: Compat change id reported: 309578419; UID 10376; state: ENABLED
05-08 18:59:10.434 27076 27076 D DesktopModeFlags: Toggle override initialized to: OVERRIDE_UNSET
05-08 18:59:10.434 27076 27076 I DecorView: setWindowBackground: isPopOver=false color=fffafafa d=android.graphics.drawable.ColorDrawable@b63f74a
05-08 18:59:10.434 27076 27115 D qdgralloc: Fetching IMapper5 from QtiMapper5
05-08 18:59:10.438 27076 27076 W unknown:BridgelessReact: ReactHost{0}.startSurface(surfaceId = 0): Schedule
05-08 18:59:10.438 27076 27076 W unknown:BridgelessReact: ReactHost{0}.attachSurface(surfaceId = 0)
05-08 18:59:10.438 27076 27120 W unknown:BridgelessReact: ReactHost{0}.getOrCreateReactInstanceTask()
05-08 18:59:10.438 27076 27120 W unknown:BridgelessReact: ReactHost{0}.getOrCreateReactInstanceTask(): Start
05-08 18:59:10.438 27076 27120 W unknown:BridgelessReact: ReactHost{0}.getJSBundleLoader()
05-08 18:59:10.438 27076 27076 D PhoneWindow: forceLight changed to false [] from com.android.internal.policy.PhoneWindow.updateForceLightNavigationBar:4584 com.android.internal.policy.PhoneWindow.setNavigationBarColor:4275 com.facebook.react.views.view.WindowUtilKt.enableEdgeToEdge:116 java.lang.reflect.Method.invoke:-2 expo.modules.kotlin.edgeToEdge.EdgeToEdgePackage$createReactActivityLifecycleListeners$1.onCreate:113 
05-08 18:59:10.439 27076 27120 W unknown:BridgelessReact: ReactHost{0}.getOrCreateReactContext(): Creating BridgelessReactContext
05-08 18:59:10.439 27076 27120 W unknown:BridgelessReact: ReactHost{0}.getOrCreateReactInstanceTask(): Creating ReactInstance
05-08 18:59:10.439 27076 27115 I SnapAlloc: Graphics lib is available
05-08 18:59:10.440 27076 27076 W unknown:BridgelessReact: ReactHost{0}.onHostResume(activity)
05-08 18:59:10.440 27076 27076 W unknown:BridgelessReact: ReactContext.onHostResume()
05-08 18:59:10.440 27076 27076 D CompatChangeReporter: Compat change id reported: 352594277; UID 10376; state: ENABLED
05-08 18:59:10.441 27076 27076 D ViewRootImpl: desktopMode is false
05-08 18:59:10.441 27076 27076 D CompatChangeReporter: Compat change id reported: 349153669; UID 10376; state: ENABLED
05-08 18:59:10.444 27076 27076 I ViewRootImpl: dVRR is disabled
05-08 18:59:10.444 27076 27115 I Adreno-UNKNOWN: Using previously loaded IMapper library.
05-08 18:59:10.444 27076 27076 D HardwareRenderer: onDisplayChanged. displayId=0 current wxh=1080x2340 mLargest wxh=0x0
05-08 18:59:10.444 27076 27076 D HardwareRenderer: Set largestWidth and largestHeight as logical resolution. (1080x2340)
05-08 18:59:10.446 27076 27115 I AdrenoVK-0: QUALCOMM build          : e4a2ccdb56, Icac6f3510c
05-08 18:59:10.446 27076 27115 I AdrenoVK-0: Build Date              : 07/21/25
05-08 18:59:10.446 27076 27115 I AdrenoVK-0: Shader Compiler Version : E031.47.18.36
05-08 18:59:10.446 27076 27115 I AdrenoVK-0: Local Branch            : 
05-08 18:59:10.446 27076 27115 I AdrenoVK-0: Remote Branch           : refs/tags/AU_LINUX_ANDROID_LA.VENDOR.15.4.0.11.00.00.1088.743
05-08 18:59:10.446 27076 27115 I AdrenoVK-0: Remote Branch           : NONE
05-08 18:59:10.446 27076 27115 I AdrenoVK-0: Reconstruct Branch      : NOTHING
05-08 18:59:10.446 27076 27115 I AdrenoVK-0: Build Config            : S P 18.0.0 AArch64
05-08 18:59:10.446 27076 27115 I AdrenoVK-0: Driver Path             : /vendor/lib64/hw/vulkan.adreno.so
05-08 18:59:10.446 27076 27115 I AdrenoVK-0: Driver Version          : 0800.40.1
05-08 18:59:10.446 27076 27115 I AdrenoVK-0: PFP                     : 0x01500077
05-08 18:59:10.446 27076 27115 I AdrenoVK-0: ME                      : 0x01500014
05-08 18:59:10.446 27076 27115 I AdrenoVK-0: Application Name    : android framework
05-08 18:59:10.446 27076 27115 I AdrenoVK-0: Application Version : 0x00000000
05-08 18:59:10.446 27076 27115 I AdrenoVK-0: Engine Name         : android framework
05-08 18:59:10.446 27076 27115 I AdrenoVK-0: Engine Version      : 0x00000000
05-08 18:59:10.446 27076 27115 I AdrenoVK-0: Api Version         : 0x00401000
05-08 18:59:10.447 27076 27120 D nativeloader: Load /data/app/~~_wqwAw-rKuqzZkxJHzVaOg==/com.amovi.app-s-rZeRyna9wVUlsxIGoCCg==/base.apk!/lib/arm64-v8a/libhermes.so using class loader ns clns-10 (caller=/data/app/~~_wqwAw-rKuqzZkxJHzVaOg==/com.amovi.app-s-rZeRyna9wVUlsxIGoCCg==/base.apk!classes3.dex): ok
05-08 18:59:10.447 27076 27120 D nativeloader: Load /data/app/~~_wqwAw-rKuqzZkxJHzVaOg==/com.amovi.app-s-rZeRyna9wVUlsxIGoCCg==/base.apk!/lib/arm64-v8a/libhermestooling.so using class loader ns clns-10 (caller=/data/app/~~_wqwAw-rKuqzZkxJHzVaOg==/com.amovi.app-s-rZeRyna9wVUlsxIGoCCg==/base.apk!classes3.dex): ok
05-08 18:59:10.447 27076 27120 D jni_lib_merge: Entering merged library JNI_OnLoad.
05-08 18:59:10.447 27076 27120 D jni_lib_merge: Preparing 4 pre-merged libs (including stub)
05-08 18:59:10.447 27076 27120 D jni_lib_merge: Preparing to register libhermes_executor_so.  onload_func: 0x73aa4634b0
05-08 18:59:10.447 27076 27120 D jni_lib_merge: Preparing to register libhermesinstancejni_so.  onload_func: 0x73aa46a900
05-08 18:59:10.447 27076 27120 D jni_lib_merge: Preparing to register libjsijniprofiler_so.  onload_func: 0x73aa46b0ec
05-08 18:59:10.447 27076 27120 D jni_lib_merge: About to register 3 actual methods.
05-08 18:59:10.448 27076 27115 D HWUI    : setMaxSurfaceArea requested wxh=(1080,2340) requestedSurfaceArea(2527200) mMaxSurfaceArea(2073600)
05-08 18:59:10.448 27076 27115 D NativeCustomFrequencyManager: [NativeCFMS] BpCustomFrequencyManager::BpCustomFrequencyManager()
05-08 18:59:10.450 27076 27076 D InputTransport: Input channel constructed: 'b325c03', fd=114
05-08 18:59:10.450 27076 27076 I InsetsController: onStateChanged: host=com.amovi.app/com.amovi.app.MainActivity, from=android.view.ViewRootImpl.onInsetsStateChanged:3026, state=InsetsState: {mDisplayFrame=Rect(0, 0 - 1080, 2340), mDisplayCutout=DisplayCutout{insets=Rect(0, 85 - 0, 0) waterfall=Insets{left=0, top=0, right=0, bottom=0} boundingRect={Bounds=[Rect(0, 0 - 0, 0), Rect(514, 0 - 566, 85), Rect(0, 0 - 0, 0), Rect(0, 0 - 0, 0)]} cutoutPathParserInfo={CutoutPathParserInfo{displayWidth=1080 displayHeight=2340 physicalDisplayWidth=1080 physicalDisplayHeight=2340 density={2.8125} cutoutSpec={M 0,0 H -9.333333333333333 V 30.13333333333333 H 9.333333333333333 V 0 H 0 Z @dp} rotation={0} scale={1.0} physicalPixelDisplaySizeRatio={1.0}}} sideOverrides={}}, mRoundedCorners=RoundedCorners{[RoundedCorner{position=TopLeft, radius=42, center=Point(42, 42)}, RoundedCorner{position=TopRight, radius=42, center=Point(1038, 42)}, RoundedCorner{position=BottomRight, radius=42, center=Point(1038, 2298)}, RoundedCorner{position=BottomLeft, radius=42, center=Point(42, 2298)}]}  mRoundedCornerFrame=Rect(0, 0 - 1080, 2340), mPrivacyIndicatorBounds=PrivacyIndicatorBounds {static bounds=Rect(956, 0 - 1080, 85) rotation=0}, mDisplayShape=DisplayShape{ spec=-311912193 displayWidth=1080 displayHeight=2340 physicalPixelDisplaySizeRatio=0.75 rotation=0 offsetX=0 offsetY=0 scale=1.0}, mSources= { InsetsSource: {3 mType=ime mFrame=[0,0][0,0] mVisible=false mFlags= mSideHint=NONE mBoundingRects=null}, InsetsSource: {27 mType=displayCutout mFrame=[0,0][1080,85] mVisible=true mFlags= mSideHint=TOP mBoundingRects=null}, InsetsSource: {1300000 mType=statusBars mFrame=[0,0][1080,85] mVisible=true mFlags= mSideHint=TOP mBoundingRects=null}, InsetsSource: {1300005 mType=mandatorySystemGestures mFrame=[0,0][1080,119] mVisible=true mFlags= mSideHint=TOP mBoundingRects=null}, InsetsSource: {1300006 mType=tappableElement mFrame=[0,0][1080,85] mVisible=true mFlags= mSideHint=TOP mBoundingRects=null}, InsetsSource: {2720001 mType=navigationBars mFrame=[0,2205][1080,2340] mVisible=true mFlags= mSideHint=BOTTOM mBoundingRects=null}, InsetsSource: {2720004 mType=systemGestures mFrame=[0,0][0,0] mVisible=true mFlags= mSideHint=NONE mBoundingRects=null}, InsetsSource: {2720005 mType=mandatorySystemGestures mFrame=[0,2205][1080,2340] mVisible=true mFlags= mSideHint=BOTTOM mBoundingRects=null}, InsetsSource: {2720006 mType=tappableElement mFrame=[0,2205][1080,2340] mVisible=true mFlags= mSideHint=BOTTOM mBoundingRects=null}, InsetsSource: {2720024 mType=systemGestures mFrame=[0,0][0,0] mVisible=true mFlags= mSideHint=NONE mBoundingRects=null} }
05-08 18:59:10.450 27076 27076 I VRI[MainActivity]@3ae448b: synced displayState. AttachInfo displayState=2
05-08 18:59:10.450 27076 27076 I VRI[MainActivity]@3ae448b: setView = com.android.internal.policy.DecorView@1ef0d6 IsHRR=false mFlingFrameRateChange=0 TM=true
05-08 18:59:10.450 27076 27076 I IDS_TAG : Starting IDS observe window
05-08 18:59:10.450 27076 27076 I IDS_TAG : Getting Shared Preference for com.amovi.app.MainApplication@2bd0684 uid = 10376
05-08 18:59:10.451 27076 27076 I IDS_TAG : App com.amovi.app.MainApplication@2bd0684 has not finished training
05-08 18:59:10.451 27076 27115 D HWUI    : HWUI - treat SMPTE_170M as sRGB
05-08 18:59:10.451 27076 27076 I IDS_TAG : Closing IDS observe window
05-08 18:59:10.451 27076 27076 I IDS_TAG : Getting Shared Preference for com.amovi.app.MainApplication@2bd0684 uid = 10376
05-08 18:59:10.451 27076 27076 I IDS_TAG : IDS count updated to 1 for com.amovi.app.MainApplication@2bd0684
05-08 18:59:10.452 27076 27120 D RNFBAppCheck: isAppCheckCollectionEnabled via RNFBMeta: true
05-08 18:59:10.452 27076 27120 D RNFBAppCheck: isAppCheckTokenRefreshEnabled final value: true
05-08 18:59:10.454 27076 27076 E com.amovi.app: Unable to open libpenguin.so: dlopen failed: library "libpenguin.so" not found.
05-08 18:59:10.454 27076 27076 I BufferQueueProducer: [](id:69c400000000,api:0,p:-424690640,c:27076) setDequeueTimeout:2077252342
05-08 18:59:10.454 27076 27076 I BLASTBufferQueue_Java: new BLASTBufferQueue, mName= VRI[MainActivity]@3ae448b mNativeObject= 0xb4000075c6b162e0 caller= android.view.ViewRootImpl.updateBlastSurfaceIfNeeded:3585 android.view.ViewRootImpl.relayoutWindow:11685 android.view.ViewRootImpl.performTraversals:4804 android.view.ViewRootImpl.doTraversal:3924 android.view.ViewRootImpl$TraversalRunnable.run:12903 android.view.Choreographer$CallbackRecord.run:1901 android.view.Choreographer$CallbackRecord.run:1910 android.view.Choreographer.doCallbacks:1367 android.view.Choreographer.doFrame:1292 android.view.Choreographer$FrameDisplayEventReceiver.run:1870 
05-08 18:59:10.454 27076 27076 I BLASTBufferQueue_Java: update, w= 1080 h= 2340 mName = VRI[MainActivity]@3ae448b mNativeObject= 0xb4000075c6b162e0 sc.mNativeObject= 0xb4000075b6aea090 format= -1 caller= android.view.ViewRootImpl.updateBlastSurfaceIfNeeded:3590 android.view.ViewRootImpl.relayoutWindow:11685 android.view.ViewRootImpl.performTraversals:4804 android.view.ViewRootImpl.doTraversal:3924 android.view.ViewRootImpl$TraversalRunnable.run:12903 android.view.Choreographer$CallbackRecord.run:1901 
05-08 18:59:10.454 27076 27076 I VRI[MainActivity]@3ae448b: Relayout returned: old=(0,0,1080,2340) new=(0,0,1080,2340) relayoutAsync=false req=(1080,2340)0 dur=2 res=0x3 s={true 0xb4000075f6b02280} ch=true seqId=0
05-08 18:59:10.454 27076 27120 D nativeloader: Load /data/app/~~_wqwAw-rKuqzZkxJHzVaOg==/com.amovi.app-s-rZeRyna9wVUlsxIGoCCg==/base.apk!/lib/arm64-v8a/libexpo-av.so using class loader ns clns-10 (caller=/data/app/~~_wqwAw-rKuqzZkxJHzVaOg==/com.amovi.app-s-rZeRyna9wVUlsxIGoCCg==/base.apk!classes5.dex): ok
05-08 18:59:10.454 27076 27076 I VRI[MainActivity]@3ae448b: performConfigurationChange setNightDimText nightDimLevel=0
05-08 18:59:10.455 27076 27076 D VRI[MainActivity]@3ae448b: mThreadedRenderer.initialize() mSurface={isValid=true 0xb4000075f6b02280} hwInitialized=true
05-08 18:59:10.455 27076 27076 D VRI[MainActivity]@3ae448b: reportNextDraw android.view.ViewRootImpl.performTraversals:5443 android.view.ViewRootImpl.doTraversal:3924 android.view.ViewRootImpl$TraversalRunnable.run:12903 android.view.Choreographer$CallbackRecord.run:1901 android.view.Choreographer$CallbackRecord.run:1910 
05-08 18:59:10.455 27076 27076 D VRI[MainActivity]@3ae448b: Canceling draw. cancelDueToPreDrawListener=true cancelDueToSync=false
05-08 18:59:10.469 27076 27120 I ExpoModulesCore: ✅ AppContext was initialized
05-08 18:59:10.473 27076 27076 I InsetsSourceConsumer: applyRequestedVisibilityToControl: visible=true, type=navigationBars, host=com.amovi.app/com.amovi.app.MainActivity
05-08 18:59:10.473 27076 27076 I InsetsSourceConsumer: applyRequestedVisibilityToControl: visible=true, type=statusBars, host=com.amovi.app/com.amovi.app.MainActivity
05-08 18:59:10.479 27076 27120 W unknown:BridgelessReact: ReactHost{0}.getOrCreateReactInstanceTask(): Loading JS Bundle
05-08 18:59:10.479 27076 27120 W unknown:BridgelessReact: ReactHost{0}.getOrCreateReactInstanceTask(): Calling DevSupportManagerBase.onNewReactContextCreated(reactContext)
05-08 18:59:10.479 27076 27120 W unknown:BridgelessReact: ReactHost{0}.startSurface(surfaceId = 0): Execute
05-08 18:59:10.481 27076 27076 W unknown:BridgelessReact: ReactContext.onHostResume()
05-08 18:59:10.481 27076 27076 W unknown:BridgelessReact: ReactHost{0}.getOrCreateReactInstanceTask(): Executing ReactInstanceEventListeners
05-08 18:59:10.489 27076 27121 D nativeloader: Load /data/app/~~_wqwAw-rKuqzZkxJHzVaOg==/com.amovi.app-s-rZeRyna9wVUlsxIGoCCg==/base.apk!/lib/arm64-v8a/libexpo-modules-core.so using class loader ns clns-10 (caller=/data/app/~~_wqwAw-rKuqzZkxJHzVaOg==/com.amovi.app-s-rZeRyna9wVUlsxIGoCCg==/base.apk!classes3.dex): ok
05-08 18:59:10.497 27076 27121 D CompatChangeReporter: Compat change id reported: 63938206; UID 10376; state: ENABLED
05-08 18:59:10.498 27076 27121 W unknown:ViewManagerPropertyUpdater: Could not find generated setter for class com.swmansion.rnscreens.ScreenFooterManager
05-08 18:59:10.499 27076 27121 W unknown:ViewManagerPropertyUpdater: Could not find generated setter for class com.facebook.react.uimanager.LayoutShadowNode
05-08 18:59:10.499 27076 27121 W unknown:ViewManagerPropertyUpdater: Could not find generated setter for class com.swmansion.rnscreens.gamma.tabs.TabScreenViewManager
05-08 18:59:10.500 27076 27121 W unknown:ViewManagerPropertyUpdater: Could not find generated setter for class expo.modules.kotlin.views.GroupViewManagerWrapper
05-08 18:59:10.500 27076 27121 W unknown:ViewManagerPropertyUpdater: Could not find generated setter for class com.swmansion.rnscreens.ScreenContainerViewManager
05-08 18:59:10.500 27076 27121 W unknown:ViewManagerPropertyUpdater: Could not find generated setter for class com.reactnativecommunity.slider.ReactSliderManager
05-08 18:59:10.501 27076 27121 W unknown:ViewManagerPropertyUpdater: Could not find generated setter for class com.swmansion.rnscreens.gamma.tabs.TabsHostViewManager
05-08 18:59:10.501 27076 27121 W unknown:ViewManagerPropertyUpdater: Could not find generated setter for class com.swmansion.rnscreens.ModalScreenViewManager
05-08 18:59:10.501 27076 27121 W unknown:ViewManagerPropertyUpdater: Could not find generated setter for class com.th3rdwave.safeareacontext.SafeAreaViewManager
05-08 18:59:10.501 27076 27121 W unknown:ViewManagerPropertyUpdater: Could not find generated setter for class com.th3rdwave.safeareacontext.SafeAreaViewShadowNode
05-08 18:59:10.501 27076 27121 W unknown:ViewManagerPropertyUpdater: Could not find generated setter for class com.swmansion.rnscreens.ScreenViewManager
05-08 18:59:10.502 27076 27121 W unknown:ViewManagerPropertyUpdater: Could not find generated setter for class expo.modules.kotlin.views.SimpleViewManagerWrapper
05-08 18:59:10.502 27076 27121 W unknown:ViewManagerPropertyUpdater: Could not find generated setter for class com.swmansion.rnscreens.ScreenStackViewManager
05-08 18:59:10.502 27076 27121 W unknown:ViewManagerPropertyUpdater: Could not find generated setter for class com.airbnb.android.react.lottie.LottieAnimationViewManager
05-08 18:59:10.502 27076 27121 W unknown:ViewManagerPropertyUpdater: Could not find generated setter for class com.th3rdwave.safeareacontext.SafeAreaProviderManager
05-08 18:59:10.503 27076 27121 W unknown:ViewManagerPropertyUpdater: Could not find generated setter for class com.swmansion.rnscreens.SearchBarManager
05-08 18:59:10.503 27076 27121 W unknown:ViewManagerPropertyUpdater: Could not find generated setter for class com.reactnativecommunity.webview.RNCWebViewManager
05-08 18:59:10.504 27076 27121 W unknown:ViewManagerPropertyUpdater: Could not find generated setter for class com.swmansion.rnscreens.ScreenStackHeaderConfigViewManager
05-08 18:59:10.504 27076 27121 W unknown:ViewManagerPropertyUpdater: Could not find generated setter for class com.swmansion.rnscreens.ScreenContentWrapperManager
05-08 18:59:10.504 27076 27121 W unknown:ViewManagerPropertyUpdater: Could not find generated setter for class com.reactnativegooglesignin.RNGoogleSigninButtonViewManager
05-08 18:59:10.504 27076 27121 W unknown:ViewManagerPropertyUpdater: Could not find generated setter for class com.swmansion.rnscreens.ScreenStackHeaderSubviewManager
05-08 18:59:10.511 27076 27121 W unknown:ViewManagerPropertyUpdater: Could not find generated setter for class com.horcrux.svg.RenderableViewManager$DefsViewManager
05-08 18:59:10.511 27076 27121 W unknown:ViewManagerPropertyUpdater: Could not find generated setter for class com.horcrux.svg.VirtualViewManager$RenderableShadowNode
05-08 18:59:10.511 27076 27121 W unknown:ViewManagerPropertyUpdater: Could not find generated setter for class com.horcrux.svg.RenderableViewManager$FeMergeManager
05-08 18:59:10.512 27076 27121 W unknown:ViewManagerPropertyUpdater: Could not find generated setter for class com.facebook.react.views.safeareaview.ReactSafeAreaViewManager
05-08 18:59:10.512 27076 27121 W unknown:ViewManagerPropertyUpdater: Could not find generated setter for class com.facebook.react.views.safeareaview.ReactSafeAreaViewShadowNode
05-08 18:59:10.512 27076 27121 W unknown:ViewManagerPropertyUpdater: Could not find generated setter for class com.horcrux.svg.RenderableViewManager$LinearGradientManager
05-08 18:59:10.512 27076 27121 W unknown:ViewManagerPropertyUpdater: Could not find generated setter for class com.horcrux.svg.RenderableViewManager$FeGaussianBlurManager
05-08 18:59:10.513 27076 27121 W unknown:ViewManagerPropertyUpdater: Could not find generated setter for class com.facebook.react.views.progressbar.ReactProgressBarViewManager
05-08 18:59:10.513 27076 27121 W unknown:ViewManagerPropertyUpdater: Could not find generated setter for class com.facebook.react.views.progressbar.ProgressBarShadowNode
05-08 18:59:10.513 27076 27121 W unknown:ViewManagerPropertyUpdater: Could not find generated setter for class com.facebook.react.views.scroll.ReactHorizontalScrollViewManager
05-08 18:59:10.514 27076 27121 W unknown:ViewManagerPropertyUpdater: Could not find generated setter for class com.facebook.react.views.text.ReactTextViewManager
05-08 18:59:10.514 27076 27121 W unknown:ViewManagerPropertyUpdater: Could not find generated setter for class com.facebook.react.views.text.ReactTextShadowNode
05-08 18:59:10.514 27076 27121 W unknown:ViewManagerPropertyUpdater: Could not find generated setter for class com.horcrux.svg.RenderableViewManager$FeColorMatrixManager
05-08 18:59:10.515 27076 27121 W unknown:ViewManagerPropertyUpdater: Could not find generated setter for class com.facebook.react.views.scroll.ReactHorizontalScrollContainerViewManager
05-08 18:59:10.515 27076 27121 W unknown:ViewManagerPropertyUpdater: Could not find generated setter for class com.horcrux.svg.RenderableViewManager$ClipPathViewManager
05-08 18:59:10.515 27076 27121 W unknown:ViewManagerPropertyUpdater: Could not find generated setter for class com.horcrux.svg.RenderableViewManager$SymbolManager
05-08 18:59:10.516 27076 27121 W unknown:ViewManagerPropertyUpdater: Could not find generated setter for class com.horcrux.svg.RenderableViewManager$PatternManager
05-08 18:59:10.516 27076 27121 W unknown:ViewManagerPropertyUpdater: Could not find generated setter for class com.horcrux.svg.RenderableViewManager$FeBlendManager
05-08 18:59:10.516 27076 27121 W unknown:ViewManagerPropertyUpdater: Could not find generated setter for class com.facebook.react.views.view.ReactViewManager
05-08 18:59:10.517 27076 27121 W unknown:ViewManagerPropertyUpdater: Could not find generated setter for class com.horcrux.svg.SvgViewManager
05-08 18:59:10.517 27076 27121 W unknown:ViewManagerPropertyUpdater: Could not find generated setter for class com.facebook.react.views.switchview.ReactSwitchManager
05-08 18:59:10.517 27076 27121 W unknown:ViewManagerPropertyUpdater: Could not find generated setter for class com.facebook.react.views.switchview.ReactSwitchShadowNode
05-08 18:59:10.517 27076 27121 W unknown:ViewManagerPropertyUpdater: Could not find generated setter for class com.horcrux.svg.RenderableViewManager$UseViewManager
05-08 18:59:10.518 27076 27121 W unknown:ViewManagerPropertyUpdater: Could not find generated setter for class com.horcrux.svg.RenderableViewManager$CircleViewManager
05-08 18:59:10.518 27076 27121 W unknown:ViewManagerPropertyUpdater: Could not find generated setter for class com.horcrux.svg.RenderableViewManager$TSpanViewManager
05-08 18:59:10.519 27076 27121 W unknown:ViewManagerPropertyUpdater: Could not find generated setter for class com.horcrux.svg.RenderableViewManager$FilterManager
05-08 18:59:10.519 27076 27121 W unknown:ViewManagerPropertyUpdater: Could not find generated setter for class com.horcrux.svg.RenderableViewManager$MarkerManager
05-08 18:59:10.519 27076 27121 W unknown:ViewManagerPropertyUpdater: Could not find generated setter for class com.swmansion.gesturehandler.react.RNGestureHandlerButtonViewManager
05-08 18:59:10.520 27076 27121 W unknown:ViewManagerPropertyUpdater: Could not find generated setter for class com.facebook.react.views.modal.ReactModalHostManager
05-08 18:59:10.520 27076 27121 W unknown:ViewManagerPropertyUpdater: Could not find generated setter for class com.horcrux.svg.RenderableViewManager$ForeignObjectManager
05-08 18:59:10.520 27076 27121 W unknown:ViewManagerPropertyUpdater: Could not find generated setter for class com.horcrux.svg.RenderableViewManager$EllipseViewManager
05-08 18:59:10.521 27076 27121 W unknown:ViewManagerPropertyUpdater: Could not find generated setter for class com.horcrux.svg.RenderableViewManager$LineViewManager
05-08 18:59:10.521 27076 27121 W unknown:ViewManagerPropertyUpdater: Could not find generated setter for class com.facebook.react.views.text.frescosupport.FrescoBasedReactTextInlineImageViewManager
05-08 18:59:10.521 27076 27121 W unknown:ViewManagerPropertyUpdater: Could not find generated setter for class com.facebook.react.views.text.frescosupport.FrescoBasedReactTextInlineImageShadowNode
05-08 18:59:10.521 27076 27121 W unknown:ViewManagerPropertyUpdater: Could not find generated setter for class com.horcrux.svg.RenderableViewManager$FeFloodManager
05-08 18:59:10.522 27076 27121 W unknown:ViewManagerPropertyUpdater: Could not find generated setter for class com.horcrux.svg.RenderableViewManager$GroupViewManager
05-08 18:59:10.522 27076 27121 W unknown:ViewManagerPropertyUpdater: Could not find generated setter for class com.horcrux.svg.RenderableViewManager$TextViewManager
05-08 18:59:10.522 27076 27121 W unknown:ViewManagerPropertyUpdater: Could not find generated setter for class com.horcrux.svg.RenderableViewManager$ImageViewManager
05-08 18:59:10.523 27076 27121 W unknown:ViewManagerPropertyUpdater: Could not find generated setter for class com.horcrux.svg.RenderableViewManager$FeCompositeManager
05-08 18:59:10.523 27076 27121 W unknown:ViewManagerPropertyUpdater: Could not find generated setter for class com.facebook.react.views.image.ReactImageManager
05-08 18:59:10.523 27076 27121 W unknown:ViewManagerPropertyUpdater: Could not find generated setter for class com.horcrux.svg.RenderableViewManager$RadialGradientManager
05-08 18:59:10.524 27076 27121 W unknown:ViewManagerPropertyUpdater: Could not find generated setter for class com.horcrux.svg.RenderableViewManager$MaskManager
05-08 18:59:10.524 27076 27121 W unknown:ViewManagerPropertyUpdater: Could not find generated setter for class com.facebook.react.views.unimplementedview.ReactUnimplementedViewManager
05-08 18:59:10.524 27076 27121 W unknown:ViewManagerPropertyUpdater: Could not find generated setter for class com.horcrux.svg.RenderableViewManager$RectViewManager
05-08 18:59:10.525 27076 27121 W unknown:ViewManagerPropertyUpdater: Could not find generated setter for class com.horcrux.svg.RenderableViewManager$TextPathViewManager
05-08 18:59:10.525 27076 27121 W unknown:ViewManagerPropertyUpdater: Could not find generated setter for class com.facebook.react.views.scroll.ReactScrollViewManager
05-08 18:59:10.526 27076 27121 W unknown:ViewManagerPropertyUpdater: Could not find generated setter for class com.horcrux.svg.RenderableViewManager$FeOffsetManager
05-08 18:59:10.526 27076 27121 W unknown:ViewManagerPropertyUpdater: Could not find generated setter for class com.horcrux.svg.RenderableViewManager$PathViewManager
05-08 18:59:10.526 27076 27121 W unknown:ViewManagerPropertyUpdater: Could not find generated setter for class com.facebook.react.views.drawer.ReactDrawerLayoutManager
05-08 18:59:10.527 27076 27121 W unknown:ViewManagerPropertyUpdater: Could not find generated setter for class com.facebook.react.views.text.ReactVirtualTextViewManager
05-08 18:59:10.527 27076 27121 W unknown:ViewManagerPropertyUpdater: Could not find generated setter for class com.facebook.react.views.text.ReactVirtualTextShadowNode
05-08 18:59:10.527 27076 27121 W unknown:ViewManagerPropertyUpdater: Could not find generated setter for class com.facebook.react.views.swiperefresh.SwipeRefreshLayoutManager
05-08 18:59:10.527 27076 27121 W unknown:ViewManagerPropertyUpdater: Could not find generated setter for class com.facebook.react.views.text.ReactRawTextManager
05-08 18:59:10.527 27076 27121 W unknown:ViewManagerPropertyUpdater: Could not find generated setter for class com.facebook.react.views.text.ReactRawTextShadowNode
05-08 18:59:10.527 27076 27121 W unknown:ViewManagerPropertyUpdater: Could not find generated setter for class com.facebook.react.views.textinput.ReactTextInputManager
05-08 18:59:10.528 27076 27121 W unknown:ViewManagerPropertyUpdater: Could not find generated setter for class com.facebook.react.views.textinput.ReactTextInputShadowNode
05-08 18:59:10.528 27076 27121 W unknown:ViewManagerPropertyUpdater: Could not find generated setter for class com.swmansion.gesturehandler.react.RNGestureHandlerRootViewManager
05-08 18:59:10.529 27076 27121 E AVManager: Cannot install JSI bindings for AV module because JS context is not available
05-08 18:59:10.529 27076 27121 W BridgelessReactContext: [WARNING] Bridgeless doesn't support CatalystInstance. Accessing an API that's not part of the new architecture is not encouraged usage.
05-08 18:59:10.530 27076 27121 I ExpoModulesCore: ✅ JSI interop was installed
05-08 18:59:10.532 27076 27121 I ExpoModulesCore: ✅ Constants were exported
05-08 18:59:10.539 27076 27121 D nativeloader: Load /data/app/~~_wqwAw-rKuqzZkxJHzVaOg==/com.amovi.app-s-rZeRyna9wVUlsxIGoCCg==/base.apk!/lib/arm64-v8a/libworklets.so using class loader ns clns-10 (caller=/data/app/~~_wqwAw-rKuqzZkxJHzVaOg==/com.amovi.app-s-rZeRyna9wVUlsxIGoCCg==/base.apk!classes3.dex): ok
05-08 18:59:10.545 27076 27121 D nativeloader: Load /data/app/~~_wqwAw-rKuqzZkxJHzVaOg==/com.amovi.app-s-rZeRyna9wVUlsxIGoCCg==/base.apk!/lib/arm64-v8a/libreanimated.so using class loader ns clns-10 (caller=/data/app/~~_wqwAw-rKuqzZkxJHzVaOg==/com.amovi.app-s-rZeRyna9wVUlsxIGoCCg==/base.apk!classes3.dex): ok
05-08 18:59:10.563 27076 27121 V AsyncStorageExpoMigration: No scoped database found
05-08 18:59:10.569 27076 27121 D ConnectivityManager: StackLog: [android.net.ConnectivityManager.sendRequestForNetwork(ConnectivityManager.java:4736)] [android.net.ConnectivityManager.registerDefaultNetworkCallbackForUid(ConnectivityManager.java:5461)] [android.net.ConnectivityManager.registerDefaultNetworkCallback(ConnectivityManager.java:5428)] [android.net.ConnectivityManager.registerDefaultNetworkCallback(ConnectivityManager.java:5402)] [com.reactnativecommunity.netinfo.NetworkCallbackConnectivityReceiver.register(NetworkCallbackConnectivityReceiver.java:62)] [com.reactnativecommunity.netinfo.NetInfoModule.initialize(NetInfoModule.java:40)] [com.facebook.react.internal.turbomodule.core.TurboModuleManager.getOrCreateModule(TurboModuleManager.kt:259)] [com.facebook.react.internal.turbomodule.core.TurboModuleManager.getModule(TurboModuleManager.kt:201)] [com.facebook.react.internal.turbomodule.core.TurboModuleManager.getLegacyCxxModule(TurboModuleManager.kt:127)] [com.facebook.jni.NativeRunnable.run(Native Method)]
05-08 18:59:10.574 27076 27121 D nativeloader: Load /data/app/~~_wqwAw-rKuqzZkxJHzVaOg==/com.amovi.app-s-rZeRyna9wVUlsxIGoCCg==/base.apk!/lib/arm64-v8a/librnscreens.so using class loader ns clns-10 (caller=/data/app/~~_wqwAw-rKuqzZkxJHzVaOg==/com.amovi.app-s-rZeRyna9wVUlsxIGoCCg==/base.apk!classes5.dex): ok
05-08 18:59:10.581 27076 27121 W ReactNativeJS: [expo-av]: Expo AV has been deprecated and will be removed in SDK 54. Use the `expo-audio` and `expo-video` packages to replace the required functionality.
05-08 18:59:10.617 27076 27121 W ReactNativeJS: This method is deprecated (as well as all React Native Firebase namespaced API) and will be removed in the next major release as part of move to match Firebase Web modular SDK API. Please see migration guide for more details: https://rnfirebase.io/migrating-to-v22 Please use `getApp()` instead.
05-08 18:59:10.617 27076 27121 W ReactNativeJS: This method is deprecated (as well as all React Native Firebase namespaced API) and will be removed in the next major release as part of move to match Firebase Web modular SDK API. Please see migration guide for more details: https://rnfirebase.io/migrating-to-v22 Please use `getApp()` instead.
05-08 18:59:10.617 27076 27122 D RNFBAppCheck: configureProvider - appName/providerName/debugToken: [DEFAULT]/playIntegrity/null
05-08 18:59:10.617 27076 27122 D RNFBAppCheck: ProviderFactory::configure - appName/providerName/debugToken: [DEFAULT]/playIntegrity/null
05-08 18:59:10.617 27076 27122 D RNFBAppCheck: Provider::configure with appName/providerName/debugToken: [DEFAULT]/playIntegrity/null
05-08 18:59:10.617 27076 27121 I ReactNativeJS: Running "main"
05-08 18:59:10.618 27076 27122 D RNFBAppCheck: ProviderFactory::create - fetching provider for app [DEFAULT]
05-08 18:59:10.627 27076 27121 D nativeloader: Load /data/app/~~_wqwAw-rKuqzZkxJHzVaOg==/com.amovi.app-s-rZeRyna9wVUlsxIGoCCg==/base.apk!/lib/arm64-v8a/libgesturehandler.so using class loader ns clns-10 (caller=/data/app/~~_wqwAw-rKuqzZkxJHzVaOg==/com.amovi.app-s-rZeRyna9wVUlsxIGoCCg==/base.apk!classes3.dex): ok
05-08 18:59:10.627 27076 27121 D jni_lib_merge: Entering merged library JNI_OnLoad.
05-08 18:59:10.627 27076 27121 D jni_lib_merge: Preparing 12 pre-merged libs (including stub)
05-08 18:59:10.627 27076 27121 D jni_lib_merge: Preparing to register libfabricjni_so.  onload_func: 0x73a62e0edc
05-08 18:59:10.627 27076 27121 D jni_lib_merge: Preparing to register libreact_devsupportjni_so.  onload_func: 0x73a63b1f40
05-08 18:59:10.627 27076 27121 D jni_lib_merge: Preparing to register libreact_featureflagsjni_so.  onload_func: 0x73a63c49f8
05-08 18:59:10.627 27076 27121 D jni_lib_merge: Preparing to register libreact_newarchdefaults_so.  onload_func: 0x73a63e9e30
05-08 18:59:10.627 27076 27121 D jni_lib_merge: Preparing to register libreactnativeblob_so.  onload_func: 0x73a647c5b0
05-08 18:59:10.627 27076 27121 D jni_lib_merge: Preparing to register libreactnativejni_so.  onload_func: 0x73a6496b24
05-08 18:59:10.627 27076 27121 D jni_lib_merge: Preparing to register libreactnativejni_common_so.  onload_func: 0x73a649d458
05-08 18:59:10.627 27076 27121 D jni_lib_merge: Preparing to register librninstance_so.  onload_func: 0x73a64b9070
05-08 18:59:10.627 27076 27121 D jni_lib_merge: Preparing to register libturbomodulejsijni_so.  onload_func: 0x73a65511a4
05-08 18:59:10.627 27076 27121 D jni_lib_merge: Preparing to register libuimanagerjni_so.  onload_func: 0x73a65587e0
05-08 18:59:10.627 27076 27121 D jni_lib_merge: Preparing to register libyoga_so.  onload_func: 0x73a655fda4
05-08 18:59:10.627 27076 27121 D jni_lib_merge: About to register 11 actual methods.
05-08 18:59:10.632 27076 27076 I ReactNative: [GESTURE HANDLER] Initialize gesture handler for root view com.facebook.react.runtime.ReactSurfaceView{8ef1541 V.E...... ......ID 0,0-1080,2340 #1}
05-08 18:59:10.632 27076 27076 D VRI[MainActivity]@3ae448b: Setup new sync=wmsSync-VRI[MainActivity]@3ae448b#0
05-08 18:59:10.632 27076 27076 I VRI[MainActivity]@3ae448b: Creating new active sync group VRI[MainActivity]@3ae448b#1
05-08 18:59:10.633 27076 27076 D VRI[MainActivity]@3ae448b: Draw frame after cancel
05-08 18:59:10.633 27076 27076 D VRI[MainActivity]@3ae448b: registerCallbacksForSync syncBuffer=false
05-08 18:59:10.633 27076 27125 D VRI[MainActivity]@3ae448b: Received frameDrawingCallback syncResult=0 frameNum=1.
05-08 18:59:10.633 27076 27125 I VRI[MainActivity]@3ae448b: mWNT: t=0xb400007636b36390 mBlastBufferQueue=0xb4000075c6b162e0 fn= 1 HdrRenderState mRenderHdrSdrRatio=1.0 caller= android.view.ViewRootImpl$12.onFrameDraw:15441 android.view.ThreadedRenderer$1.onFrameDraw:718 <bottom of call stack> 
05-08 18:59:10.633 27076 27125 I VRI[MainActivity]@3ae448b: Setting up sync and frameCommitCallback
05-08 18:59:10.633 27076 27115 I AdrenoUtils: <ReadGpuID:366>: Reading chip ID through GSL
05-08 18:59:10.650 27076 27115 I BLASTBufferQueue: [VRI[MainActivity]@3ae448b#0](f:0,a:0,s:0) onFrameAvailable the first frame is available
05-08 18:59:10.650 27076 27115 I SurfaceComposerClient: apply transaction with the first frame. layerId: 4440, bufferData(ID: 116290534506499, frameNumber: 1)
05-08 18:59:10.650 27076 27115 I VRI[MainActivity]@3ae448b: Received frameCommittedCallback lastAttemptedDrawFrameNum=1 didProduceBuffer=true
05-08 18:59:10.651 27076 27115 D HWUI    : CFMS:: SetUp Pid : 27076    Tid : 27115
05-08 18:59:10.651 27076 27076 D VRI[MainActivity]@3ae448b: reportDrawFinished seqId=0
05-08 18:59:10.661 27076 27122 W unknown:ReactNative: StatusBarModule: Ignored status bar change, current activity is edge-to-edge.
05-08 18:59:10.661 27076 27122 W unknown:ReactNative: StatusBarModule: Ignored status bar change, current activity is edge-to-edge.
05-08 18:59:10.665 27076 27076 W [RNScreens]: backTitleVisible prop is not available on Android
05-08 18:59:10.665 27076 27076 W [RNScreens]: backTitleFontFamily prop is not available on Android
05-08 18:59:10.665 27076 27076 W [RNScreens]: disableBackButtonMenu prop is not available on Android
05-08 18:59:10.665 27076 27076 W [RNScreens]: largeTitleFontFamily prop is not available on Android
05-08 18:59:10.665 27076 27076 W [RNScreens]: largeTitleFontWeight prop is not available on Android
05-08 18:59:10.665 27076 27076 W [RNScreens]: largeTitleHideShadow prop is not available on Android
05-08 18:59:10.671 27076 27076 I BLASTBufferQueue_Java: update, w= 1080 h= 2340 mName = VRI[MainActivity]@3ae448b mNativeObject= 0xb4000075c6b162e0 sc.mNativeObject= 0xb4000075b6aea090 format= -1 caller= android.view.ViewRootImpl.updateBlastSurfaceIfNeeded:3574 android.view.ViewRootImpl.relayoutWindow:11685 android.view.ViewRootImpl.performTraversals:4804 android.view.ViewRootImpl.doTraversal:3924 android.view.ViewRootImpl$TraversalRunnable.run:12903 android.view.Choreographer$CallbackRecord.run:1901 
05-08 18:59:10.671 27076 27076 I VRI[MainActivity]@3ae448b: Relayout returned: old=(0,0,1080,2340) new=(0,0,1080,2340) relayoutAsync=true req=(1080,2340)0 dur=0 res=0x0 s={true 0xb4000075f6b02280} ch=false seqId=0
05-08 18:59:10.671 27076 27076 I VRI[MainActivity]@3ae448b: registerCallbackForPendingTransactions
