05-11 23:05:26.505  1238  1238 D io_stats: !@ Write_top(KB): kworker/u17:2:/(28441) 1468 droid.rubin.app:low(11718) 40 soft.appmanager:low(29600) 16
05-11 23:05:26.654  1841 12806 I vendor.qti.bluetooth@1.0-ibs_handler: ProcessIbsCmd: Received IBS_WAKE_IND: 0xFD
05-11 23:05:26.654  1841 12806 D vendor.qti.bluetooth@1.0-ibs_handler: SerialClockVote: vote for UART CLK ON
05-11 23:05:26.655  1841 12806 D vendor.qti.bluetooth@1.0-wake_lock: Acquire wakelock is acquired 
05-11 23:05:26.655  1841 12806 I vendor.qti.bluetooth@1.0-ibs_handler: ProcessIbsCmd: Writing IBS_WAKE_ACK
05-11 23:05:26.666 12691 12812 I ScanController: onScanResult to scannerId: 1- eventType=0x1b, addressType=0, address=XX:XX:XX:XX:E2:84, primaryPhy=1, secondaryPhy=0, advertisingSid=0xff, txPower=127, rssi=-80, periodicAdvInt=0x0
05-11 23:05:26.668 15983 18864 I BCMGR[11.2.04.4]: BeaconMainController] onReceive - [1 : ST packet!][2 : ST packet!][3 : ST packet!][4 : ST packet!][5 : ST packet!][6 : ST packet!][7 : ST packet!][8 : ST packet!][9 : bad rssi][10 : bad rssi]
05-11 23:05:26.679 12691 12812 I ScanController: onScanResult to scannerId: 1- eventType=0x1b, addressType=0, address=XX:XX:XX:XX:5E:72, primaryPhy=1, secondaryPhy=0, advertisingSid=0xff, txPower=127, rssi=-66, periodicAdvInt=0x0
05-11 23:05:26.682 10821 11335 I [-0500]oneconnect[1.8.45.24_01][BEACON_MANAGER_CONTROL_SERVICE]: BleParserForSamsungConnect.parseSamsungConnectPacket_V3 - |name:($)-J(7)|deviceType:SAMSUNG_OCF_SETUP|discoverType:_BLE|services:None|connected:false[Status]0[OcfInfo]69[SetupNet]4[Calm] false true false[Tx]-2147483648 not set
05-11 23:05:26.686 10821  4943 I [-0500]oneconnect[1.8.45.24_01][BEACON_MANAGER_CONTROL_SERVICE]: ChildAccount.isChildAccountSupported - providerVersion=1.7
05-11 23:05:26.690 12489 12606 I SamsungAccount: [AccountManagerProvider] isChildAccount
05-11 23:05:26.690 12489 12606 I SamsungAccount: [AccountManagerProvider] Calling package : android.oneconnect.
05-11 23:05:26.694 12489 12606 I SamsungAccount: [SignatureInfoDbHelper] searchOnUser(fromDb) - [10/6iado][android.oneconnect.][64/3291d] => matched
05-11 23:05:26.694 12489 12606 I SamsungAccount: [AccountManagerProvider] This is the access of the allowed application
05-11 23:05:26.694 12489 12606 I SamsungAccount: [AccountManagerUtil] isSamsungAccountSignedIn : true
05-11 23:05:26.696 12489 12606 I SamsungAccount: [TPMU]  SIMState     :SIM_STATE_ABSENT
05-11 23:05:26.697 12489 12606 I SamsungAccount: [ChildAccountSupportedListManager] getSupportedListFromPreference from cache
05-11 23:05:26.698 12489 12606 I SamsungAccount: [TPMU]  SIMState     :SIM_STATE_ABSENT
05-11 23:05:26.698 12489 12606 I SamsungAccount: [FamilyGroupUtil] meetKoreaCountryCondition(beforeSignUp=false): false
05-11 23:05:26.699 12489 12606 I SamsungAccount: [ChildAccountSupportedListManager] getSupportedListFromPreference from cache
05-11 23:05:26.700 12489 12606 I SamsungAccount: [TPMU]  SIMState     :SIM_STATE_ABSENT
05-11 23:05:26.700 12489 12606 I SamsungAccount: [FamilyGroupUtil] signUpMcc mismatched
05-11 23:05:26.700 12489 12606 I SamsungAccount: [FamilyGroupUtil] meetServerCountryCondition(beforeSignUp=false): false
05-11 23:05:26.700 12489 12606 I SamsungAccount: [FamilyGroupUtil] isSupportFamilyService: false
05-11 23:05:26.700 10821  4943 I [-0500]oneconnect[1.8.45.24_01][BEACON_MANAGER_CONTROL_SERVICE]: ChildAccount.isChild - result_code = 1, result_message = It is not a supported feature
05-11 23:05:26.702 10821  4943 I [-0500]oneconnect[1.8.45.24_01][BEACON_MANAGER_CONTROL_SERVICE]: [EasySetup]EasySetupDevice.setDeviceType - type : UNKNOWN
05-11 23:05:26.703 10821  4943 I [-0500]oneconnect[1.8.45.24_01][BEACON_MANAGER_CONTROL_SERVICE]: [EasySetup]EasySetupDevice.setDeviceType - type : UNKNOWN
05-11 23:05:26.706 10821  4943 I [-0500]oneconnect[1.8.45.24_01][BEACON_MANAGER_CONTROL_SERVICE]: ChildAccount.isChildAccountSupported - providerVersion=1.7
05-11 23:05:26.707 12489 12606 I SamsungAccount: [AccountManagerProvider] isChildAccount
05-11 23:05:26.707 12489 12606 I SamsungAccount: [AccountManagerProvider] Calling package : android.oneconnect.
05-11 23:05:26.710 12489 12606 I SamsungAccount: [SignatureInfoDbHelper] searchOnUser(fromDb) - [10/6iado][android.oneconnect.][64/3291d] => matched
05-11 23:05:26.710 12489 12606 I SamsungAccount: [AccountManagerProvider] This is the access of the allowed application
05-11 23:05:26.710 12489 12606 I SamsungAccount: [AccountManagerUtil] isSamsungAccountSignedIn : true
05-11 23:05:26.711 12489 12606 I SamsungAccount: [TPMU]  SIMState     :SIM_STATE_ABSENT
05-11 23:05:26.712 12489 12606 I SamsungAccount: [ChildAccountSupportedListManager] getSupportedListFromPreference from cache
05-11 23:05:26.713 12489 12606 I SamsungAccount: [TPMU]  SIMState     :SIM_STATE_ABSENT
05-11 23:05:26.713 12489 12606 I SamsungAccount: [FamilyGroupUtil] meetKoreaCountryCondition(beforeSignUp=false): false
05-11 23:05:26.713 12489 12606 I SamsungAccount: [ChildAccountSupportedListManager] getSupportedListFromPreference from cache
05-11 23:05:26.714 12489 12606 I SamsungAccount: [TPMU]  SIMState     :SIM_STATE_ABSENT
05-11 23:05:26.714 12489 12606 I SamsungAccount: [FamilyGroupUtil] signUpMcc mismatched
05-11 23:05:26.714 12489 12606 I SamsungAccount: [FamilyGroupUtil] meetServerCountryCondition(beforeSignUp=false): false
05-11 23:05:26.714 12489 12606 I SamsungAccount: [FamilyGroupUtil] isSupportFamilyService: false
05-11 23:05:26.714 10821  4943 I [-0500]oneconnect[1.8.45.24_01][BEACON_MANAGER_CONTROL_SERVICE]: ChildAccount.isChild - result_code = 1, result_message = It is not a supported feature
05-11 23:05:26.715 10821  4943 I [-0500]oneconnect[1.8.45.24_01][BEACON_MANAGER_CONTROL_SERVICE]: BeaconManagerUtil.isBeaconManagerEnabled - true
05-11 23:05:26.718  1841 12806 I vendor.qti.bluetooth@1.0-ibs_handler: ProcessIbsCmd: Received IBS_SLEEP_IND: 0xFE
05-11 23:05:26.718  1841 12806 D vendor.qti.bluetooth@1.0-ibs_handler: SerialClockVote: vote for UART CLK OFF
05-11 23:05:26.797  1841 12806 I vendor.qti.bluetooth@1.0-ibs_handler: ProcessIbsCmd: Received IBS_WAKE_IND: 0xFD
05-11 23:05:26.797  1841 12806 D vendor.qti.bluetooth@1.0-ibs_handler: SerialClockVote: vote for UART CLK ON
05-11 23:05:26.797  1841 12806 I vendor.qti.bluetooth@1.0-ibs_handler: ProcessIbsCmd: Writing IBS_WAKE_ACK
05-11 23:05:26.807 12691 12812 I ScanController: onScanResult to scannerId: 1- eventType=0x1b, addressType=0, address=XX:XX:XX:XX:5E:72, primaryPhy=1, secondaryPhy=0, advertisingSid=0xff, txPower=127, rssi=-66, periodicAdvInt=0x0
05-11 23:05:26.810 12691 12812 I ScanController: onScanResult to scannerId: 1- eventType=0x1b, addressType=0, address=XX:XX:XX:XX:E2:84, primaryPhy=1, secondaryPhy=0, advertisingSid=0xff, txPower=127, rssi=-81, periodicAdvInt=0x0
05-11 23:05:26.847  1841 12806 I vendor.qti.bluetooth@1.0-ibs_handler: ProcessIbsCmd: Received IBS_SLEEP_IND: 0xFE
05-11 23:05:26.847  1841 12806 D vendor.qti.bluetooth@1.0-ibs_handler: SerialClockVote: vote for UART CLK OFF
05-11 23:05:27.000  1841 12776 D vendor.qti.bluetooth@1.0-wake_lock: Release wakelock is released 
05-11 23:05:27.036  1856 27123 I sensors-hal: handle_sns_std_sensor_event:408, [SSC_LIGHT] P: 8(8),c:0,b:38,m:13,cl:0,l:8,s:0,l0:1376,l1:0,s0:0,s1:0,acl:1,opr:0.32,f(r):96,u(bl):100,if:96,wi:0,si:0,0(N:0)
05-11 23:05:27.416  1931  2015 E HeatmapThread: ECT Thread time in milliseconds: 1778558727
05-11 23:05:27.420  1931  2015 D HeatmapThread: !@ batteryplugType : 2
05-11 23:05:27.421  1931  2015 D HeatmapThread: !@ batteryLevel : 80  batteryTemperature : 277 
05-11 23:05:27.421  1931  2015 D HeatmapThread: !@ Heatmap currtime: 29642645
05-11 23:05:27.421  1931  2015 D HeatmapThread: !@ Heatmap prevtime: 29642634
05-11 23:05:27.421  1931  2015 D HeatmapThread: !@ Heatmap plugstarttime: 29631117
05-11 23:05:27.421  1931  2015 D HeatmapThread: !@ Heatmap prevv_dsoh_update_time: 29642635
05-11 23:05:27.421  1931  2015 E HeatmapThread: !@ CAM New BSOH: 100
05-11 23:05:27.421  1931  2015 E HeatmapThread: !@ CAM is Working
05-11 23:05:27.744  1856  4411 I sensors-hal: handle_sns_client_event:202, auto_rotation_debug_2 mode,255, type,1,0 acc,0.024,0.254,9.844, ar,0, ver,14, pedo,1,e,1,i,3
05-11 23:05:28.260  2696  4321 V SemStrongRssiRoaming: POLL (Rssi:-52 MinRssi:-55 Guard:1)
05-11 23:05:28.263 29569 29569 I wpa_sslib: cmd: GETNCHOMODE
05-11 23:05:28.264 29569 29569 I wpa_sslib: Response: GETNCHOMODE 0
05-11 23:05:28.266  2696  4321 D SemStrongRssiRoaming:  Cancel partial scan
05-11 23:05:28.293  2696  4295 I SemWifiServiceDetector: Service det. resumed: T / T / 29743
05-11 23:05:28.413  1841 12806 I vendor.qti.bluetooth@1.0-ibs_handler: ProcessIbsCmd: Received IBS_WAKE_IND: 0xFD
05-11 23:05:28.413  1841 12806 D vendor.qti.bluetooth@1.0-ibs_handler: SerialClockVote: vote for UART CLK ON
05-11 23:05:28.413  1841 12806 D vendor.qti.bluetooth@1.0-wake_lock: Acquire wakelock is acquired 
05-11 23:05:28.413  1841 12806 I vendor.qti.bluetooth@1.0-ibs_handler: ProcessIbsCmd: Writing IBS_WAKE_ACK
05-11 23:05:28.414  1931  2015 E HeatmapThread: ECT Thread time in milliseconds: 1778558728
05-11 23:05:28.416  1931  2015 D HeatmapThread: !@ batteryplugType : 2
05-11 23:05:28.416  1931  2015 D HeatmapThread: !@ batteryLevel : 80  batteryTemperature : 277 
05-11 23:05:28.416  1931  2015 D HeatmapThread: !@ Heatmap currtime: 29642645
05-11 23:05:28.416  1931  2015 D HeatmapThread: !@ Heatmap prevtime: 29642634
05-11 23:05:28.416  1931  2015 D HeatmapThread: !@ Heatmap plugstarttime: 29631117
05-11 23:05:28.416  1931  2015 D HeatmapThread: !@ Heatmap prevv_dsoh_update_time: 29642635
05-11 23:05:28.416  1931  2015 E HeatmapThread: !@ CAM New BSOH: 100
05-11 23:05:28.416  1931  2015 E HeatmapThread: !@ CAM is Working
05-11 23:05:28.422 12691 12812 I ScanController: onScanResult to scannerId: 2- eventType=0x1b, addressType=0, address=XX:XX:XX:XX:91:89, primaryPhy=1, secondaryPhy=0, advertisingSid=0xff, txPower=127, rssi=-82, periodicAdvInt=0x0
05-11 23:05:28.444 12691 12812 I ScanController: onScanResult to scannerId: 1- eventType=0x1b, addressType=0, address=XX:XX:XX:XX:5E:72, primaryPhy=1, secondaryPhy=0, advertisingSid=0xff, txPower=127, rssi=-69, periodicAdvInt=0x0
05-11 23:05:28.463 12691 12812 I ScanController: onScanResult to scannerId: 1- eventType=0x1b, addressType=0, address=XX:XX:XX:XX:3C:27, primaryPhy=1, secondaryPhy=0, advertisingSid=0xff, txPower=127, rssi=-70, periodicAdvInt=0x0
05-11 23:05:28.467 10821 11335 I [-0500]oneconnect[1.8.45.24_01][BEACON_MANAGER_CONTROL_SERVICE]: TvOcfParser.onReceive - TV Popup Onboarding is skipped - ($)
05-11 23:05:28.498  1841 12806 I vendor.qti.bluetooth@1.0-ibs_handler: ProcessIbsCmd: Received IBS_SLEEP_IND: 0xFE
05-11 23:05:28.498  1841 12806 D vendor.qti.bluetooth@1.0-ibs_handler: SerialClockVote: vote for UART CLK OFF
05-11 23:05:28.506  1841 12806 I vendor.qti.bluetooth@1.0-ibs_handler: ProcessIbsCmd: Received IBS_WAKE_IND: 0xFD
05-11 23:05:28.506  1841 12806 D vendor.qti.bluetooth@1.0-ibs_handler: SerialClockVote: vote for UART CLK ON
05-11 23:05:28.506  1841 12806 I vendor.qti.bluetooth@1.0-ibs_handler: ProcessIbsCmd: Writing IBS_WAKE_ACK
05-11 23:05:28.509 12691 12812 I ScanController: onScanResult to scannerId: 2- eventType=0x1b, addressType=0, address=XX:XX:XX:XX:91:89, primaryPhy=1, secondaryPhy=0, advertisingSid=0xff, txPower=127, rssi=-82, periodicAdvInt=0x0
05-11 23:05:28.515 12691 12812 I ScanController: onScanResult to scannerId: 1- eventType=0x1b, addressType=0, address=XX:XX:XX:XX:E2:84, primaryPhy=1, secondaryPhy=0, advertisingSid=0xff, txPower=127, rssi=-78, periodicAdvInt=0x0
05-11 23:05:28.558  1841 12806 I vendor.qti.bluetooth@1.0-ibs_handler: ProcessIbsCmd: Received IBS_SLEEP_IND: 0xFE
05-11 23:05:28.558  1841 12806 D vendor.qti.bluetooth@1.0-ibs_handler: SerialClockVote: vote for UART CLK OFF
05-11 23:05:28.558  1841 12806 I vendor.qti.bluetooth@1.0-ibs_handler: ProcessIbsCmd: Received IBS_WAKE_IND: 0xFD
05-11 23:05:28.558  1841 12806 D vendor.qti.bluetooth@1.0-ibs_handler: SerialClockVote: vote for UART CLK ON
05-11 23:05:28.558  1841 12806 I vendor.qti.bluetooth@1.0-ibs_handler: ProcessIbsCmd: Writing IBS_WAKE_ACK
05-11 23:05:28.561 12691 12812 I ScanController: onScanResult to scannerId: 1- eventType=0x1b, addressType=0, address=XX:XX:XX:XX:3C:27, primaryPhy=1, secondaryPhy=0, advertisingSid=0xff, txPower=127, rssi=-70, periodicAdvInt=0x0
05-11 23:05:28.602  1841 12806 I vendor.qti.bluetooth@1.0-ibs_handler: ProcessIbsCmd: Received IBS_SLEEP_IND: 0xFE
05-11 23:05:28.603  1841 12806 D vendor.qti.bluetooth@1.0-ibs_handler: SerialClockVote: vote for UART CLK OFF
05-11 23:05:28.615  1841 12806 I vendor.qti.bluetooth@1.0-ibs_handler: ProcessIbsCmd: Received IBS_WAKE_IND: 0xFD
05-11 23:05:28.615  1841 12806 D vendor.qti.bluetooth@1.0-ibs_handler: SerialClockVote: vote for UART CLK ON
05-11 23:05:28.615  1841 12806 I vendor.qti.bluetooth@1.0-ibs_handler: ProcessIbsCmd: Writing IBS_WAKE_ACK
05-11 23:05:28.621 12691 12812 I ScanController: onScanResult to scannerId: 1- eventType=0x1b, addressType=0, address=XX:XX:XX:XX:5E:72, primaryPhy=1, secondaryPhy=0, advertisingSid=0xff, txPower=127, rssi=-69, periodicAdvInt=0x0
05-11 23:05:28.658  1841 12806 I vendor.qti.bluetooth@1.0-ibs_handler: ProcessIbsCmd: Received IBS_SLEEP_IND: 0xFE
05-11 23:05:28.659  1841 12806 D vendor.qti.bluetooth@1.0-ibs_handler: SerialClockVote: vote for UART CLK OFF
05-11 23:05:28.812  1841 12776 D vendor.qti.bluetooth@1.0-wake_lock: Release wakelock is released 
05-11 23:05:29.107  2696  4159 E WifiStaIfaceAidlImpl: getCachedScanData failed with service-specific exception: android.os.ServiceSpecificException:  (code 4)
05-11 23:05:29.113  2696  9022 D SemWifiUsabilityStatsMonitor: onWifiUsabilityStats - seqNum 171461, isSameBssidAndFreq true
05-11 23:05:29.114  2696  4297 I SemWifiLinkQualityMonitor: Link stat: 543 / 19 / 1.33 (12) / 540 / -52.0 || 100.0 : 540.00 / 0.5 : 0.75 / 0.55 : 0.03 / G (G) || a63c1c075560: 0.089 / 89.460 / N || N N / 0 0 / Y 2.0 / Y X 0 / 738685259 0 || Invalid
05-11 23:05:29.114  2696  4298 D InsDataManager: onOutageCountUpdate() - Outage Data: 0, LQ : Y. Outage Triggered: false
05-11 23:05:29.114  2696  4298 D InsDataManager: Trying to save initial normal data.
05-11 23:05:29.114  2696  4298 D SensorCollector: syncMappedBuffers: 0, 0, 0
05-11 23:05:29.114  2696  4298 D InsDataManager: trimBuffers start.
05-11 23:05:29.114  2696  4298 D InsDataManager: trimBuffers - nsmBuffer size: 26
05-11 23:05:29.114  2696  4319 D SGM:GameManager: identifyGamePackage. com.google.android.permissioncontroller, mCurrentUserId: 0, callingMethodInfo: com.samsung.android.game.SemGameManager.isGamePackage(SemGameManager.java:106)
05-11 23:05:29.114  2696  4319 D SGM:SemGameManager: isGamePackage(), pkgName=com.google.android.permissioncontroller, ret=false
05-11 23:05:29.114  2696  4298 D InsDataManager: Too short for collecting additional normal data
05-11 23:05:29.115  2696  4298 D SemInsManager: {"bssid": "a63c1c075560","rssi": -52.0,"latency": 0.08942550183771558,"outage_count": 0,"lq_callback_triggered": true,"outage_log": "Link stat: 543 / 19 / 1.33 (12) / 540 / -52.0 || 100.0 : 540.00 / 0.5 : 0.75 / 0.55 : 0.03 / G (G) || a63c1c075560: 0.089 / 89.460 / N || N N / 0 0 / Y 2.0 / Y X 0 / 738685259 0 || Invalid""Magnetic Sensor Events size": "0""Pressure Sensor Events size": "0"}
05-11 23:05:29.199 30075 30075 I SLPASVC : onStartJob                                                                                          [at com.samsung.euicc.lpaService.NotificationJobService.onStartJob(NotificationJobService.java:17)]
05-11 23:05:29.199 30075 30075 I SLPASVC : start NotificationService                                                                           [at com.samsung.euicc.lpaService.NotificationJobService.onStartJob(NotificationJobService.java:27)]
05-11 23:05:29.199 30075 30075 W ContextImpl: Calling a method in the system process without a qualified user: android.app.ContextImpl.startService:2068 android.content.ContextWrapper.startService:872 com.samsung.euicc.lpaService.NotificationJobService.onStartJob:28 android.app.job.JobService$1.onStartJob:118 android.app.job.JobServiceEngine$JobHandler.handleMessage:169 
05-11 23:05:29.202 30075 30075 I SLPASVC : onStartCommand()                                                                                    [at com.samsung.euicc.lpaService.NotificationService.onStartCommand(NotificationService.java:42)]
05-11 23:05:29.203 30075 30310 I SLPASVC : +sendNotifications                                                                                  [at com.samsung.euicc.lpaService.NotificationService$NotificationHandler.sendNotifications(NotificationService$NotificationHandler.java:68)]
05-11 23:05:29.204 30075 30310 I SLPASVC : -sendNotifications                                                                                  [at com.samsung.euicc.lpaService.NotificationService$NotificationHandler.sendNotifications(NotificationService$NotificationHandler.java:78)]
05-11 23:05:29.204 30075 30075 I SLPASVC : +onDestroy(): Handler (com.samsung.euicc.lpaService.NotificationService$NotificationHandler) {c6a48b8}[at com.samsung.euicc.lpaService.NotificationService.onDestroy(NotificationService.java:25)]
05-11 23:05:29.204 30075 30075 I SLPASVC : -onDestroy()                                                                                        [at com.samsung.euicc.lpaService.NotificationService.onDestroy(NotificationService.java:31)]
05-11 23:05:29.280  2696  4268 D BackgroundInstallControlService: Package event received: 0
05-11 23:05:29.281  2696  4268 D BackgroundInstallControlService: Package event received: 0
05-11 23:05:29.281  2696  7952 I ActivityManager: Changes in 10122 19 to 10, 128 to 0
05-11 23:05:29.282 24815 24815 D BoundBrokerSvc: onUnbind: Intent { act=com.google.android.gms.inappreach.service.START dat=chimera-action:/... xflg=0x4 cmp=com.google.android.gms/.chimera.GmsApiService }
05-11 23:05:29.291  1968  2045 I VSyncReactor: Current= 120, Period= 120, Distance= 0
05-11 23:05:29.300  1968  2045 I VSyncReactor: Current= 120, Period= 120, Distance= 120
05-11 23:05:29.414  1931  2015 E HeatmapThread: ECT Thread time in milliseconds: 1778558729
05-11 23:05:29.415  1931  2015 D HeatmapThread: !@ batteryplugType : 2
05-11 23:05:29.415  1931  2015 D HeatmapThread: !@ batteryLevel : 80  batteryTemperature : 277 
05-11 23:05:29.415  1931  2015 D HeatmapThread: !@ Heatmap currtime: 29642645
05-11 23:05:29.415  1931  2015 D HeatmapThread: !@ Heatmap prevtime: 29642634
05-11 23:05:29.415  1931  2015 D HeatmapThread: !@ Heatmap plugstarttime: 29631117
05-11 23:05:29.415  1931  2015 D HeatmapThread: !@ Heatmap prevv_dsoh_update_time: 29642635
05-11 23:05:29.415  1931  2015 E HeatmapThread: !@ CAM New BSOH: 100
05-11 23:05:29.415  1931  2015 E HeatmapThread: !@ CAM is Working
05-11 23:05:29.420  2696  2876 I system_server: Background concurrent mark compact GC freed 42MB AllocSpace bytes, 319(6920KB) LOS objects, 30% free, 109MB/157MB, paused 1.458ms,4.347ms total 309.208ms
05-11 23:05:29.424  2696  2878 W System  : A resource failed to call release. 
05-11 23:05:29.442  1862 30245 I HYPER-HAL: [RequestManager.cpp]releaseLocked(): Released ID : 3686989
05-11 23:05:29.624  1894  2981 I thermal_core: pivot(AP) : 285, skin : 289
05-11 23:05:29.656  1859 21677 D AHAL_ModulePrimary_QTI: getVendorParameters: id count: 1
05-11 23:05:29.656  1859 21677 I PAL: ResourceManager: getActiveStream_l: 6569: no active streams found for device 3 ret -2
05-11 23:05:29.656  1859 21677 D AHAL_SecModulePrimary: onGetSECGenericParameters get temperature for g_hw_speaker_amp_temp_rcv: 0
05-11 23:05:29.657  1859 10677 D AHAL_ModulePrimary_QTI: getVendorParameters: id count: 1
05-11 23:05:29.657  1859 10677 I PAL: ResourceManager: getActiveStream_l: 6569: no active streams found for device 3 ret -2
05-11 23:05:29.657  1859 10677 D AHAL_SecModulePrimary: onGetSECGenericParameters get temperature for g_hw_speaker_amp_temp_spk: 0
05-11 23:05:29.658  6827  7585 I SDHMS:x : SIOP:: AP:285 BAT:277 USB:274 CHG:284 PA:290 WIFI:287 CF:283 BLK:0 SUBBAT:0 LRPTHM:279 SKIN:290 SKINF:288 SKINB:290 LRP:290 LRF:288 LRB:290 APT:288 APR:289 RCV:281 SPK:274 CHGF:285 CHGR:287 MEMF:287 MEMR:288 WIFIF:288 WIFIR:290 FCAM:274 UPSPK:280 DNSPK:274 VAP:284 VWIFI:288 AMB2:245 HIGH:0 AVGCUR:-26 POWER:-108
05-11 23:05:29.659  6827  7585 I AudioManager: setParameters keyValuePairs = g_hw_speaker_amp_temp_spk=27
05-11 23:05:29.659  1916  2996 D AudioFlinger: setParameters: filtered dev setParameters keyvalue g_hw_speaker_amp_temp_spk=27
05-11 23:05:29.660  1859 10677 D AHAL_HFP_QTI: hfp_set_parameters enter
05-11 23:05:29.660  1859 10677 D AHAL_HFP_QTI: hfp_set_parameters Exit
05-11 23:05:29.660  1859 10677 D AHAL_SecModulePrimary: processSetVendorParameters: configured g_hw_speaker_amp_temp_spk
05-11 23:05:29.660  1859 10677 D AHAL_SecModulePrimary: processSetVendorParameters: handler set on Feature:0
05-11 23:05:29.660  1859 10677 D AHAL_SecModulePrimary: onSetSECGenericParameters set temperature for g_hw_speaker_amp_temp_spk: 27
05-11 23:05:29.660  1859 10677 I PAL: API: pal_set_param: 1377: Enter: param id 3002
05-11 23:05:29.660  1859 10677 I PAL: ResourceManager: getActiveStream_l: 6569: no active streams found for device 3 ret -2
05-11 23:05:29.661  1916  2996 E ConversionHelperAidl: Function: parseAndSetVendorParameters Line: 94 Failed 
05-11 23:05:29.661  1916  2996 E ConversionHelperAidl: Function: parseAndSetVendorParameters Line: 94 Failed 
05-11 23:05:29.661  6827  7585 I AudioManager: setParameters keyValuePairs = g_hw_speaker_amp_temp_rcv=28
05-11 23:05:29.662  1916  2996 D AudioFlinger: setParameters: filtered dev setParameters keyvalue g_hw_speaker_amp_temp_rcv=28
05-11 23:05:29.662  1859 10677 D AHAL_HFP_QTI: hfp_set_parameters enter
05-11 23:05:29.662  1859 10677 D AHAL_HFP_QTI: hfp_set_parameters Exit
05-11 23:05:29.662  1859 10677 D AHAL_SecModulePrimary: processSetVendorParameters: configured g_hw_speaker_amp_temp_rcv
05-11 23:05:29.662  1859 10677 D AHAL_SecModulePrimary: processSetVendorParameters: handler set on Feature:0
05-11 23:05:29.662  1859 10677 D AHAL_SecModulePrimary: onSetSECGenericParameters set temperature for g_hw_speaker_amp_temp_rcv: 28
05-11 23:05:29.662  1859 10677 I PAL: API: pal_set_param: 1377: Enter: param id 3001
05-11 23:05:29.662  1859 10677 I PAL: ResourceManager: getActiveStream_l: 6569: no active streams found for device 3 ret -2
05-11 23:05:29.663  1916  2996 E ConversionHelperAidl: Function: parseAndSetVendorParameters Line: 94 Failed 
05-11 23:05:29.663  1916  2996 E ConversionHelperAidl: Function: parseAndSetVendorParameters Line: 94 Failed 
05-11 23:05:29.870 29569 29569 I wpa_supplicant: Heartbeat 4918
05-11 23:05:30.323  1841 12806 I vendor.qti.bluetooth@1.0-ibs_handler: ProcessIbsCmd: Received IBS_WAKE_IND: 0xFD
05-11 23:05:30.323  1841 12806 D vendor.qti.bluetooth@1.0-ibs_handler: SerialClockVote: vote for UART CLK ON
05-11 23:05:30.323  1841 12806 D vendor.qti.bluetooth@1.0-wake_lock: Acquire wakelock is acquired 
05-11 23:05:30.323  1841 12806 I vendor.qti.bluetooth@1.0-ibs_handler: ProcessIbsCmd: Writing IBS_WAKE_ACK
05-11 23:05:30.333 12691 12812 I ScanController: onScanResult to scannerId: 1- eventType=0x1b, addressType=0, address=XX:XX:XX:XX:3C:27, primaryPhy=1, secondaryPhy=0, advertisingSid=0xff, txPower=127, rssi=-74, periodicAdvInt=0x0
05-11 23:05:30.350 12691 12812 I ScanController: onScanResult to scannerId: 1- eventType=0x1b, addressType=0, address=XX:XX:XX:XX:5E:72, primaryPhy=1, secondaryPhy=0, advertisingSid=0xff, txPower=127, rssi=-71, periodicAdvInt=0x0
05-11 23:05:30.351 15983 18864 I BCMGR[11.2.04.4]: BeaconMainController] onReceive - [1 : bad rssi][2 : ST packet!][3 : ST packet!][4 : bad rssi][5 : ST packet!][6 : ST packet!][7 : bad rssi][8 : ST packet!][9 : ST packet!][10 : bad rssi]
05-11 23:05:30.353 10821 11335 I [-0500]oneconnect[1.8.45.24_01][BEACON_MANAGER_CONTROL_SERVICE]: BleParserForSamsungConnect.parseSamsungConnectPacket_V3 - |name:($)-J(7)|deviceType:SAMSUNG_OCF_SETUP|discoverType:_BLE|services:None|connected:false[Status]0[OcfInfo]69[SetupNet]4[Calm] false true false[Tx]-2147483648 not set
05-11 23:05:30.358 10821  4943 I [-0500]oneconnect[1.8.45.24_01][BEACON_MANAGER_CONTROL_SERVICE]: [EasySetup]EasySetupDevice.setDeviceType - type : UNKNOWN
05-11 23:05:30.359 10821  4943 I [-0500]oneconnect[1.8.45.24_01][BEACON_MANAGER_CONTROL_SERVICE]: [EasySetup]EasySetupDevice.setDeviceType - type : UNKNOWN
05-11 23:05:30.362 10821  4943 I [-0500]oneconnect[1.8.45.24_01][BEACON_MANAGER_CONTROL_SERVICE]: BeaconManagerUtil.isBeaconManagerEnabled - true
05-11 23:05:30.363 12691 12812 I ScanController: onScanResult to scannerId: 2- eventType=0x1b, addressType=0, address=XX:XX:XX:XX:91:89, primaryPhy=1, secondaryPhy=0, advertisingSid=0xff, txPower=127, rssi=-84, periodicAdvInt=0x0
05-11 23:05:30.372 12691 12812 I ScanController: onScanResult to scannerId: 1- eventType=0x1b, addressType=0, address=XX:XX:XX:XX:E2:84, primaryPhy=1, secondaryPhy=0, advertisingSid=0xff, txPower=127, rssi=-79, periodicAdvInt=0x0
05-11 23:05:30.411  1841 12806 I vendor.qti.bluetooth@1.0-ibs_handler: ProcessIbsCmd: Received IBS_SLEEP_IND: 0xFE
05-11 23:05:30.411  1841 12806 D vendor.qti.bluetooth@1.0-ibs_handler: SerialClockVote: vote for UART CLK OFF
05-11 23:05:30.414  1931  2015 E HeatmapThread: ECT Thread time in milliseconds: 1778558730
05-11 23:05:30.415  1931  2015 D HeatmapThread: !@ batteryplugType : 2
05-11 23:05:30.415  1931  2015 D HeatmapThread: !@ batteryLevel : 80  batteryTemperature : 277 
05-11 23:05:30.415  1931  2015 D HeatmapThread: !@ Heatmap currtime: 29642645
05-11 23:05:30.416  1931  2015 D HeatmapThread: !@ Heatmap prevtime: 29642634
05-11 23:05:30.416  1931  2015 D HeatmapThread: !@ Heatmap plugstarttime: 29631117
05-11 23:05:30.416  1931  2015 D HeatmapThread: !@ Heatmap prevv_dsoh_update_time: 29642635
05-11 23:05:30.416  1931  2015 E HeatmapThread: !@ CAM New BSOH: 100
05-11 23:05:30.416  1841 12806 I vendor.qti.bluetooth@1.0-ibs_handler: ProcessIbsCmd: Received IBS_WAKE_IND: 0xFD
05-11 23:05:30.416  1841 12806 D vendor.qti.bluetooth@1.0-ibs_handler: SerialClockVote: vote for UART CLK ON
05-11 23:05:30.416  1841 12806 I vendor.qti.bluetooth@1.0-ibs_handler: ProcessIbsCmd: Writing IBS_WAKE_ACK
05-11 23:05:30.416  1931  2015 E HeatmapThread: !@ CAM is Working
05-11 23:05:30.420 12691 12812 I ScanController: onScanResult to scannerId: 1- eventType=0x1b, addressType=0, address=XX:XX:XX:XX:5E:72, primaryPhy=1, secondaryPhy=0, advertisingSid=0xff, txPower=127, rssi=-71, periodicAdvInt=0x0
05-11 23:05:30.429 12691 12812 I ScanController: onScanResult to scannerId: 1- eventType=0x1b, addressType=0, address=XX:XX:XX:XX:3C:27, primaryPhy=1, secondaryPhy=0, advertisingSid=0xff, txPower=127, rssi=-74, periodicAdvInt=0x0
05-11 23:05:30.439 12691 12812 I ScanController: onScanResult to scannerId: 1- eventType=0x1b, addressType=0, address=XX:XX:XX:XX:3C:27, primaryPhy=1, secondaryPhy=0, advertisingSid=0xff, txPower=127, rssi=-74, periodicAdvInt=0x0
05-11 23:05:30.476 12691 12812 I ScanController: onScanResult to scannerId: 2- eventType=0x1b, addressType=0, address=XX:XX:XX:XX:E2:84, primaryPhy=1, secondaryPhy=0, advertisingSid=0xff, txPower=127, rssi=-80, periodicAdvInt=0x0
05-11 23:05:30.485 12691 12812 I ScanController: onScanResult to scannerId: 2- eventType=0x1b, addressType=0, address=XX:XX:XX:XX:91:89, primaryPhy=1, secondaryPhy=0, advertisingSid=0xff, txPower=127, rssi=-83, periodicAdvInt=0x0
05-11 23:05:30.507  1238  1238 D io_stats: !@ Write_top(KB): kworker/u17:2:/(28441) 940
05-11 23:05:30.524  1841 12806 I vendor.qti.bluetooth@1.0-ibs_handler: ProcessIbsCmd: Received IBS_SLEEP_IND: 0xFE
05-11 23:05:30.524  1841 12806 D vendor.qti.bluetooth@1.0-ibs_handler: SerialClockVote: vote for UART CLK OFF
05-11 23:05:30.527  1841 12806 I vendor.qti.bluetooth@1.0-ibs_handler: ProcessIbsCmd: Received IBS_WAKE_IND: 0xFD
05-11 23:05:30.527  1841 12806 D vendor.qti.bluetooth@1.0-ibs_handler: SerialClockVote: vote for UART CLK ON
05-11 23:05:30.527  1841 12806 I vendor.qti.bluetooth@1.0-ibs_handler: ProcessIbsCmd: Writing IBS_WAKE_ACK
05-11 23:05:30.533 12691 12812 I ScanController: onScanResult to scannerId: 1- eventType=0x1b, addressType=0, address=XX:XX:XX:XX:E2:84, primaryPhy=1, secondaryPhy=0, advertisingSid=0xff, txPower=127, rssi=-80, periodicAdvInt=0x0
05-11 23:05:30.571  1841 12806 I vendor.qti.bluetooth@1.0-ibs_handler: ProcessIbsCmd: Received IBS_SLEEP_IND: 0xFE
05-11 23:05:30.571  1841 12806 D vendor.qti.bluetooth@1.0-ibs_handler: SerialClockVote: vote for UART CLK OFF
05-11 23:05:30.722  1841 12776 D vendor.qti.bluetooth@1.0-wake_lock: Release wakelock is released 
05-11 23:05:31.270  2696  4321 V SemStrongRssiRoaming: POLL (Rssi:-50 MinRssi:-55 Guard:1)
05-11 23:05:31.271 29569 29569 I wpa_sslib: cmd: GETNCHOMODE
05-11 23:05:31.271 29569 29569 I wpa_sslib: Response: GETNCHOMODE 0
05-11 23:05:31.272  2696  4321 D SemStrongRssiRoaming:  Cancel partial scan
05-11 23:05:31.355  1856 27123 I sensors-hal: handle_sns_std_sensor_event:408, [SSC_LIGHT] P: 8(8),c:0,b:38,m:13,cl:0,l:8,s:0,l0:1376,l1:0,s0:0,s1:0,acl:1,opr:0.32,f(r):96,u(bl):100,if:96,wi:0,si:0,0(N:0)
05-11 23:05:31.356  1856  4411 I sensors-hal: handle_sns_std_sensor_event:127, [SSC_LIGHT] A: 8(8),c:0,b:38,m:13,cl:0,l:8,s:0,l0:1376,l1:0,s0:0,s1:0,acl:1,opr:0.32,f(r):96,u(bl):100,if:96,wi:0,si:0,0(N:0)
05-11 23:05:31.414  1931  2015 E HeatmapThread: ECT Thread time in milliseconds: 1778558731
05-11 23:05:31.417  1931  2015 D HeatmapThread: !@ batteryplugType : 2
05-11 23:05:31.417  1931  2015 D HeatmapThread: !@ batteryLevel : 80  batteryTemperature : 277 
05-11 23:05:31.417  1931  2015 D HeatmapThread: !@ Heatmap currtime: 29642645
05-11 23:05:31.417  1931  2015 D HeatmapThread: !@ Heatmap prevtime: 29642634
05-11 23:05:31.417  1931  2015 D HeatmapThread: !@ Heatmap plugstarttime: 29631117
05-11 23:05:31.417  1931  2015 D HeatmapThread: !@ Heatmap prevv_dsoh_update_time: 29642635
05-11 23:05:31.417  1931  2015 E HeatmapThread: !@ CAM New BSOH: 100
05-11 23:05:31.417  1931  2015 E HeatmapThread: !@ CAM is Working
05-11 23:05:31.850  1889  1991 E BatteryDump: !@new_battery_dump : 4196,2,1400,3370,80,277,273,284,277,0,289,284,0,Not-charging,NO_CHARGING,None,Good,PDIC,0,Normal,0,0,9300,0x8000,0x11010000,0x0,0,0,161,v0002,0000,0000,ffff0700,0,0,0,0,170,4195,7914,980,0,
05-11 23:05:31.850  1894  1894 I seh_thermal_service: getTemperaturesWithType SehTemperatureType: 3
05-11 23:05:31.850  1889  1889 I sehhealth-service: updateLrpSysfs: write: 290
05-11 23:05:32.120  2696  4159 E WifiStaIfaceAidlImpl: getCachedScanData failed with service-specific exception: android.os.ServiceSpecificException:  (code 4)
05-11 23:05:32.125  2696  9022 D SemWifiUsabilityStatsMonitor: onWifiUsabilityStats - seqNum 171462, isSameBssidAndFreq true
05-11 23:05:32.126  2696  4297 I SemWifiLinkQualityMonitor: Link stat: 1044 / 49 / 1.09 (36) / 600 / -51.0 || 100.0 : 600.00 / 0.5 : 0.92 / 0.55 : 0.05 / G (G) || a63c1c075560: 0.089 / 90.010 / N || N N / 0 0 / Y 2.0 / Y X 0 / 738688271 0 || Invalid
05-11 23:05:32.126  2696  4298 D InsDataManager: onOutageCountUpdate() - Outage Data: 0, LQ : Y. Outage Triggered: false
05-11 23:05:32.126  2696  4298 D InsDataManager: Trying to save initial normal data.
05-11 23:05:32.127  2696  4319 D SGM:GameManager: identifyGamePackage. com.google.android.permissioncontroller, mCurrentUserId: 0, callingMethodInfo: com.samsung.android.game.SemGameManager.isGamePackage(SemGameManager.java:106)
05-11 23:05:32.127  2696  4319 D SGM:SemGameManager: isGamePackage(), pkgName=com.google.android.permissioncontroller, ret=false
05-11 23:05:32.127  2696  4298 D SensorCollector: syncMappedBuffers: 0, 0, 0
05-11 23:05:32.127  2696  4298 D InsDataManager: trimBuffers start.
05-11 23:05:32.127  2696  4298 D InsDataManager: trimBuffers - nsmBuffer size: 26
05-11 23:05:32.127  2696  4298 D InsDataManager: Too short for collecting additional normal data
05-11 23:05:32.127  2696  4298 D SemInsManager: {"bssid": "a63c1c075560","rssi": -51.0,"latency": 0.0888790619765494,"outage_count": 0,"lq_callback_triggered": true,"outage_log": "Link stat: 1044 / 49 / 1.09 (36) / 600 / -51.0 || 100.0 : 600.00 / 0.5 : 0.92 / 0.55 : 0.05 / G (G) || a63c1c075560: 0.089 / 90.010 / N || N N / 0 0 / Y 2.0 / Y X 0 / 738688271 0 || Invalid""Magnetic Sensor Events size": "0""Pressure Sensor Events size": "0"}
05-11 23:05:32.128  1841 12806 I vendor.qti.bluetooth@1.0-ibs_handler: ProcessIbsCmd: Received IBS_WAKE_IND: 0xFD
05-11 23:05:32.128  1841 12806 D vendor.qti.bluetooth@1.0-ibs_handler: SerialClockVote: vote for UART CLK ON
05-11 23:05:32.128  1841 12806 D vendor.qti.bluetooth@1.0-wake_lock: Acquire wakelock is acquired 
05-11 23:05:32.128  1841 12806 I vendor.qti.bluetooth@1.0-ibs_handler: ProcessIbsCmd: Writing IBS_WAKE_ACK
05-11 23:05:32.167 12691 12812 I ScanController: onScanResult to scannerId: 2- eventType=0x1b, addressType=0, address=XX:XX:XX:XX:91:89, primaryPhy=1, secondaryPhy=0, advertisingSid=0xff, txPower=127, rssi=-78, periodicAdvInt=0x0
05-11 23:05:32.177 12691 12812 I ScanController: onScanResult to scannerId: 2- eventType=0x1b, addressType=0, address=XX:XX:XX:XX:E2:84, primaryPhy=1, secondaryPhy=0, advertisingSid=0xff, txPower=127, rssi=-81, periodicAdvInt=0x0
05-11 23:05:32.233 12691 12812 I ScanController: onScanResult to scannerId: 1- eventType=0x1b, addressType=0, address=XX:XX:XX:XX:E2:84, primaryPhy=1, secondaryPhy=0, advertisingSid=0xff, txPower=127, rssi=-81, periodicAdvInt=0x0
05-11 23:05:32.259 12691 12812 I ScanController: onScanResult to scannerId: 2- eventType=0x1b, addressType=0, address=XX:XX:XX:XX:91:89, primaryPhy=1, secondaryPhy=0, advertisingSid=0xff, txPower=127, rssi=-79, periodicAdvInt=0x0
05-11 23:05:32.277 12691 12812 I ScanController: onScanResult to scannerId: 1- eventType=0x1b, addressType=0, address=XX:XX:XX:XX:5E:72, primaryPhy=1, secondaryPhy=0, advertisingSid=0xff, txPower=127, rssi=-66, periodicAdvInt=0x0
05-11 23:05:32.302 12691 12812 I ScanController: onScanResult to scannerId: 1- eventType=0x1b, addressType=0, address=XX:XX:XX:XX:5E:72, primaryPhy=1, secondaryPhy=0, advertisingSid=0xff, txPower=127, rssi=-66, periodicAdvInt=0x0
05-11 23:05:32.328 12691 12812 I ScanController: onScanResult to scannerId: 1- eventType=0x1b, addressType=0, address=XX:XX:XX:XX:3C:27, primaryPhy=1, secondaryPhy=0, advertisingSid=0xff, txPower=127, rssi=-80, periodicAdvInt=0x0
05-11 23:05:32.364  1841 12806 I vendor.qti.bluetooth@1.0-ibs_handler: ProcessIbsCmd: Received IBS_SLEEP_IND: 0xFE
05-11 23:05:32.364  1841 12806 D vendor.qti.bluetooth@1.0-ibs_handler: SerialClockVote: vote for UART CLK OFF
05-11 23:05:32.414  1931  2015 E HeatmapThread: ECT Thread time in milliseconds: 1778558732
05-11 23:05:32.418  1931  2015 D HeatmapThread: !@ batteryplugType : 2
05-11 23:05:32.418  1931  2015 D HeatmapThread: !@ batteryLevel : 80  batteryTemperature : 277 
05-11 23:05:32.418  1931  2015 D HeatmapThread: !@ Heatmap currtime: 29642645
05-11 23:05:32.418  1931  2015 D HeatmapThread: !@ Heatmap prevtime: 29642634
05-11 23:05:32.418  1931  2015 D HeatmapThread: !@ Heatmap plugstarttime: 29631117
05-11 23:05:32.418  1931  2015 D HeatmapThread: !@ Heatmap prevv_dsoh_update_time: 29642635
05-11 23:05:32.418  1931  2015 E HeatmapThread: !@ CAM New BSOH: 100
05-11 23:05:32.418  1931  2015 E HeatmapThread: !@ CAM is Working
05-11 23:05:32.510  1238  1238 D io_stats: !@   8,0 r 3225564 123938348 w 4761697 226238416 d 812506 772737160 f 86162 470829 iot 1326816 0 th 0 0 0 pt 0 inp 0 0 738688.656
05-11 23:05:32.514  1841 12776 D vendor.qti.bluetooth@1.0-wake_lock: Release wakelock is released 
05-11 23:05:32.885 24694 29974 I NearbyMediums: No BLE Fast/GATT advertisements found in the latest cycle.
05-11 23:05:32.885 24694 29974 I NearbyMediums: Current Tracked Scanning Clients are : {NearbyConnections.EnvironmentMonitor, NearbySharing, NearbyConnections.TxAdvertisement}
05-11 23:05:33.414  1931  2015 E HeatmapThread: ECT Thread time in milliseconds: 1778558733
05-11 23:05:33.418  1931  2015 D HeatmapThread: !@ batteryplugType : 2
05-11 23:05:33.418  1931  2015 D HeatmapThread: !@ batteryLevel : 80  batteryTemperature : 277 
05-11 23:05:33.418  1931  2015 D HeatmapThread: !@ Heatmap currtime: 29642645
05-11 23:05:33.418  1931  2015 D HeatmapThread: !@ Heatmap prevtime: 29642634
05-11 23:05:33.418  1931  2015 D HeatmapThread: !@ Heatmap plugstarttime: 29631117
05-11 23:05:33.418  1931  2015 D HeatmapThread: !@ Heatmap prevv_dsoh_update_time: 29642635
05-11 23:05:33.419  1931  2015 E HeatmapThread: !@ CAM New BSOH: 100
05-11 23:05:33.419  1931  2015 E HeatmapThread: !@ CAM is Working
05-11 23:05:33.900  1841 12806 I vendor.qti.bluetooth@1.0-ibs_handler: ProcessIbsCmd: Received IBS_WAKE_IND: 0xFD
05-11 23:05:33.900  1841 12806 D vendor.qti.bluetooth@1.0-ibs_handler: SerialClockVote: vote for UART CLK ON
05-11 23:05:33.900  1841 12806 D vendor.qti.bluetooth@1.0-wake_lock: Acquire wakelock is acquired 
05-11 23:05:33.900  1841 12806 I vendor.qti.bluetooth@1.0-ibs_handler: ProcessIbsCmd: Writing IBS_WAKE_ACK
05-11 23:05:33.913 12691 12812 I ScanController: onScanResult to scannerId: 2- eventType=0x1b, addressType=0, address=XX:XX:XX:XX:91:89, primaryPhy=1, secondaryPhy=0, advertisingSid=0xff, txPower=127, rssi=-82, periodicAdvInt=0x0
05-11 23:05:33.951  1841 12806 I vendor.qti.bluetooth@1.0-ibs_handler: ProcessIbsCmd: Received IBS_SLEEP_IND: 0xFE
05-11 23:05:33.951  1841 12806 D vendor.qti.bluetooth@1.0-ibs_handler: SerialClockVote: vote for UART CLK OFF
05-11 23:05:33.951  1841 12806 I vendor.qti.bluetooth@1.0-ibs_handler: ProcessIbsCmd: Received IBS_WAKE_IND: 0xFD
05-11 23:05:33.951  1841 12806 D vendor.qti.bluetooth@1.0-ibs_handler: SerialClockVote: vote for UART CLK ON
05-11 23:05:33.951  1841 12806 I vendor.qti.bluetooth@1.0-ibs_handler: ProcessIbsCmd: Writing IBS_WAKE_ACK
05-11 23:05:33.953 12691 12812 I ScanController: onScanResult to scannerId: 2- eventType=0x1b, addressType=0, address=XX:XX:XX:XX:91:89, primaryPhy=1, secondaryPhy=0, advertisingSid=0xff, txPower=127, rssi=-82, periodicAdvInt=0x0
05-11 23:05:33.997 12691 12812 I ScanController: onScanResult to scannerId: 1- eventType=0x1b, addressType=0, address=XX:XX:XX:XX:5E:72, primaryPhy=1, secondaryPhy=0, advertisingSid=0xff, txPower=127, rssi=-69, periodicAdvInt=0x0
05-11 23:05:33.998 15983 18864 I BCMGR[11.2.04.4]: BeaconMainController] onReceive - [1 : ST packet!][2 : bad rssi][3 : ST packet!][4 : bad rssi][5 : bad rssi][6 : bad rssi][7 : bad rssi][8 : ST packet!][9 : ST packet!][10 : bad rssi]
05-11 23:05:34.000 10821 11335 I [-0500]oneconnect[1.8.45.24_01][BEACON_MANAGER_CONTROL_SERVICE]: BleParserForSamsungConnect.parseSamsungConnectPacket_V3 - |name:($)-J(7)|deviceType:SAMSUNG_OCF_SETUP|discoverType:_BLE|services:None|connected:false[Status]0[OcfInfo]69[SetupNet]4[Calm] false true false[Tx]-2147483648 not set
05-11 23:05:34.006 10821  4943 I [-0500]oneconnect[1.8.45.24_01][BEACON_MANAGER_CONTROL_SERVICE]: [EasySetup]EasySetupDevice.setDeviceType - type : UNKNOWN
05-11 23:05:34.007 10821  4943 I [-0500]oneconnect[1.8.45.24_01][BEACON_MANAGER_CONTROL_SERVICE]: [EasySetup]EasySetupDevice.setDeviceType - type : UNKNOWN
05-11 23:05:34.009 10821  4943 I [-0500]oneconnect[1.8.45.24_01][BEACON_MANAGER_CONTROL_SERVICE]: BeaconManagerUtil.isBeaconManagerEnabled - true
05-11 23:05:34.031  1841 12806 I vendor.qti.bluetooth@1.0-ibs_handler: ProcessIbsCmd: Received IBS_SLEEP_IND: 0xFE
05-11 23:05:34.031  1841 12806 D vendor.qti.bluetooth@1.0-ibs_handler: SerialClockVote: vote for UART CLK OFF
05-11 23:05:34.038  1841 12806 I vendor.qti.bluetooth@1.0-ibs_handler: ProcessIbsCmd: Received IBS_WAKE_IND: 0xFD
05-11 23:05:34.038  1841 12806 D vendor.qti.bluetooth@1.0-ibs_handler: SerialClockVote: vote for UART CLK ON
05-11 23:05:34.038  1841 12806 I vendor.qti.bluetooth@1.0-ibs_handler: ProcessIbsCmd: Writing IBS_WAKE_ACK
05-11 23:05:34.084  1841 12806 I vendor.qti.bluetooth@1.0-ibs_handler: ProcessIbsCmd: Received IBS_SLEEP_IND: 0xFE
05-11 23:05:34.084  1841 12806 D vendor.qti.bluetooth@1.0-ibs_handler: SerialClockVote: vote for UART CLK OFF
05-11 23:05:34.106  1841 12806 I vendor.qti.bluetooth@1.0-ibs_handler: ProcessIbsCmd: Received IBS_WAKE_IND: 0xFD
05-11 23:05:34.106  1841 12806 D vendor.qti.bluetooth@1.0-ibs_handler: SerialClockVote: vote for UART CLK ON
05-11 23:05:34.106  1841 12806 I vendor.qti.bluetooth@1.0-ibs_handler: ProcessIbsCmd: Writing IBS_WAKE_ACK
05-11 23:05:34.109 12691 12812 I ScanController: onScanResult to scannerId: 1- eventType=0x1b, addressType=0, address=XX:XX:XX:XX:5E:72, primaryPhy=1, secondaryPhy=0, advertisingSid=0xff, txPower=127, rssi=-69, periodicAdvInt=0x0
05-11 23:05:34.117 12691 12812 I ScanController: onScanResult to scannerId: 1- eventType=0x1b, addressType=0, address=XX:XX:XX:XX:3C:27, primaryPhy=1, secondaryPhy=0, advertisingSid=0xff, txPower=127, rssi=-70, periodicAdvInt=0x0
05-11 23:05:34.120 10821 11335 I [-0500]oneconnect[1.8.45.24_01][BEACON_MANAGER_CONTROL_SERVICE]: TvOcfParser.onReceive - TV Popup Onboarding is skipped - ($)
05-11 23:05:34.127 12691 12812 I ScanController: onScanResult to scannerId: 1- eventType=0x1b, addressType=0, address=XX:XX:XX:XX:5E:72, primaryPhy=1, secondaryPhy=0, advertisingSid=0xff, txPower=127, rssi=-69, periodicAdvInt=0x0
05-11 23:05:34.165  1841 12806 I vendor.qti.bluetooth@1.0-ibs_handler: ProcessIbsCmd: Received IBS_SLEEP_IND: 0xFE
05-11 23:05:34.165  1841 12806 D vendor.qti.bluetooth@1.0-ibs_handler: SerialClockVote: vote for UART CLK OFF
05-11 23:05:34.275  2696  4321 V SemStrongRssiRoaming: POLL (Rssi:-52 MinRssi:-55 Guard:1)
05-11 23:05:34.276 29569 29569 I wpa_sslib: cmd: GETNCHOMODE
05-11 23:05:34.277 29569 29569 I wpa_sslib: Response: GETNCHOMODE 0
05-11 23:05:34.278  2696  4321 D SemStrongRssiRoaming:  Cancel partial scan
05-11 23:05:34.293  2696  4185 D InetDiagMessage: Destroyed 0 sockets, proto=IPPROTO_TCP, family=AF_INET, states=14
05-11 23:05:34.296  2696  4185 D InetDiagMessage: Destroyed 0 sockets, proto=IPPROTO_TCP, family=AF_INET6, states=14
05-11 23:05:34.296  2696  4185 D InetDiagMessage: Destroyed live tcp sockets for uids={10122} in 7ms
05-11 23:05:34.299  2696  4185 D InetDiagMessage: Destroyed 0 sockets, proto=IPPROTO_TCP, family=AF_INET, states=14
05-11 23:05:34.302  2696  4185 D InetDiagMessage: Destroyed 0 sockets, proto=IPPROTO_TCP, family=AF_INET6, states=14
05-11 23:05:34.302  2696  4185 D InetDiagMessage: Destroyed live tcp sockets for uids={20122} in 6ms
05-11 23:05:34.315  1841 12776 D vendor.qti.bluetooth@1.0-wake_lock: Release wakelock is released 
05-11 23:05:34.417  1931  2015 E HeatmapThread: ECT Thread time in milliseconds: 1778558734
05-11 23:05:34.420  1931  2015 D HeatmapThread: !@ batteryplugType : 2
05-11 23:05:34.420  1931  2015 D HeatmapThread: !@ batteryLevel : 80  batteryTemperature : 277 
05-11 23:05:34.420  1931  2015 D HeatmapThread: !@ Heatmap currtime: 29642645
05-11 23:05:34.420  1931  2015 D HeatmapThread: !@ Heatmap prevtime: 29642634
05-11 23:05:34.420  1931  2015 D HeatmapThread: !@ Heatmap plugstarttime: 29631117
05-11 23:05:34.420  1931  2015 D HeatmapThread: !@ Heatmap prevv_dsoh_update_time: 29642635
05-11 23:05:34.420  1931  2015 E HeatmapThread: !@ CAM New BSOH: 100
05-11 23:05:34.420  1931  2015 E HeatmapThread: !@ CAM is Working
05-11 23:05:34.511  1238  1238 D io_stats: !@   8,0 r 3225564 123938348 w 4761711 226239660 d 812506 772737160 f 86162 470831 iot 1326828 0 th 0 0 0 pt 0 inp 0 0 738690.657
05-11 23:05:34.512  1238  1238 D io_stats: !@ Write_top(KB): kworker/u17:2:/(28441) 1220 soft.appmanager:low(29600) 16 vendor.samsung.:normal(1889) 8
05-11 23:05:34.815  2696 13449 I AfterimageCompensationService: AfcThread mLuminance : 44 , AfpcPeriodCount : 2836 , rotation : 0 , AOD : false
05-11 23:05:34.817  2696 13449 I SurfaceComposerClient: captureDisplay:Display-4630947191136750483
05-11 23:05:34.817  1876  7013 I SnapAlloc: Using graphics libs for alignment calculations
05-11 23:05:34.818  1968  2989 I SurfaceFlinger: Capture layer list: 	 com.amovi.app/com.amovi.app.MainActivity$_30163#10496(seamlessTransition:0)
05-11 23:05:34.818  1968  2989 I SurfaceFlinger: Capture layer list: 	 Dim Layer for - Task=296#10508(seamlessTransition:0)
05-11 23:05:34.818  1968  2989 I SurfaceFlinger: Capture layer list: 	 com.google.android.permissioncontroller/com.android.permissioncontroller.permission.ui.GrantPermissionsActivity$_15196#10503(seamlessTransition:0)
05-11 23:05:34.818  1968  2989 I SurfaceFlinger: Capture layer list: 	 StatusBar$_4432#101(seamlessTransition:0)
05-11 23:05:34.818  1968  2989 I SurfaceFlinger: Capture layer list: 	 com.sec.android.app.launcher/com.samsung.app.honeyspace.edge.edgepanel.app.CocktailBarService$_5390#10394(seamlessTransition:0)
05-11 23:05:34.818  1968  2989 I SurfaceFlinger: Capture layer list: 	 NavigationBar0$_4432#100(seamlessTransition:0)
05-11 23:05:34.818  1968  2989 I CompositionEngine: [setDisplaySize] size=(1080, 2340)
05-11 23:05:34.818  1968  2989 E HwcComposer: getLuts failed Status(-129, EX_TRANSACTION_FAILED): 'UNKNOWN_TRANSACTION: '
05-11 23:05:34.819  1968  2053 D RenderEngine: [SEC_SF_EFFECTS] drawLayersInternal,1483, Rendering layer ScreenCaptureFillLayer at index 0
05-11 23:05:34.819  1968  2053 D RenderEngine: [SEC_SF_EFFECTS] drawLayersInternal,1483, Rendering layer com.amovi.app/com.amovi.app.MainActivity$_30163#10496 at index 1
05-11 23:05:34.819  1968  2053 D RenderEngine: [SEC_SF_EFFECTS] drawLayersInternal,1483, Rendering layer Dim Layer for - Task=296#10508 at index 2
05-11 23:05:34.819  1968  2053 D RenderEngine: [SEC_SF_EFFECTS] drawLayersInternal,1483, Rendering layer com.google.android.permissioncontroller/com.android.permissioncontroller.permission.ui.GrantPermissionsActivity$_15196#10503 at index 3
05-11 23:05:34.819  1968  2053 D RenderEngine: [SEC_SF_EFFECTS] drawLayersInternal,1483, Rendering layer StatusBar$_4432#101 at index 4
05-11 23:05:34.819  1968  2053 D RenderEngine: [SEC_SF_EFFECTS] drawLayersInternal,1483, Rendering layer com.sec.android.app.launcher/com.samsung.app.honeyspace.edge.edgepanel.app.CocktailBarService$_5390#10394 at index 5
05-11 23:05:34.819  1968  2053 D RenderEngine: [SEC_SF_EFFECTS] drawLayersInternal,1483, Rendering layer NavigationBar0$_4432#100 at index 6
05-11 23:05:34.837  2696 13449 D system_server: mAFPC_Read - w = 1080, h = 2340, s = 8, f = 4, s_size = 10183680, luminance = 44, count = 2836, captureOrientation = 0
05-11 23:05:35.045  2696  4295 I SemWifiServiceDetector: NSD results: [0, 1, 2, 0, 0, 1, 2, 0, 0] Traff. type 1 Thr 0
05-11 23:05:35.135  2583  2583 I CNSS    : /sys/wifi/max_chipset_log_size doesn't exist
05-11 23:05:35.137  2696  4159 E WifiStaIfaceAidlImpl: getCachedScanData failed with service-specific exception: android.os.ServiceSpecificException:  (code 4)
05-11 23:05:35.142  2696  9022 D SemWifiUsabilityStatsMonitor: onWifiUsabilityStats - seqNum 171463, isSameBssidAndFreq true
05-11 23:05:35.143  2696  4298 D InsDataManager: onOutageCountUpdate() - Outage Data: 0, LQ : Y. Outage Triggered: false
05-11 23:05:35.143  2696  4298 D InsDataManager: Trying to save initial normal data.
05-11 23:05:35.143  2696  4298 D SensorCollector: syncMappedBuffers: 0, 0, 0
05-11 23:05:35.143  2696  4298 D InsDataManager: trimBuffers start.
05-11 23:05:35.143  2696  4298 D InsDataManager: trimBuffers - nsmBuffer size: 26
05-11 23:05:35.143  2696  4298 D InsDataManager: Too short for collecting additional normal data
05-11 23:05:35.144  2696  4298 D SemInsManager: {"bssid": "a63c1c075560","rssi": -52.0,"latency": 0.0,"outage_count": 0,"lq_callback_triggered": true,"outage_log": "Unreliable statistics: -52.0 / 5 / 322 / 7 / 0 || a63c1c075560: 0.000 / 0.000 / @ || N N / 0 0 / Y 2.0 / Y X 0 / 738691288 0 || Invalid""Magnetic Sensor Events size": "0""Pressure Sensor Events size": "0"}
05-11 23:05:35.144  2696  4319 D SGM:GameManager: identifyGamePackage. com.google.android.permissioncontroller, mCurrentUserId: 0, callingMethodInfo: com.samsung.android.game.SemGameManager.isGamePackage(SemGameManager.java:106)
05-11 23:05:35.144  2696  4319 D SGM:SemGameManager: isGamePackage(), pkgName=com.google.android.permissioncontroller, ret=false
05-11 23:05:35.414  1931  2015 E HeatmapThread: ECT Thread time in milliseconds: 1778558735
05-11 23:05:35.418  1931  2015 D HeatmapThread: !@ batteryplugType : 2
05-11 23:05:35.418  1931  2015 D HeatmapThread: !@ batteryLevel : 80  batteryTemperature : 277 
05-11 23:05:35.418  1931  2015 D HeatmapThread: !@ Heatmap currtime: 29642645
05-11 23:05:35.418  1931  2015 D HeatmapThread: !@ Heatmap prevtime: 29642634
05-11 23:05:35.418  1931  2015 D HeatmapThread: !@ Heatmap plugstarttime: 29631117
05-11 23:05:35.418  1931  2015 D HeatmapThread: !@ Heatmap prevv_dsoh_update_time: 29642635
05-11 23:05:35.418  1931  2015 E HeatmapThread: !@ CAM New BSOH: 100
05-11 23:05:35.418  1931  2015 E HeatmapThread: !@ CAM is Working
05-11 23:05:35.678  1856 27123 I sensors-hal: handle_sns_std_sensor_event:408, [SSC_LIGHT] P: 8(8),c:0,b:38,m:13,cl:0,l:8,s:0,l0:1376,l1:0,s0:0,s1:0,acl:1,opr:0.32,f(r):96,u(bl):100,if:96,wi:0,si:0,0(N:0)
05-11 23:05:35.899  1841 12806 I vendor.qti.bluetooth@1.0-ibs_handler: ProcessIbsCmd: Received IBS_WAKE_IND: 0xFD
05-11 23:05:35.899  1841 12806 D vendor.qti.bluetooth@1.0-ibs_handler: SerialClockVote: vote for UART CLK ON
05-11 23:05:35.899  1841 12806 D vendor.qti.bluetooth@1.0-wake_lock: Acquire wakelock is acquired 
05-11 23:05:35.899  1841 12806 I vendor.qti.bluetooth@1.0-ibs_handler: ProcessIbsCmd: Writing IBS_WAKE_ACK
05-11 23:05:35.912 12691 12812 I ScanController: onScanResult to scannerId: 1- eventType=0x1b, addressType=0, address=XX:XX:XX:XX:5E:72, primaryPhy=1, secondaryPhy=0, advertisingSid=0xff, txPower=127, rssi=-71, periodicAdvInt=0x0
