05-11 23:05:17.034  2696  4159 E WifiStaIfaceAidlImpl: getCachedScanData failed with service-specific exception: android.os.ServiceSpecificException:  (code 4)
05-11 23:05:17.039  2696  9022 D SemWifiUsabilityStatsMonitor: onWifiUsabilityStats - seqNum 171457, isSameBssidAndFreq true
05-11 23:05:17.040  2696  4297 I SemWifiLinkQualityMonitor: Link stat: 1639 / 54 / 1.18 (67) / 600 / -50.0 || 100.0 : 600.00 / 0.5 : 0.85 / 0.55 : 0.03 / G (G) || a63c1c075560: 0.088 / 91.130 / N || N N / 0 0 / Y 2.0 / Y X 0 / 738673185 0 || Invalid
05-11 23:05:17.041  2696  4298 D InsDataManager: onOutageCountUpdate() - Outage Data: 0, LQ : Y. Outage Triggered: false
05-11 23:05:17.041  2696  4298 D InsDataManager: Trying to save initial normal data.
05-11 23:05:17.041  2696  4298 D SensorCollector: syncMappedBuffers: 0, 0, 0
05-11 23:05:17.041  2696  4298 D InsDataManager: trimBuffers start.
05-11 23:05:17.041  2696  4298 D InsDataManager: trimBuffers - nsmBuffer size: 26
05-11 23:05:17.041  2696  4298 D InsDataManager: Too short for collecting additional normal data
05-11 23:05:17.041  2696  4319 D SGM:GameManager: identifyGamePackage. com.google.android.permissioncontroller, mCurrentUserId: 0, callingMethodInfo: com.samsung.android.game.SemGameManager.isGamePackage(SemGameManager.java:106)
05-11 23:05:17.041  2696  4319 D SGM:SemGameManager: isGamePackage(), pkgName=com.google.android.permissioncontroller, ret=false
05-11 23:05:17.041  2696  4298 D SemInsManager: {"bssid": "a63c1c075560","rssi": -50.0,"latency": 0.0877863301787592,"outage_count": 0,"lq_callback_triggered": true,"outage_log": "Link stat: 1639 / 54 / 1.18 (67) / 600 / -50.0 || 100.0 : 600.00 / 0.5 : 0.85 / 0.55 : 0.03 / G (G) || a63c1c075560: 0.088 / 91.130 / N || N N / 0 0 / Y 2.0 / Y X 0 / 738673185 0 || Invalid""Magnetic Sensor Events size": "0""Pressure Sensor Events size": "0"}
05-11 23:05:17.109  2696  4434 I Pageboost: Launcher App Execution
05-11 23:05:17.109  2696  4434 E Pageboost: ioinfo read failed
05-11 23:05:17.265  1841 12806 I vendor.qti.bluetooth@1.0-ibs_handler: ProcessIbsCmd: Received IBS_WAKE_IND: 0xFD
05-11 23:05:17.265  1841 12806 D vendor.qti.bluetooth@1.0-ibs_handler: SerialClockVote: vote for UART CLK ON
05-11 23:05:17.265  1841 12806 D vendor.qti.bluetooth@1.0-wake_lock: Acquire wakelock is acquired 
05-11 23:05:17.265  1841 12806 I vendor.qti.bluetooth@1.0-ibs_handler: ProcessIbsCmd: Writing IBS_WAKE_ACK
05-11 23:05:17.272 12691 12812 I ScanController: onScanResult to scannerId: 1- eventType=0x1b, addressType=0, address=XX:XX:XX:XX:3C:27, primaryPhy=1, secondaryPhy=0, advertisingSid=0xff, txPower=127, rssi=-70, periodicAdvInt=0x0
05-11 23:05:17.272 12691 12812 I ScanController: onScanResult to scannerId: 1- eventType=0x1b, addressType=0, address=XX:XX:XX:XX:5E:72, primaryPhy=1, secondaryPhy=0, advertisingSid=0xff, txPower=127, rssi=-69, periodicAdvInt=0x0
05-11 23:05:17.273 10821 11335 I [-0500]oneconnect[1.8.45.24_01][BEACON_MANAGER_CONTROL_SERVICE]: TvOcfParser.onReceive - TV Popup Onboarding is skipped - ($)
05-11 23:05:17.307 12691 12812 I ScanController: onScanResult to scannerId: 1- eventType=0x1b, addressType=0, address=XX:XX:XX:XX:5E:72, primaryPhy=1, secondaryPhy=0, advertisingSid=0xff, txPower=127, rssi=-69, periodicAdvInt=0x0
05-11 23:05:17.314  1856  4411 I sensors-hal: handle_sns_client_event:202, auto_rotation_debug_2 mode,255, type,1,0 acc,0.043,0.249,9.839, ar,0, ver,14, pedo,1,e,1,i,3
05-11 23:05:17.317 12691 12812 I ScanController: onScanResult to scannerId: 1- eventType=0x1b, addressType=0, address=XX:XX:XX:XX:3C:27, primaryPhy=1, secondaryPhy=0, advertisingSid=0xff, txPower=127, rssi=-70, periodicAdvInt=0x0
05-11 23:05:17.340 12691 12812 I ScanController: onScanResult to scannerId: 1- eventType=0x1b, addressType=0, address=XX:XX:XX:XX:E2:84, primaryPhy=1, secondaryPhy=0, advertisingSid=0xff, txPower=127, rssi=-79, periodicAdvInt=0x0
05-11 23:05:17.346 12691 12812 I ScanController: onScanResult to scannerId: 2- eventType=0x1b, addressType=0, address=XX:XX:XX:XX:91:89, primaryPhy=1, secondaryPhy=0, advertisingSid=0xff, txPower=127, rssi=-82, periodicAdvInt=0x0
05-11 23:05:17.351 12691 12812 I ScanController: onScanResult to scannerId: 1- eventType=0x1b, addressType=0, address=XX:XX:XX:XX:3C:27, primaryPhy=1, secondaryPhy=0, advertisingSid=0xff, txPower=127, rssi=-70, periodicAdvInt=0x0
05-11 23:05:17.361 12691 12812 I ScanController: onScanResult to scannerId: 1- eventType=0x1b, addressType=0, address=XX:XX:XX:XX:5E:72, primaryPhy=1, secondaryPhy=0, advertisingSid=0xff, txPower=127, rssi=-69, periodicAdvInt=0x0
05-11 23:05:17.384 12691 12812 I ScanController: onScanResult to scannerId: 1- eventType=0x1b, addressType=0, address=XX:XX:XX:XX:5E:72, primaryPhy=1, secondaryPhy=0, advertisingSid=0xff, txPower=127, rssi=-69, periodicAdvInt=0x0
05-11 23:05:17.414  1931  2015 E HeatmapThread: ECT Thread time in milliseconds: 1778558717
05-11 23:05:17.415  1931  2015 D HeatmapThread: !@ batteryplugType : 2
05-11 23:05:17.415  1931  2015 D HeatmapThread: !@ batteryLevel : 80  batteryTemperature : 277 
05-11 23:05:17.415  1931  2015 D HeatmapThread: !@ Heatmap currtime: 29642645
05-11 23:05:17.415  1931  2015 D HeatmapThread: !@ Heatmap prevtime: 29642634
05-11 23:05:17.415  1931  2015 D HeatmapThread: !@ Heatmap plugstarttime: 29631117
05-11 23:05:17.415  1931  2015 D HeatmapThread: !@ Heatmap prevv_dsoh_update_time: 29642635
05-11 23:05:17.416  1931  2015 E HeatmapThread: !@ CAM New BSOH: 100
05-11 23:05:17.416  1931  2015 E HeatmapThread: !@ CAM is Working
05-11 23:05:17.446  2696  4434 I Pageboost: Launcher App Execution
05-11 23:05:17.466 12691 12812 I ScanController: onScanResult to scannerId: 2- eventType=0x1b, addressType=0, address=XX:XX:XX:XX:91:89, primaryPhy=1, secondaryPhy=0, advertisingSid=0xff, txPower=127, rssi=-82, periodicAdvInt=0x0
05-11 23:05:17.508  1841 12806 I vendor.qti.bluetooth@1.0-ibs_handler: ProcessIbsCmd: Received IBS_SLEEP_IND: 0xFE
05-11 23:05:17.508  1841 12806 D vendor.qti.bluetooth@1.0-ibs_handler: SerialClockVote: vote for UART CLK OFF
05-11 23:05:17.659  1841 12776 D vendor.qti.bluetooth@1.0-wake_lock: Release wakelock is released 
05-11 23:05:18.395  1856 27123 I sensors-hal: handle_sns_std_sensor_event:408, [SSC_LIGHT] P: 8(8),c:0,b:38,m:13,cl:0,l:8,s:0,l0:1376,l1:0,s0:0,s1:0,acl:1,opr:0.32,f(r):96,u(bl):100,if:96,wi:0,si:0,0(N:0)
05-11 23:05:18.411  1862 30159 I HYPER-HAL: [RequestManager.cpp]releaseLocked(): Released ID : 23485257
05-11 23:05:18.414  1931  2015 E HeatmapThread: ECT Thread time in milliseconds: 1778558718
05-11 23:05:18.417  1931  2015 D HeatmapThread: !@ batteryplugType : 2
05-11 23:05:18.417  1931  2015 D HeatmapThread: !@ batteryLevel : 80  batteryTemperature : 277 
05-11 23:05:18.417  1931  2015 D HeatmapThread: !@ Heatmap currtime: 29642645
05-11 23:05:18.417  1931  2015 D HeatmapThread: !@ Heatmap prevtime: 29642634
05-11 23:05:18.417  1931  2015 D HeatmapThread: !@ Heatmap plugstarttime: 29631117
05-11 23:05:18.417  1931  2015 D HeatmapThread: !@ Heatmap prevv_dsoh_update_time: 29642635
05-11 23:05:18.417  1931  2015 E HeatmapThread: !@ CAM New BSOH: 100
05-11 23:05:18.417  1931  2015 E HeatmapThread: !@ CAM is Working
05-11 23:05:18.422  2696  3764 D SemInputMotionEventDispatcher: registerMotionEventListener: already registered: com.samsung.android.hardware.secinputdev.taas.ExternalApi$5@66496ac
05-11 23:05:18.492  1238  1238 D io_stats: !@   8,0 r 3225564 123938348 w 4761501 226230152 d 812482 772731256 f 86159 470819 iot 1326784 0 th 0 0 0 pt 0 inp 0 0 738674.637
05-11 23:05:18.492  1238  1238 D io_stats: !@ Write_top(KB): jbd2/sda7-8:/(1222) 28 com.amovi.app:high(30163) 12 system_server:normal(2696) 8
05-11 23:05:19.108  1841 12806 I vendor.qti.bluetooth@1.0-ibs_handler: ProcessIbsCmd: Received IBS_WAKE_IND: 0xFD
05-11 23:05:19.108  1841 12806 D vendor.qti.bluetooth@1.0-ibs_handler: SerialClockVote: vote for UART CLK ON
05-11 23:05:19.108  1841 12806 D vendor.qti.bluetooth@1.0-wake_lock: Acquire wakelock is acquired 
05-11 23:05:19.108  1841 12806 I vendor.qti.bluetooth@1.0-ibs_handler: ProcessIbsCmd: Writing IBS_WAKE_ACK
05-11 23:05:19.118 12691 12812 I ScanController: onScanResult to scannerId: 1- eventType=0x1b, addressType=0, address=XX:XX:XX:XX:3C:27, primaryPhy=1, secondaryPhy=0, advertisingSid=0xff, txPower=127, rssi=-74, periodicAdvInt=0x0
05-11 23:05:19.119 15983 18864 I BCMGR[11.2.04.4]: BeaconMainController] onReceive - [1 : ST packet!][2 : bad rssi][3 : ST packet!][4 : ST packet!][5 : ST packet!][6 : ST packet!][7 : bad rssi][8 : ST packet!][9 : ST packet!][10 : ST packet!]
05-11 23:05:19.119 12691 12812 I ScanController: onScanResult to scannerId: 1- eventType=0x1b, addressType=0, address=XX:XX:XX:XX:5E:72, primaryPhy=1, secondaryPhy=0, advertisingSid=0xff, txPower=127, rssi=-71, periodicAdvInt=0x0
05-11 23:05:19.121 10821 11335 I [-0500]oneconnect[1.8.45.24_01][BEACON_MANAGER_CONTROL_SERVICE]: BleParserForSamsungConnect.parseSamsungConnectPacket_V3 - |name:($)-J(7)|deviceType:SAMSUNG_OCF_SETUP|discoverType:_BLE|services:None|connected:false[Status]0[OcfInfo]69[SetupNet]4[Calm] false true false[Tx]-2147483648 not set
05-11 23:05:19.126 10821  4943 I [-0500]oneconnect[1.8.45.24_01][BEACON_MANAGER_CONTROL_SERVICE]: [EasySetup]EasySetupDevice.setDeviceType - type : UNKNOWN
05-11 23:05:19.127 10821  4943 I [-0500]oneconnect[1.8.45.24_01][BEACON_MANAGER_CONTROL_SERVICE]: [EasySetup]EasySetupDevice.setDeviceType - type : UNKNOWN
05-11 23:05:19.129 12691 12812 I ScanController: onScanResult to scannerId: 1- eventType=0x1b, addressType=0, address=XX:XX:XX:XX:5E:72, primaryPhy=1, secondaryPhy=0, advertisingSid=0xff, txPower=127, rssi=-71, periodicAdvInt=0x0
05-11 23:05:19.129 10821  4943 I [-0500]oneconnect[1.8.45.24_01][BEACON_MANAGER_CONTROL_SERVICE]: BeaconManagerUtil.isBeaconManagerEnabled - true
05-11 23:05:19.158 12691 12812 I ScanController: onScanResult to scannerId: 1- eventType=0x1b, addressType=0, address=XX:XX:XX:XX:3C:27, primaryPhy=1, secondaryPhy=0, advertisingSid=0xff, txPower=127, rssi=-74, periodicAdvInt=0x0
05-11 23:05:19.195 12691 12812 I ScanController: onScanResult to scannerId: 1- eventType=0x1b, addressType=0, address=XX:XX:XX:XX:3C:27, primaryPhy=1, secondaryPhy=0, advertisingSid=0xff, txPower=127, rssi=-74, periodicAdvInt=0x0
05-11 23:05:19.198 12691 12812 I ScanController: onScanResult to scannerId: 1- eventType=0x1b, addressType=0, address=XX:XX:XX:XX:E2:84, primaryPhy=1, secondaryPhy=0, advertisingSid=0xff, txPower=127, rssi=-80, periodicAdvInt=0x0
05-11 23:05:19.207 12691 12812 I ScanController: onScanResult to scannerId: 1- eventType=0x1b, addressType=0, address=XX:XX:XX:XX:5E:72, primaryPhy=1, secondaryPhy=0, advertisingSid=0xff, txPower=127, rssi=-71, periodicAdvInt=0x0
05-11 23:05:19.238 12691 12812 I ScanController: onScanResult to scannerId: 1- eventType=0x1b, addressType=0, address=XX:XX:XX:XX:5E:72, primaryPhy=1, secondaryPhy=0, advertisingSid=0xff, txPower=127, rssi=-71, periodicAdvInt=0x0
05-11 23:05:19.238  2696  4185 D InetDiagMessage: Destroyed 0 sockets, proto=IPPROTO_TCP, family=AF_INET, states=14
05-11 23:05:19.242  2696  4185 D InetDiagMessage: Destroyed 0 sockets, proto=IPPROTO_TCP, family=AF_INET6, states=14
05-11 23:05:19.242  2696  4185 D InetDiagMessage: Destroyed live tcp sockets for uids={10122} in 6ms
05-11 23:05:19.244  2696  4185 D InetDiagMessage: Destroyed 0 sockets, proto=IPPROTO_TCP, family=AF_INET, states=14
05-11 23:05:19.245  2696  4185 D InetDiagMessage: Destroyed 0 sockets, proto=IPPROTO_TCP, family=AF_INET6, states=14
05-11 23:05:19.245  2696  4185 D InetDiagMessage: Destroyed live tcp sockets for uids={20122} in 3ms
05-11 23:05:19.246  2696  4321 V SemStrongRssiRoaming: POLL (Rssi:-52 MinRssi:-55 Guard:1)
05-11 23:05:19.246 29569 29569 I wpa_sslib: cmd: GETNCHOMODE
05-11 23:05:19.247 29569 29569 I wpa_sslib: Response: GETNCHOMODE 0
05-11 23:05:19.248  2696  4321 D SemStrongRssiRoaming:  Cancel partial scan
05-11 23:05:19.275  1841 12806 I vendor.qti.bluetooth@1.0-ibs_handler: ProcessIbsCmd: Received IBS_SLEEP_IND: 0xFE
05-11 23:05:19.275  1841 12806 D vendor.qti.bluetooth@1.0-ibs_handler: SerialClockVote: vote for UART CLK OFF
05-11 23:05:19.286  1841 12806 I vendor.qti.bluetooth@1.0-ibs_handler: ProcessIbsCmd: Received IBS_WAKE_IND: 0xFD
05-11 23:05:19.286  1841 12806 D vendor.qti.bluetooth@1.0-ibs_handler: SerialClockVote: vote for UART CLK ON
05-11 23:05:19.286  1841 12806 I vendor.qti.bluetooth@1.0-ibs_handler: ProcessIbsCmd: Writing IBS_WAKE_ACK
05-11 23:05:19.288 12691 12812 I ScanController: onScanResult to scannerId: 1- eventType=0x1b, addressType=0, address=XX:XX:XX:XX:5E:72, primaryPhy=1, secondaryPhy=0, advertisingSid=0xff, txPower=127, rssi=-71, periodicAdvInt=0x0
05-11 23:05:19.293  1968  2045 I VSyncReactor: Current= 120, Period= 120, Distance= 0
05-11 23:05:19.295 12691 12812 I ScanController: onScanResult to scannerId: 1- eventType=0x1b, addressType=0, address=XX:XX:XX:XX:3C:27, primaryPhy=1, secondaryPhy=0, advertisingSid=0xff, txPower=127, rssi=-74, periodicAdvInt=0x0
05-11 23:05:19.301  1968  2045 I VSyncReactor: Current= 120, Period= 120, Distance= 120
05-11 23:05:19.334  1841 12806 I vendor.qti.bluetooth@1.0-ibs_handler: ProcessIbsCmd: Received IBS_SLEEP_IND: 0xFE
05-11 23:05:19.334  1841 12806 D vendor.qti.bluetooth@1.0-ibs_handler: SerialClockVote: vote for UART CLK OFF
05-11 23:05:19.414  1931  2015 E HeatmapThread: ECT Thread time in milliseconds: 1778558719
05-11 23:05:19.417  1931  2015 D HeatmapThread: !@ batteryplugType : 2
05-11 23:05:19.417  1931  2015 D HeatmapThread: !@ batteryLevel : 80  batteryTemperature : 277 
05-11 23:05:19.417  1931  2015 D HeatmapThread: !@ Heatmap currtime: 29642645
05-11 23:05:19.417  1931  2015 D HeatmapThread: !@ Heatmap prevtime: 29642634
05-11 23:05:19.417  1931  2015 D HeatmapThread: !@ Heatmap plugstarttime: 29631117
05-11 23:05:19.417  1931  2015 D HeatmapThread: !@ Heatmap prevv_dsoh_update_time: 29642635
05-11 23:05:19.417  1931  2015 E HeatmapThread: !@ CAM New BSOH: 100
05-11 23:05:19.417  1931  2015 E HeatmapThread: !@ CAM is Working
05-11 23:05:19.487  1841 12776 D vendor.qti.bluetooth@1.0-wake_lock: Release wakelock is released 
05-11 23:05:19.586  1894  2981 I thermal_core: pivot(AP) : 289, skin : 290
05-11 23:05:19.618  1859 10677 D AHAL_ModulePrimary_QTI: getVendorParameters: id count: 1
05-11 23:05:19.618  1859 10677 I PAL: ResourceManager: getActiveStream_l: 6569: no active streams found for device 3 ret -2
05-11 23:05:19.618  1859 10677 D AHAL_SecModulePrimary: onGetSECGenericParameters get temperature for g_hw_speaker_amp_temp_rcv: 0
05-11 23:05:19.618  1859 10677 D AHAL_ModulePrimary_QTI: getVendorParameters: id count: 1
05-11 23:05:19.618  1859 10677 I PAL: ResourceManager: getActiveStream_l: 6569: no active streams found for device 3 ret -2
05-11 23:05:19.619  1859 10677 D AHAL_SecModulePrimary: onGetSECGenericParameters get temperature for g_hw_speaker_amp_temp_spk: 0
05-11 23:05:19.620  6827  7585 I SDHMS:x : SIOP:: AP:289 BAT:277 USB:274 CHG:286 PA:294 WIFI:288 CF:283 BLK:0 SUBBAT:0 LRPTHM:279 SKIN:289 SKINF:289 SKINB:289 LRP:289 LRF:289 LRB:289 APT:289 APR:289 RCV:281 SPK:274 CHGF:287 CHGR:287 MEMF:288 MEMR:288 WIFIF:289 WIFIR:289 FCAM:274 UPSPK:280 DNSPK:274 VAP:284 VWIFI:289 AMB2:245 HIGH:0 AVGCUR:-67 POWER:-279
05-11 23:05:19.621  6827  7585 I AudioManager: setParameters keyValuePairs = g_hw_speaker_amp_temp_spk=27
05-11 23:05:19.622  1916 13866 D AudioFlinger: setParameters: filtered dev setParameters keyvalue g_hw_speaker_amp_temp_spk=27
05-11 23:05:19.623  1859 10677 D AHAL_HFP_QTI: hfp_set_parameters enter
05-11 23:05:19.623  1859 10677 D AHAL_HFP_QTI: hfp_set_parameters Exit
05-11 23:05:19.623  1859 10677 D AHAL_SecModulePrimary: processSetVendorParameters: configured g_hw_speaker_amp_temp_spk
05-11 23:05:19.623  1859 10677 D AHAL_SecModulePrimary: processSetVendorParameters: handler set on Feature:0
05-11 23:05:19.623  1859 10677 D AHAL_SecModulePrimary: onSetSECGenericParameters set temperature for g_hw_speaker_amp_temp_spk: 27
05-11 23:05:19.623  1859 10677 I PAL: API: pal_set_param: 1377: Enter: param id 3002
05-11 23:05:19.623  1859 10677 I PAL: ResourceManager: getActiveStream_l: 6569: no active streams found for device 3 ret -2
05-11 23:05:19.624  1916 13866 E ConversionHelperAidl: Function: parseAndSetVendorParameters Line: 94 Failed 
05-11 23:05:19.624  1916 13866 E ConversionHelperAidl: Function: parseAndSetVendorParameters Line: 94 Failed 
05-11 23:05:19.624  6827  7585 I AudioManager: setParameters keyValuePairs = g_hw_speaker_amp_temp_rcv=28
05-11 23:05:19.625  1916 13866 D AudioFlinger: setParameters: filtered dev setParameters keyvalue g_hw_speaker_amp_temp_rcv=28
05-11 23:05:19.625  1859 21677 D AHAL_HFP_QTI: hfp_set_parameters enter
05-11 23:05:19.625  1859 21677 D AHAL_HFP_QTI: hfp_set_parameters Exit
05-11 23:05:19.625  1859 21677 D AHAL_SecModulePrimary: processSetVendorParameters: configured g_hw_speaker_amp_temp_rcv
05-11 23:05:19.625  1859 21677 D AHAL_SecModulePrimary: processSetVendorParameters: handler set on Feature:0
05-11 23:05:19.625  1859 21677 D AHAL_SecModulePrimary: onSetSECGenericParameters set temperature for g_hw_speaker_amp_temp_rcv: 28
05-11 23:05:19.625  1859 21677 I PAL: API: pal_set_param: 1377: Enter: param id 3001
05-11 23:05:19.625  1859 21677 I PAL: ResourceManager: getActiveStream_l: 6569: no active streams found for device 3 ret -2
05-11 23:05:19.626  1916 13866 E ConversionHelperAidl: Function: parseAndSetVendorParameters Line: 94 Failed 
05-11 23:05:19.626  1916 13866 E ConversionHelperAidl: Function: parseAndSetVendorParameters Line: 94 Failed 
05-11 23:05:19.860 30163 30305 D ProfileInstaller: Skipping profile installation for com.amovi.app
05-11 23:05:19.867 29569 29569 I wpa_supplicant: Heartbeat 4917
05-11 23:05:20.019 11119 11155 I id.gms.unstable: Explicit concurrent mark compact GC freed 280KB AllocSpace bytes, 0(0B) LOS objects, 65% free, 4313KB/12MB, paused 201us,2.338ms total 52.775ms
05-11 23:05:20.051  2696  4159 E WifiStaIfaceAidlImpl: getCachedScanData failed with service-specific exception: android.os.ServiceSpecificException:  (code 4)
05-11 23:05:20.055  2696  9022 D SemWifiUsabilityStatsMonitor: onWifiUsabilityStats - seqNum 171458, isSameBssidAndFreq true
05-11 23:05:20.056  2696  4297 I SemWifiLinkQualityMonitor: Link stat: 379 / 16 / 1.40 (7) / 540 / -52.0 || 100.0 : 540.00 / 0.5 : 0.71 / 0.55 : 0.04 / G (G) || a63c1c075560: 0.090 / 88.900 / N || N N / 0 0 / Y 2.0 / Y X 0 / 738676201 0 || Invalid
05-11 23:05:20.057  2696  4298 D InsDataManager: onOutageCountUpdate() - Outage Data: 0, LQ : Y. Outage Triggered: false
05-11 23:05:20.057  2696  4298 D InsDataManager: Trying to save initial normal data.
05-11 23:05:20.057  2696  4298 D SensorCollector: syncMappedBuffers: 0, 0, 0
05-11 23:05:20.057  2696  4298 D InsDataManager: trimBuffers start.
05-11 23:05:20.057  2696  4298 D InsDataManager: trimBuffers - nsmBuffer size: 26
05-11 23:05:20.057  2696  4298 D InsDataManager: Too short for collecting additional normal data
05-11 23:05:20.057  2696  4298 D SemInsManager: {"bssid": "a63c1c075560","rssi": -52.0,"latency": 0.08998836853382308,"outage_count": 0,"lq_callback_triggered": true,"outage_log": "Link stat: 379 / 16 / 1.40 (7) / 540 / -52.0 || 100.0 : 540.00 / 0.5 : 0.71 / 0.55 : 0.04 / G (G) || a63c1c075560: 0.090 / 88.900 / N || N N / 0 0 / Y 2.0 / Y X 0 / 738676201 0 || Invalid""Magnetic Sensor Events size": "0""Pressure Sensor Events size": "0"}
05-11 23:05:20.057  2696  4319 D SGM:GameManager: identifyGamePackage. com.google.android.permissioncontroller, mCurrentUserId: 0, callingMethodInfo: com.samsung.android.game.SemGameManager.isGamePackage(SemGameManager.java:106)
05-11 23:05:20.057  2696  4319 D SGM:SemGameManager: isGamePackage(), pkgName=com.google.android.permissioncontroller, ret=false
05-11 23:05:20.414  1931  2015 E HeatmapThread: ECT Thread time in milliseconds: 1778558720
05-11 23:05:20.417  1931  2015 D HeatmapThread: !@ batteryplugType : 2
05-11 23:05:20.417  1931  2015 D HeatmapThread: !@ batteryLevel : 80  batteryTemperature : 277 
05-11 23:05:20.417  1931  2015 D HeatmapThread: !@ Heatmap currtime: 29642645
05-11 23:05:20.417  1931  2015 D HeatmapThread: !@ Heatmap prevtime: 29642634
05-11 23:05:20.417  1931  2015 D HeatmapThread: !@ Heatmap plugstarttime: 29631117
05-11 23:05:20.417  1931  2015 D HeatmapThread: !@ Heatmap prevv_dsoh_update_time: 29642635
05-11 23:05:20.417  1931  2015 E HeatmapThread: !@ CAM New BSOH: 100
05-11 23:05:20.417  1931  2015 E HeatmapThread: !@ CAM is Working
05-11 23:05:20.465  2696  4296 I BatteryService_BatteryPropertiesRegistrar: [getProperty]id:6
05-11 23:05:20.465  2696  4296 I BatteryService_BatteryPropertiesRegistrar: [getProperty]prop.long:-9223372036854775808 ,prop.string:null
05-11 23:05:20.467  2696  4296 I BatteryService_BatteryPropertiesRegistrar: [getProperty]id:4
05-11 23:05:20.467  2696  4296 I BatteryService_BatteryPropertiesRegistrar: [getProperty]prop.long:-9223372036854775808 ,prop.string:null
05-11 23:05:20.468  2696  4296 I SemWifiIntelligentTrainingManager: Tr. cond. check: false / 1 (2) / true / 0 (1)
05-11 23:05:20.468  2696  4296 I BatteryService_BatteryPropertiesRegistrar: [getProperty]id:6
05-11 23:05:20.468  2696  4296 I BatteryService_BatteryPropertiesRegistrar: [getProperty]prop.long:-9223372036854775808 ,prop.string:null
05-11 23:05:20.496  1238  1238 D io_stats: !@   8,0 r 3225564 123938348 w 4761537 226235020 d 812482 772731256 f 86159 470819 iot 1326796 0 th 0 0 0 pt 0 inp 0 0 738676.642
05-11 23:05:20.876  1841 12806 I vendor.qti.bluetooth@1.0-ibs_handler: ProcessIbsCmd: Received IBS_WAKE_IND: 0xFD
05-11 23:05:20.876  1841 12806 D vendor.qti.bluetooth@1.0-ibs_handler: SerialClockVote: vote for UART CLK ON
05-11 23:05:20.876  1841 12806 D vendor.qti.bluetooth@1.0-wake_lock: Acquire wakelock is acquired 
05-11 23:05:20.876  1841 12806 I vendor.qti.bluetooth@1.0-ibs_handler: ProcessIbsCmd: Writing IBS_WAKE_ACK
05-11 23:05:20.886 12691 12812 I ScanController: onScanResult to scannerId: 1- eventType=0x1b, addressType=0, address=XX:XX:XX:XX:3C:27, primaryPhy=1, secondaryPhy=0, advertisingSid=0xff, txPower=127, rssi=-79, periodicAdvInt=0x0
05-11 23:05:20.887 15983 18864 I BCMGR[11.2.04.4]: BeaconMainController] onReceive - [1 : bad rssi][2 : ST packet!][3 : ST packet!][4 : bad rssi][5 : bad rssi][6 : bad rssi][7 : ST packet!][8 : ST packet!][9 : ST packet!][10 : bad rssi]
05-11 23:05:20.905 12691 12812 I ScanController: onScanResult to scannerId: 1- eventType=0x1b, addressType=0, address=XX:XX:XX:XX:3C:27, primaryPhy=1, secondaryPhy=0, advertisingSid=0xff, txPower=127, rssi=-79, periodicAdvInt=0x0
05-11 23:05:20.914 12691 12812 I ScanController: onScanResult to scannerId: 1- eventType=0x1b, addressType=0, address=XX:XX:XX:XX:E2:84, primaryPhy=1, secondaryPhy=0, advertisingSid=0xff, txPower=127, rssi=-80, periodicAdvInt=0x0
05-11 23:05:20.948 12691 12812 I ScanController: onScanResult to scannerId: 1- eventType=0x1b, addressType=0, address=XX:XX:XX:XX:5E:72, primaryPhy=1, secondaryPhy=0, advertisingSid=0xff, txPower=127, rssi=-65, periodicAdvInt=0x0
05-11 23:05:20.967 12691 12812 I ScanController: onScanResult to scannerId: 1- eventType=0x1b, addressType=0, address=XX:XX:XX:XX:5E:72, primaryPhy=1, secondaryPhy=0, advertisingSid=0xff, txPower=127, rssi=-66, periodicAdvInt=0x0
05-11 23:05:21.001 12691 12812 I ScanController: onScanResult to scannerId: 2- eventType=0x1b, addressType=0, address=XX:XX:XX:XX:91:89, primaryPhy=1, secondaryPhy=0, advertisingSid=0xff, txPower=127, rssi=-78, periodicAdvInt=0x0
05-11 23:05:21.016 12691 12812 I ScanController: onScanResult to scannerId: 1- eventType=0x1b, addressType=0, address=XX:XX:XX:XX:5E:72, primaryPhy=1, secondaryPhy=0, advertisingSid=0xff, txPower=127, rssi=-67, periodicAdvInt=0x0
05-11 23:05:21.054  1841 12806 I vendor.qti.bluetooth@1.0-ibs_handler: ProcessIbsCmd: Received IBS_SLEEP_IND: 0xFE
05-11 23:05:21.054  1841 12806 D vendor.qti.bluetooth@1.0-ibs_handler: SerialClockVote: vote for UART CLK OFF
05-11 23:05:21.066  1841 12806 I vendor.qti.bluetooth@1.0-ibs_handler: ProcessIbsCmd: Received IBS_WAKE_IND: 0xFD
05-11 23:05:21.066  1841 12806 D vendor.qti.bluetooth@1.0-ibs_handler: SerialClockVote: vote for UART CLK ON
05-11 23:05:21.066  1841 12806 I vendor.qti.bluetooth@1.0-ibs_handler: ProcessIbsCmd: Writing IBS_WAKE_ACK
05-11 23:05:21.069 12691 12812 I ScanController: onScanResult to scannerId: 1- eventType=0x1b, addressType=0, address=XX:XX:XX:XX:3C:27, primaryPhy=1, secondaryPhy=0, advertisingSid=0xff, txPower=127, rssi=-79, periodicAdvInt=0x0
05-11 23:05:21.072 12691 12812 I ScanController: onScanResult to scannerId: 1- eventType=0x1b, addressType=0, address=XX:XX:XX:XX:E2:84, primaryPhy=1, secondaryPhy=0, advertisingSid=0xff, txPower=127, rssi=-80, periodicAdvInt=0x0
05-11 23:05:21.115  1841 12806 I vendor.qti.bluetooth@1.0-ibs_handler: ProcessIbsCmd: Received IBS_SLEEP_IND: 0xFE
05-11 23:05:21.115  1841 12806 D vendor.qti.bluetooth@1.0-ibs_handler: SerialClockVote: vote for UART CLK OFF
05-11 23:05:21.265  1841 12776 D vendor.qti.bluetooth@1.0-wake_lock: Release wakelock is released 
05-11 23:05:21.414  1931  2015 E HeatmapThread: ECT Thread time in milliseconds: 1778558721
05-11 23:05:21.417  1931  2015 D HeatmapThread: !@ batteryplugType : 2
05-11 23:05:21.417  1931  2015 D HeatmapThread: !@ batteryLevel : 80  batteryTemperature : 277 
05-11 23:05:21.417  1931  2015 D HeatmapThread: !@ Heatmap currtime: 29642645
05-11 23:05:21.417  1931  2015 D HeatmapThread: !@ Heatmap prevtime: 29642634
05-11 23:05:21.418  1931  2015 D HeatmapThread: !@ Heatmap plugstarttime: 29631117
05-11 23:05:21.418  1931  2015 D HeatmapThread: !@ Heatmap prevv_dsoh_update_time: 29642635
05-11 23:05:21.418  1931  2015 E HeatmapThread: !@ CAM New BSOH: 100
05-11 23:05:21.418  1931  2015 E HeatmapThread: !@ CAM is Working
05-11 23:05:21.691  1889  1991 E BatteryDump: !@new_battery_dump : 4195,0,1400,3370,80,277,274,286,277,0,290,286,0,Not-charging,NO_CHARGING,None,Good,PDIC,0,Normal,0,0,9300,0x8000,0x11010000,0x0,0,0,200,v0002,0000,0000,ffff0700,0,0,0,0,170,4195,7914,980,0,
05-11 23:05:21.693  1894  1894 I seh_thermal_service: getTemperaturesWithType SehTemperatureType: 3
05-11 23:05:21.693  1889  1889 I sehhealth-service: updateLrpSysfs: write: 289
05-11 23:05:22.250  2696  4321 V SemStrongRssiRoaming: POLL (Rssi:-50 MinRssi:-55 Guard:1)
05-11 23:05:22.251 29569 29569 I wpa_sslib: cmd: GETNCHOMODE
05-11 23:05:22.251 29569 29569 I wpa_sslib: Response: GETNCHOMODE 0
05-11 23:05:22.252  2696  4321 D SemStrongRssiRoaming:  Cancel partial scan
05-11 23:05:22.417  1931  2015 E HeatmapThread: ECT Thread time in milliseconds: 1778558722
05-11 23:05:22.420  1931  2015 D HeatmapThread: !@ batteryplugType : 2
05-11 23:05:22.421  1931  2015 D HeatmapThread: !@ batteryLevel : 80  batteryTemperature : 277 
05-11 23:05:22.421  1931  2015 D HeatmapThread: !@ Heatmap currtime: 29642645
05-11 23:05:22.421  1931  2015 D HeatmapThread: !@ Heatmap prevtime: 29642634
05-11 23:05:22.421  1931  2015 D HeatmapThread: !@ Heatmap plugstarttime: 29631117
05-11 23:05:22.421  1931  2015 D HeatmapThread: !@ Heatmap prevv_dsoh_update_time: 29642635
05-11 23:05:22.421  1931  2015 E HeatmapThread: !@ CAM New BSOH: 100
05-11 23:05:22.421  1931  2015 E HeatmapThread: !@ CAM is Working
05-11 23:05:22.500  1238  1238 D io_stats: !@   8,0 r 3225564 123938348 w 4761659 226235916 d 812482 772731256 f 86160 470824 iot 1326800 0 th 0 0 0 pt 0 inp 0 0 738678.646
05-11 23:05:22.500  1238  1238 D io_stats: !@ Write_top(KB): kworker/u17:1:/(29524) 4868 f2fs_ckpt-254:8:/(5745) 344 system_server:normal(2696) 288
05-11 23:05:22.710  1841 12806 I vendor.qti.bluetooth@1.0-ibs_handler: ProcessIbsCmd: Received IBS_WAKE_IND: 0xFD
05-11 23:05:22.710  1841 12806 D vendor.qti.bluetooth@1.0-ibs_handler: SerialClockVote: vote for UART CLK ON
05-11 23:05:22.710  1841 12806 D vendor.qti.bluetooth@1.0-wake_lock: Acquire wakelock is acquired 
05-11 23:05:22.710  1841 12806 I vendor.qti.bluetooth@1.0-ibs_handler: ProcessIbsCmd: Writing IBS_WAKE_ACK
05-11 23:05:22.715  1856 27123 I sensors-hal: handle_sns_std_sensor_event:408, [SSC_LIGHT] P: 8(8),c:0,b:38,m:13,cl:0,l:8,s:0,l0:1376,l1:0,s0:0,s1:0,acl:1,opr:0.32,f(r):96,u(bl):100,if:96,wi:0,si:0,0(N:0)
05-11 23:05:22.716  1856  4411 I sensors-hal: handle_sns_std_sensor_event:127, [SSC_LIGHT] A: 8(8),c:0,b:38,m:13,cl:0,l:8,s:0,l0:1376,l1:0,s0:0,s1:0,acl:1,opr:0.32,f(r):96,u(bl):100,if:96,wi:0,si:0,0(N:0)
05-11 23:05:22.720 12691 12812 I ScanController: onScanResult to scannerId: 1- eventType=0x1b, addressType=0, address=XX:XX:XX:XX:3C:27, primaryPhy=1, secondaryPhy=0, advertisingSid=0xff, txPower=127, rssi=-69, periodicAdvInt=0x0
05-11 23:05:22.722 12691 12812 I ScanController: onScanResult to scannerId: 2- eventType=0x1b, addressType=0, address=XX:XX:XX:XX:E2:84, primaryPhy=1, secondaryPhy=0, advertisingSid=0xff, txPower=127, rssi=-75, periodicAdvInt=0x0
05-11 23:05:22.723 10821 11335 I [-0500]oneconnect[1.8.45.24_01][BEACON_MANAGER_CONTROL_SERVICE]: TvOcfParser.onReceive - TV Popup Onboarding is skipped - ($)
05-11 23:05:22.763  1841 12806 I vendor.qti.bluetooth@1.0-ibs_handler: ProcessIbsCmd: Received IBS_SLEEP_IND: 0xFE
05-11 23:05:22.763  1841 12806 D vendor.qti.bluetooth@1.0-ibs_handler: SerialClockVote: vote for UART CLK OFF
05-11 23:05:22.777  1841 12806 I vendor.qti.bluetooth@1.0-ibs_handler: ProcessIbsCmd: Received IBS_WAKE_IND: 0xFD
05-11 23:05:22.777  1841 12806 D vendor.qti.bluetooth@1.0-ibs_handler: SerialClockVote: vote for UART CLK ON
05-11 23:05:22.777  1841 12806 I vendor.qti.bluetooth@1.0-ibs_handler: ProcessIbsCmd: Writing IBS_WAKE_ACK
05-11 23:05:22.780 12691 12812 I ScanController: onScanResult to scannerId: 1- eventType=0x1b, addressType=0, address=XX:XX:XX:XX:E2:84, primaryPhy=1, secondaryPhy=0, advertisingSid=0xff, txPower=127, rssi=-73, periodicAdvInt=0x0
05-11 23:05:22.821  1841 12806 I vendor.qti.bluetooth@1.0-ibs_handler: ProcessIbsCmd: Received IBS_SLEEP_IND: 0xFE
05-11 23:05:22.821  1841 12806 D vendor.qti.bluetooth@1.0-ibs_handler: SerialClockVote: vote for UART CLK OFF
05-11 23:05:22.840  1841 12806 I vendor.qti.bluetooth@1.0-ibs_handler: ProcessIbsCmd: Received IBS_WAKE_IND: 0xFD
05-11 23:05:22.840  1841 12806 D vendor.qti.bluetooth@1.0-ibs_handler: SerialClockVote: vote for UART CLK ON
05-11 23:05:22.840  1841 12806 I vendor.qti.bluetooth@1.0-ibs_handler: ProcessIbsCmd: Writing IBS_WAKE_ACK
05-11 23:05:22.843 12691 12812 I ScanController: onScanResult to scannerId: 1- eventType=0x1b, addressType=0, address=XX:XX:XX:XX:3C:27, primaryPhy=1, secondaryPhy=0, advertisingSid=0xff, txPower=127, rssi=-70, periodicAdvInt=0x0
05-11 23:05:22.843 15983 18864 I BCMGR[11.2.04.4]: BeaconMainController] onReceive - [1 : bad rssi][2 : bad rssi][3 : bad rssi][4 : ST packet!][5 : ST packet!][6 : ST packet!][7 : bad rssi][8 : bad rssi][9 : ST packet!][10 : bad rssi]
05-11 23:05:22.865 12691 12812 I ScanController: onScanResult to scannerId: 2- eventType=0x1b, addressType=0, address=XX:XX:XX:XX:E2:84, primaryPhy=1, secondaryPhy=0, advertisingSid=0xff, txPower=127, rssi=-75, periodicAdvInt=0x0
05-11 23:05:22.872 12691 12812 I ScanController: onScanResult to scannerId: 1- eventType=0x1b, addressType=0, address=XX:XX:XX:XX:5E:72, primaryPhy=1, secondaryPhy=0, advertisingSid=0xff, txPower=127, rssi=-69, periodicAdvInt=0x0
05-11 23:05:22.874 10821 11335 I [-0500]oneconnect[1.8.45.24_01][BEACON_MANAGER_CONTROL_SERVICE]: BleParserForSamsungConnect.parseSamsungConnectPacket_V3 - |name:($)-J(7)|deviceType:SAMSUNG_OCF_SETUP|discoverType:_BLE|services:None|connected:false[Status]0[OcfInfo]69[SetupNet]4[Calm] false true false[Tx]-2147483648 not set
05-11 23:05:22.879 10821  4943 I [-0500]oneconnect[1.8.45.24_01][BEACON_MANAGER_CONTROL_SERVICE]: [EasySetup]EasySetupDevice.setDeviceType - type : UNKNOWN
05-11 23:05:22.880 10821  4943 I [-0500]oneconnect[1.8.45.24_01][BEACON_MANAGER_CONTROL_SERVICE]: [EasySetup]EasySetupDevice.setDeviceType - type : UNKNOWN
05-11 23:05:22.883 10821  4943 I [-0500]oneconnect[1.8.45.24_01][BEACON_MANAGER_CONTROL_SERVICE]: BeaconManagerUtil.isBeaconManagerEnabled - true
05-11 23:05:22.884 24694 29974 I NearbyMediums: No BLE Fast/GATT advertisements found in the latest cycle.
05-11 23:05:22.884 24694 29974 I NearbyMediums: Current Tracked Scanning Clients are : {NearbyConnections.EnvironmentMonitor, NearbySharing, NearbyConnections.TxAdvertisement}
05-11 23:05:22.903 12691 12812 I ScanController: onScanResult to scannerId: 1- eventType=0x1b, addressType=0, address=XX:XX:XX:XX:3C:27, primaryPhy=1, secondaryPhy=0, advertisingSid=0xff, txPower=127, rssi=-70, periodicAdvInt=0x0
05-11 23:05:22.917 12691 12812 I ScanController: onScanResult to scannerId: 1- eventType=0x1b, addressType=0, address=XX:XX:XX:XX:5E:72, primaryPhy=1, secondaryPhy=0, advertisingSid=0xff, txPower=127, rssi=-69, periodicAdvInt=0x0
05-11 23:05:22.958  1841 12806 I vendor.qti.bluetooth@1.0-ibs_handler: ProcessIbsCmd: Received IBS_SLEEP_IND: 0xFE
05-11 23:05:22.959  1841 12806 D vendor.qti.bluetooth@1.0-ibs_handler: SerialClockVote: vote for UART CLK OFF
05-11 23:05:23.072  2696  4159 E WifiStaIfaceAidlImpl: getCachedScanData failed with service-specific exception: android.os.ServiceSpecificException:  (code 4)
05-11 23:05:23.075  2696  9022 D SemWifiUsabilityStatsMonitor: onWifiUsabilityStats - seqNum 171459, isSameBssidAndFreq true
05-11 23:05:23.076  2696  4297 I SemWifiLinkQualityMonitor: Link stat: 1644 / 40 / 1.16 (50) / 600 / -52.0 || 100.0 : 600.00 / 0.5 : 0.86 / 0.55 : 0.02 / G (G) || a63c1c075560: 0.087 / 91.818 / N || N N / 0 0 / Y 2.0 / Y X 0 / 738679221 0 || Invalid
05-11 23:05:23.077  2696  4298 D InsDataManager: onOutageCountUpdate() - Outage Data: 0, LQ : Y. Outage Triggered: false
05-11 23:05:23.077  2696  4298 D InsDataManager: Trying to save initial normal data.
05-11 23:05:23.077  2696  4298 D SensorCollector: syncMappedBuffers: 0, 0, 0
05-11 23:05:23.077  2696  4298 D InsDataManager: trimBuffers start.
05-11 23:05:23.077  2696  4298 D InsDataManager: trimBuffers - nsmBuffer size: 26
05-11 23:05:23.077  2696  4298 D InsDataManager: Too short for collecting additional normal data
05-11 23:05:23.077  2696  4298 D SemInsManager: {"bssid": "a63c1c075560","rssi": -52.0,"latency": 0.08712884455527847,"outage_count": 0,"lq_callback_triggered": true,"outage_log": "Link stat: 1644 / 40 / 1.16 (50) / 600 / -52.0 || 100.0 : 600.00 / 0.5 : 0.86 / 0.55 : 0.02 / G (G) || a63c1c075560: 0.087 / 91.818 / N || N N / 0 0 / Y 2.0 / Y X 0 / 738679221 0 || Invalid""Magnetic Sensor Events size": "0""Pressure Sensor Events size": "0"}
05-11 23:05:23.077  2696  4319 D CompatChangeReporter: Compat change id reported: 297989574; UID 1000; state: ENABLED
05-11 23:05:23.078  2696  4319 D SGM:GameManager: identifyGamePackage. com.google.android.permissioncontroller, mCurrentUserId: 0, callingMethodInfo: com.samsung.android.game.SemGameManager.isGamePackage(SemGameManager.java:106)
05-11 23:05:23.078  2696  4319 D SGM:SemGameManager: isGamePackage(), pkgName=com.google.android.permissioncontroller, ret=false
05-11 23:05:23.109  1841 12776 D vendor.qti.bluetooth@1.0-wake_lock: Release wakelock is released 
05-11 23:05:23.417  1931  2015 E HeatmapThread: ECT Thread time in milliseconds: 1778558723
05-11 23:05:23.420  1931  2015 D HeatmapThread: !@ batteryplugType : 2
05-11 23:05:23.421  1931  2015 D HeatmapThread: !@ batteryLevel : 80  batteryTemperature : 277 
05-11 23:05:23.421  1931  2015 D HeatmapThread: !@ Heatmap currtime: 29642645
05-11 23:05:23.421  1931  2015 D HeatmapThread: !@ Heatmap prevtime: 29642634
05-11 23:05:23.421  1931  2015 D HeatmapThread: !@ Heatmap plugstarttime: 29631117
05-11 23:05:23.421  1931  2015 D HeatmapThread: !@ Heatmap prevv_dsoh_update_time: 29642635
05-11 23:05:23.421  1931  2015 E HeatmapThread: !@ CAM New BSOH: 100
05-11 23:05:23.421  1931  2015 E HeatmapThread: !@ CAM is Working
05-11 23:05:24.334 22027 22127 E euqd    : (REDACTED) Trace %s timed out after %d ms. Complete trace: %s
05-11 23:05:24.334 22027 22127 E euqd    : eurn: 
05-11 23:05:24.334 22027 22127 E euqd    : 	at tk_trace.LocalSubscription onLoaded()(Started After:0)
05-11 23:05:24.334 22027 22127 E euqd    : 	at tk_trace.LocalSubscription newLoad(Started After:0)
05-11 23:05:24.334 22027 22127 E euqd    : 	at tk_trace.LocalSubscription onLoaded()(Started After:0)
05-11 23:05:24.334 22027 22127 E euqd    : 	at tk_trace.LocalSubscription newLoad(Started After:0)
05-11 23:05:24.334 22027 22127 E euqd    : 	at tk_trace.OverlayBinder.setActivityState(Started After:0)
05-11 23:05:24.334 22027 22127 E euqd    : 	at tk_trace.Invoking OverlayBinder(Started After:0)
05-11 23:05:24.334 22027 22127 E euqd    : 	Suppressed: eurm: 
05-11 23:05:24.334 22027 22127 E euqd    : 		at tk_trace.DISCOVER_ATF_RENDER_END(unfinished)(Unknown Source:0)
05-11 23:05:24.334 22027 22127 E euqd    : 		at tk_trace.handleNewRenderableStream 9 ms(Unknown Source:0)
05-11 23:05:24.334 22027 22127 E euqd    : 		at tk_trace.SubscriptionCallbacks.onNewData 9 ms(Unknown Source:0)
05-11 23:05:24.334 22027 22127 E euqd    : 		at tk_trace.LocalSubscription onLoaded() 9 ms(Unknown Source:0)
05-11 23:05:24.334 22027 22127 E euqd    : 		at tk_trace.LocalSubscription newLoad 2 ms(Unknown Source:0)
05-11 23:05:24.334 22027 22127 E euqd    : 		at tk_trace.OverlayBinder.setActivityState 0 ms(Unknown Source:0)
05-11 23:05:24.334 22027 22127 E euqd    : 		at tk_trace.Invoking OverlayBinder 0 ms(Unknown Source:0)
05-11 23:05:24.334 22027 22127 E euqd    : 	Suppressed: eurm: 
05-11 23:05:24.334 22027 22127 E euqd    : 		at tk_trace.DISCOVER_ATF_RENDER_START(unfinished)(Unknown Source:0)
05-11 23:05:24.334 22027 22127 E euqd    : 		at tk_trace.handleNewRenderableStream 9 ms(Unknown Source:0)
05-11 23:05:24.334 22027 22127 E euqd    : 		at tk_trace.SubscriptionCallbacks.onNewData 9 ms(Unknown Source:0)
05-11 23:05:24.334 22027 22127 E euqd    : 		at tk_trace.LocalSubscription onLoaded() 9 ms(Unknown Source:0)
05-11 23:05:24.334 22027 22127 E euqd    : 		at tk_trace.LocalSubscription newLoad 2 ms(Unknown Source:0)
05-11 23:05:24.334 22027 22127 E euqd    : 		at tk_trace.OverlayBinder.setActivityState 0 ms(Unknown Source:0)
05-11 23:05:24.334 22027 22127 E euqd    : 		at tk_trace.Invoking OverlayBinder 0 ms(Unknown Source:0)
05-11 23:05:24.334 22027 22127 E euqd    : 	Suppressed: eurm: 
05-11 23:05:24.334 22027 22127 E euqd    : 		at tk_trace.DISCOVER_CACHE_READ_END(unfinished)(Unknown Source:0)
05-11 23:05:24.334 22027 22127 E euqd    : 		at tk_trace.RSDS.loadData 62 ms(Unknown Source:0)
05-11 23:05:24.334 22027 22127 E euqd    : 		at tk_trace.DataSource loadData() 62 ms(Unknown Source:0)
05-11 23:05:24.334 22027 22127 E euqd    : 		at tk_trace.LocalSubscription onLoaded() 9 ms(Unknown Source:0)
05-11 23:05:24.334 22027 22127 E euqd    : 		at tk_trace.LocalSubscription newLoad 2 ms(Unknown Source:0)
05-11 23:05:24.334 22027 22127 E euqd    : 		at tk_trace.OverlayBinder.setActivityState 0 ms(Unknown Source:0)
05-11 23:05:24.334 22027 22127 E euqd    : 		at tk_trace.Invoking OverlayBinder 0 ms(Unknown Source:0)
05-11 23:05:24.334 22027 22127 E euqd    : 	Suppressed: eurm: 
05-11 23:05:24.334 22027 22127 E euqd    : 		at tk_trace.DISCOVER_CACHE_READ_END(unfinished)(Unknown Source:0)
05-11 23:05:24.334 22027 22127 E euqd    : 		at tk_trace.RSDS.loadData 38 ms(Unknown Source:0)
05-11 23:05:24.334 22027 22127 E euqd    : 		at tk_trace.DataSource loadData() 37 ms(Unknown Source:0)
05-11 23:05:24.334 22027 22127 E euqd    : 		at tk_trace.OverlayBinder.setActivityState 0 ms(Unknown Source:0)
05-11 23:05:24.334 22027 22127 E euqd    : 		at tk_trace.Invoking OverlayBinder 0 ms(Unknown Source:0)
05-11 23:05:24.334 22027 22127 E euqd    : 	Suppressed: eurm: 
05-11 23:05:24.334 22027 22127 E euqd    : 		at tk_trace.DISCOVER_CACHE_READ_START(unfinished)(Unknown Source:0)
05-11 23:05:24.334 22027 22127 E euqd    : 		at tk_trace.RSDS.loadData 62 ms(Unknown Source:0)
05-11 23:05:24.334 22027 22127 E euqd    : 		at tk_trace.DataSource loadData() 62 ms(Unknown Source:0)
05-11 23:05:24.334 22027 22127 E euqd    : 		at tk_trace.LocalSubscription onLoaded() 9 ms(Unknown Source:0)
05-11 23:05:24.334 22027 22127 E euqd    : 		at tk_trace.LocalSubscription newLoad 2 ms(Unknown Source:0)
05-11 23:05:24.334 22027 22127 E euqd    : 		at tk_trace.OverlayBinder.setActivityState 0 ms(Unknown Source:0)
05-11 23:05:24.334 22027 22127 E euqd    : 		at tk_trace.Invoking OverlayBinder 0 ms(Unknown Source:0)
05-11 23:05:24.334 22027 22127 E euqd    : 	Suppressed: eurm: 
05-11 23:05:24.334 22027 22127 E euqd    : 		at tk_trace.DISCOVER_FRAGMENT_INSTANTIATE(unfinished)(Unknown Source:0)
05-11 23:05:24.334 22027 22127 E euqd    : 		at tk_trace.LocalSubscription onLoaded() 9 ms(Unknown Source:0)
05-11 23:05:24.334 22027 22127 E euqd    : 		at tk_trace.LocalSubscription newLoad 2 ms(Unknown Source:0)
05-11 23:05:24.334 22027 22127 E euqd    : 		at tk_trace.OverlayBinder.setActivityState 0 ms(Unknown Source:0)
05-11 23:05:24.334 22027 22127 E euqd    : 		at tk_trace.Invoking OverlayBinder 0 ms(Unknown Source:0)
05-11 23:05:24.334 22027 22127 E euqd    : 	Suppressed: eurm: 
05-11 23:05:24.334 22027 22127 E euqd    : 		at tk_trace.DISCOVER_CACHE_READ_START(unfinished)(Unknown Source:0)
05-11 23:05:24.334 22027 22127 E euqd    : 		at tk_trace.RSDS.loadData 38 ms(Unknown Source:0)
05-11 23:05:24.334 22027 22127 E euqd    : 		at tk_trace.DataSource loadData() 37 ms(Unknown Source:0)
05-11 23:05:24.334 22027 22127 E euqd    : 		at tk_trace.OverlayBinder.setActivityState 0 ms(Unknown Source:0)
05-11 23:05:24.334 22027 22127 E euqd    : 		at tk_trace.Invoking OverlayBinder 0 ms(Unknown Source:0)
05-11 23:05:24.334 22027 22127 E euqd    : 	Suppressed: eurm: 
05-11 23:05:24.334 22027 22127 E euqd    : 		at tk_trace.GOOGLEAPP_CRITICAL_STARTUP_UI_INTERACTIVE_FINISH(unfinished)(Unknown Source:0)
05-11 23:05:24.334 22027 22127 E euqd    : 		at tk_trace.CriticalStartupUiInteractivePublisherpublish 0 ms(Unknown Source:0)
05-11 23:05:24.334 22027 22127 E euqd    : 		at tk_trace.OverlayBinder.setActivityState 0 ms(Unknown Source:0)
05-11 23:05:24.334 22027 22127 E euqd    : 		at tk_trace.Invoking OverlayBinder 0 ms(Unknown Source:0)
05-11 23:05:24.334 22027 22127 E euqd    : 	Suppressed: eurm: 
05-11 23:05:24.334 22027 22127 E euqd    : 		at tk_trace.GOOGLEAPP_CRITICAL_STARTUP_UI_INTERACTIVE_START(unfinished)(Unknown Source:0)
05-11 23:05:24.334 22027 22127 E euqd    : 		at tk_trace.CriticalStartupUiInteractivePublisherpublish 0 ms(Unknown Source:0)
05-11 23:05:24.334 22027 22127 E euqd    : 		at tk_trace.OverlayBinder.setActivityState 0 ms(Unknown Source:0)
05-11 23:05:24.334 22027 22127 E euqd    : 		at tk_trace.Invoking OverlayBinder 0 ms(Unknown Source:0)
05-11 23:05:24.334 22027 22127 E euqd    : 	Suppressed: eurm: 
05-11 23:05:24.334 22027 22127 E euqd    : 		at tk_trace.DISCOVER_FRAGMENT_INSTANTIATE(unfinished)(Unknown Source:0)
05-11 23:05:24.334 22027 22127 E euqd    : 		at tk_trace.OverlayBinder.setActivityState 0 ms(Unknown Source:0)
05-11 23:05:24.334 22027 22127 E euqd    : 		at tk_trace.Invoking OverlayBinder 0 ms(Unknown Source:0)
05-11 23:05:24.334 22027 22127 E euqd    : 	Suppressed: eurm: 
05-11 23:05:24.334 22027 22127 E euqd    : 		at tk_trace.Suppressed exceptions exceeds the limit 10, additional unfinished spans will not be reported(Unknown Source:0)
05-11 23:05:24.417  1931  2015 E HeatmapThread: ECT Thread time in milliseconds: 1778558724
05-11 23:05:24.420  1931  2015 D HeatmapThread: !@ batteryplugType : 2
05-11 23:05:24.420  1931  2015 D HeatmapThread: !@ batteryLevel : 80  batteryTemperature : 277 
05-11 23:05:24.420  1931  2015 D HeatmapThread: !@ Heatmap currtime: 29642645
05-11 23:05:24.420  1931  2015 D HeatmapThread: !@ Heatmap prevtime: 29642634
05-11 23:05:24.421  1931  2015 D HeatmapThread: !@ Heatmap plugstarttime: 29631117
05-11 23:05:24.421  1931  2015 D HeatmapThread: !@ Heatmap prevv_dsoh_update_time: 29642635
05-11 23:05:24.421  1931  2015 E HeatmapThread: !@ CAM New BSOH: 100
05-11 23:05:24.421  1931  2015 E HeatmapThread: !@ CAM is Working
05-11 23:05:24.505  1238  1238 D io_stats: !@   8,0 r 3225564 123938348 w 4761689 226237468 d 812482 772731256 f 86162 470829 iot 1326812 0 th 0 0 0 pt 0 inp 0 0 738680.650
05-11 23:05:24.546  1841 12806 I vendor.qti.bluetooth@1.0-ibs_handler: ProcessIbsCmd: Received IBS_WAKE_IND: 0xFD
05-11 23:05:24.546  1841 12806 D vendor.qti.bluetooth@1.0-ibs_handler: SerialClockVote: vote for UART CLK ON
05-11 23:05:24.547  1841 12806 D vendor.qti.bluetooth@1.0-wake_lock: Acquire wakelock is acquired 
05-11 23:05:24.547  1841 12806 I vendor.qti.bluetooth@1.0-ibs_handler: ProcessIbsCmd: Writing IBS_WAKE_ACK
05-11 23:05:24.560 12691 12812 I ScanController: onScanResult to scannerId: 1- eventType=0x1b, addressType=0, address=XX:XX:XX:XX:5E:72, primaryPhy=1, secondaryPhy=0, advertisingSid=0xff, txPower=127, rssi=-71, periodicAdvInt=0x0
05-11 23:05:24.563 12691 12812 I ScanController: onScanResult to scannerId: 1- eventType=0x1b, addressType=0, address=XX:XX:XX:XX:5E:72, primaryPhy=1, secondaryPhy=0, advertisingSid=0xff, txPower=127, rssi=-72, periodicAdvInt=0x0
05-11 23:05:24.584 12691 12812 I ScanController: onScanResult to scannerId: 1- eventType=0x1b, addressType=0, address=XX:XX:XX:XX:5E:72, primaryPhy=1, secondaryPhy=0, advertisingSid=0xff, txPower=127, rssi=-71, periodicAdvInt=0x0
05-11 23:05:24.613 12691 12812 I ScanController: onScanResult to scannerId: 1- eventType=0x1b, addressType=0, address=XX:XX:XX:XX:5E:72, primaryPhy=1, secondaryPhy=0, advertisingSid=0xff, txPower=127, rssi=-71, periodicAdvInt=0x0
05-11 23:05:24.628 12691 12812 I ScanController: onScanResult to scannerId: 1- eventType=0x1b, addressType=0, address=XX:XX:XX:XX:E2:84, primaryPhy=1, secondaryPhy=0, advertisingSid=0xff, txPower=127, rssi=-80, periodicAdvInt=0x0
05-11 23:05:24.689 12691 12812 I ScanController: onScanResult to scannerId: 1- eventType=0x1b, addressType=0, address=XX:XX:XX:XX:3C:27, primaryPhy=1, secondaryPhy=0, advertisingSid=0xff, txPower=127, rssi=-74, periodicAdvInt=0x0
05-11 23:05:24.756  1841 12806 I vendor.qti.bluetooth@1.0-ibs_handler: ProcessIbsCmd: Received IBS_SLEEP_IND: 0xFE
05-11 23:05:24.756  1841 12806 D vendor.qti.bluetooth@1.0-ibs_handler: SerialClockVote: vote for UART CLK OFF
05-11 23:05:24.909  1841 12776 D vendor.qti.bluetooth@1.0-wake_lock: Release wakelock is released 
05-11 23:05:25.255  2696  4321 V SemStrongRssiRoaming: POLL (Rssi:-52 MinRssi:-55 Guard:1)
05-11 23:05:25.255 29569 29569 I wpa_sslib: cmd: GETNCHOMODE
05-11 23:05:25.256 29569 29569 I wpa_sslib: Response: GETNCHOMODE 0
05-11 23:05:25.258  2696  4321 D SemStrongRssiRoaming:  Cancel partial scan
05-11 23:05:25.284  2696  4295 I SemWifiServiceDetector: Service det. suspended: T / T / 29743
05-11 23:05:25.414  1931  2015 E HeatmapThread: ECT Thread time in milliseconds: 1778558725
05-11 23:05:25.416  1931  2015 D HeatmapThread: !@ batteryplugType : 2
05-11 23:05:25.417  1931  2015 D HeatmapThread: !@ batteryLevel : 80  batteryTemperature : 277 
05-11 23:05:25.417  1931  2015 D HeatmapThread: !@ Heatmap currtime: 29642645
05-11 23:05:25.417  1931  2015 D HeatmapThread: !@ Heatmap prevtime: 29642634
05-11 23:05:25.417  1931  2015 D HeatmapThread: !@ Heatmap plugstarttime: 29631117
05-11 23:05:25.417  1931  2015 D HeatmapThread: !@ Heatmap prevv_dsoh_update_time: 29642635
05-11 23:05:25.417  1931  2015 E HeatmapThread: !@ CAM New BSOH: 100
05-11 23:05:25.417  1931  2015 E HeatmapThread: !@ CAM is Working
05-11 23:05:25.868  2583  2583 I CNSS    : /sys/wifi/max_chipset_log_size doesn't exist
05-11 23:05:26.087  2696  4159 E WifiStaIfaceAidlImpl: getCachedScanData failed with service-specific exception: android.os.ServiceSpecificException:  (code 4)
05-11 23:05:26.092  2696  9022 D SemWifiUsabilityStatsMonitor: onWifiUsabilityStats - seqNum 171460, isSameBssidAndFreq true
05-11 23:05:26.093  2696  4298 D InsDataManager: onOutageCountUpdate() - Outage Data: 0, LQ : Y. Outage Triggered: false
05-11 23:05:26.093  2696  4298 D InsDataManager: Trying to save initial normal data.
05-11 23:05:26.093  2696  4298 D SensorCollector: syncMappedBuffers: 0, 0, 0
05-11 23:05:26.093  2696  4298 D InsDataManager: trimBuffers start.
05-11 23:05:26.093  2696  4298 D InsDataManager: trimBuffers - nsmBuffer size: 26
05-11 23:05:26.093  2696  4298 D InsDataManager: Too short for collecting additional normal data
05-11 23:05:26.094  2696  4298 D SemInsManager: {"bssid": "a63c1c075560","rssi": -51.0,"latency": 0.0,"outage_count": 0,"lq_callback_triggered": true,"outage_log": "Unreliable statistics: -51.0 / 6 / 503 / 23 / 0 || a63c1c075560: 0.000 / 0.000 / @ || N N / 0 0 / Y 2.0 / Y X 0 / 738682238 0 || Invalid""Magnetic Sensor Events size": "0""Pressure Sensor Events size": "0"}
05-11 23:05:26.094  2696  4319 D SGM:GameManager: identifyGamePackage. com.google.android.permissioncontroller, mCurrentUserId: 0, callingMethodInfo: com.samsung.android.game.SemGameManager.isGamePackage(SemGameManager.java:106)
05-11 23:05:26.094  2696  4319 D SGM:SemGameManager: isGamePackage(), pkgName=com.google.android.permissioncontroller, ret=false
05-11 23:05:26.417  1931  2015 E HeatmapThread: ECT Thread time in milliseconds: 1778558726
05-11 23:05:26.420  1931  2015 D HeatmapThread: !@ batteryplugType : 2
05-11 23:05:26.420  1931  2015 D HeatmapThread: !@ batteryLevel : 80  batteryTemperature : 277 
05-11 23:05:26.420  1931  2015 D HeatmapThread: !@ Heatmap currtime: 29642645
05-11 23:05:26.420  1931  2015 D HeatmapThread: !@ Heatmap prevtime: 29642634
05-11 23:05:26.421  1931  2015 D HeatmapThread: !@ Heatmap plugstarttime: 29631117
05-11 23:05:26.421  1931  2015 D HeatmapThread: !@ Heatmap prevv_dsoh_update_time: 29642635
05-11 23:05:26.421  1931  2015 E HeatmapThread: !@ CAM New BSOH: 100
05-11 23:05:26.421  1931  2015 E HeatmapThread: !@ CAM is Working
