05-11 23:05:35.913 12691 12812 I ScanController: onScanResult to scannerId: 1- eventType=0x1b, addressType=0, address=XX:XX:XX:XX:3C:27, primaryPhy=1, secondaryPhy=0, advertisingSid=0xff, txPower=127, rssi=-74, periodicAdvInt=0x0
05-11 23:05:35.914 12691 12812 I ScanController: onScanResult to scannerId: 2- eventType=0x1b, addressType=0, address=XX:XX:XX:XX:E2:84, primaryPhy=1, secondaryPhy=0, advertisingSid=0xff, txPower=127, rssi=-80, periodicAdvInt=0x0
05-11 23:05:35.942 12691 12812 I ScanController: onScanResult to scannerId: 1- eventType=0x1b, addressType=0, address=XX:XX:XX:XX:5E:72, primaryPhy=1, secondaryPhy=0, advertisingSid=0xff, txPower=127, rssi=-71, periodicAdvInt=0x0
05-11 23:05:35.959 12691 12812 I ScanController: onScanResult to scannerId: 1- eventType=0x1b, addressType=0, address=XX:XX:XX:XX:3C:27, primaryPhy=1, secondaryPhy=0, advertisingSid=0xff, txPower=127, rssi=-74, periodicAdvInt=0x0
05-11 23:05:35.967 12691 12812 I ScanController: onScanResult to scannerId: 1- eventType=0x1b, addressType=0, address=XX:XX:XX:XX:E2:84, primaryPhy=1, secondaryPhy=0, advertisingSid=0xff, txPower=127, rssi=-80, periodicAdvInt=0x0
05-11 23:05:35.968 12691 12812 I ScanController: onScanResult to scannerId: 2- eventType=0x1b, addressType=0, address=XX:XX:XX:XX:91:89, primaryPhy=1, secondaryPhy=0, advertisingSid=0xff, txPower=127, rssi=-84, periodicAdvInt=0x0
05-11 23:05:35.991 12691 12812 I ScanController: onScanResult to scannerId: 1- eventType=0x1b, addressType=0, address=XX:XX:XX:XX:5E:72, primaryPhy=1, secondaryPhy=0, advertisingSid=0xff, txPower=127, rssi=-71, periodicAdvInt=0x0
05-11 23:05:35.991 12691 12812 I ScanController: onScanResult to scannerId: 1- eventType=0x1b, addressType=0, address=XX:XX:XX:XX:3C:27, primaryPhy=1, secondaryPhy=0, advertisingSid=0xff, txPower=127, rssi=-74, periodicAdvInt=0x0
05-11 23:05:35.992 15983 18864 I BCMGR[11.2.04.4]: BeaconMainController] onReceive - [1 : ST packet!][2 : ST packet!][3 : ST packet!][4 : ST packet!][5 : ST packet!][6 : bad rssi][7 : ST packet!][8 : bad rssi][9 : bad rssi][10 : ST packet!]
05-11 23:05:36.007 12691 12812 I ScanController: onScanResult to scannerId: 2- eventType=0x1b, addressType=0, address=XX:XX:XX:XX:91:89, primaryPhy=1, secondaryPhy=0, advertisingSid=0xff, txPower=127, rssi=-84, periodicAdvInt=0x0
05-11 23:05:36.014 12691 12812 I ScanController: onScanResult to scannerId: 1- eventType=0x1b, addressType=0, address=XX:XX:XX:XX:5E:72, primaryPhy=1, secondaryPhy=0, advertisingSid=0xff, txPower=127, rssi=-71, periodicAdvInt=0x0
05-11 23:05:36.045 12691 12812 I ScanController: onScanResult to scannerId: 2- eventType=0x1b, addressType=0, address=XX:XX:XX:XX:E2:84, primaryPhy=1, secondaryPhy=0, advertisingSid=0xff, txPower=127, rssi=-80, periodicAdvInt=0x0
05-11 23:05:36.074 12691 12812 I ScanController: onScanResult to scannerId: 1- eventType=0x1b, addressType=0, address=XX:XX:XX:XX:5E:72, primaryPhy=1, secondaryPhy=0, advertisingSid=0xff, txPower=127, rssi=-71, periodicAdvInt=0x0
05-11 23:05:36.093 12691 12812 I ScanController: onScanResult to scannerId: 1- eventType=0x1b, addressType=0, address=XX:XX:XX:XX:3C:27, primaryPhy=1, secondaryPhy=0, advertisingSid=0xff, txPower=127, rssi=-74, periodicAdvInt=0x0
05-11 23:05:36.111 12691 12812 I ScanController: onScanResult to scannerId: 2- eventType=0x1b, addressType=0, address=XX:XX:XX:XX:91:89, primaryPhy=1, secondaryPhy=0, advertisingSid=0xff, txPower=127, rssi=-84, periodicAdvInt=0x0
05-11 23:05:36.153  1841 12806 I vendor.qti.bluetooth@1.0-ibs_handler: ProcessIbsCmd: Received IBS_SLEEP_IND: 0xFE
05-11 23:05:36.153  1841 12806 D vendor.qti.bluetooth@1.0-ibs_handler: SerialClockVote: vote for UART CLK OFF
05-11 23:05:36.306  1841 12776 D vendor.qti.bluetooth@1.0-wake_lock: Release wakelock is released 
05-11 23:05:36.414  1931  2015 E HeatmapThread: ECT Thread time in milliseconds: 1778558736
05-11 23:05:36.417  1931  2015 D HeatmapThread: !@ batteryplugType : 2
05-11 23:05:36.417  1931  2015 D HeatmapThread: !@ batteryLevel : 80  batteryTemperature : 277 
05-11 23:05:36.418  1931  2015 D HeatmapThread: !@ Heatmap currtime: 29642645
05-11 23:05:36.418  1931  2015 D HeatmapThread: !@ Heatmap prevtime: 29642634
05-11 23:05:36.418  1931  2015 D HeatmapThread: !@ Heatmap plugstarttime: 29631117
05-11 23:05:36.418  1931  2015 D HeatmapThread: !@ Heatmap prevv_dsoh_update_time: 29642635
05-11 23:05:36.418  1931  2015 E HeatmapThread: !@ CAM New BSOH: 100
05-11 23:05:36.418  1931  2015 E HeatmapThread: !@ CAM is Working
05-11 23:05:37.058  2696  4295 I SemWifiServiceDetector: NSD results: [0, 1, 2, 0, 0, 0, 2, 0, 0] Traff. type 1 Thr 0
05-11 23:05:37.282  2696  4321 V SemStrongRssiRoaming: POLL (Rssi:-52 MinRssi:-55 Guard:1)
05-11 23:05:37.284 29569 29569 I wpa_sslib: cmd: GETNCHOMODE
05-11 23:05:37.285 29569 29569 I wpa_sslib: Response: GETNCHOMODE 0
05-11 23:05:37.286  2696  4321 D SemStrongRssiRoaming:  Cancel partial scan
05-11 23:05:37.330  2696  4295 I SemWifiServiceDetector: Service det. suspended: T / T / 29743
05-11 23:05:37.367 29743 29743 I android.wifi.ai: Explicit concurrent mark compact GC freed 15MB AllocSpace bytes, 0(0B) LOS objects, 85% free, 4323KB/28MB, paused 104us,1.087ms total 36.834ms
05-11 23:05:37.414  1931  2015 E HeatmapThread: ECT Thread time in milliseconds: 1778558737
05-11 23:05:37.417  1931  2015 D HeatmapThread: !@ batteryplugType : 2
05-11 23:05:37.417  1931  2015 D HeatmapThread: !@ batteryLevel : 80  batteryTemperature : 277 
05-11 23:05:37.417  1931  2015 D HeatmapThread: !@ Heatmap currtime: 29642645
05-11 23:05:37.417  1931  2015 D HeatmapThread: !@ Heatmap prevtime: 29642634
05-11 23:05:37.417  1931  2015 D HeatmapThread: !@ Heatmap plugstarttime: 29631117
05-11 23:05:37.417  1931  2015 D HeatmapThread: !@ Heatmap prevv_dsoh_update_time: 29642635
05-11 23:05:37.418  1931  2015 E HeatmapThread: !@ CAM New BSOH: 100
05-11 23:05:37.418  1931  2015 E HeatmapThread: !@ CAM is Working
05-11 23:05:37.640  1841 12806 I vendor.qti.bluetooth@1.0-ibs_handler: ProcessIbsCmd: Received IBS_WAKE_IND: 0xFD
05-11 23:05:37.640  1841 12806 D vendor.qti.bluetooth@1.0-ibs_handler: SerialClockVote: vote for UART CLK ON
05-11 23:05:37.640  1841 12806 D vendor.qti.bluetooth@1.0-wake_lock: Acquire wakelock is acquired 
05-11 23:05:37.640  1841 12806 I vendor.qti.bluetooth@1.0-ibs_handler: ProcessIbsCmd: Writing IBS_WAKE_ACK
05-11 23:05:37.656 12691 12812 I ScanController: onScanResult to scannerId: 1- eventType=0x1b, addressType=0, address=XX:XX:XX:XX:5E:72, primaryPhy=1, secondaryPhy=0, advertisingSid=0xff, txPower=127, rssi=-67, periodicAdvInt=0x0
05-11 23:05:37.660 10821 11335 I [-0500]oneconnect[1.8.45.24_01][BEACON_MANAGER_CONTROL_SERVICE]: BleParserForSamsungConnect.parseSamsungConnectPacket_V3 - |name:($)-J(7)|deviceType:SAMSUNG_OCF_SETUP|discoverType:_BLE|services:None|connected:false[Status]0[OcfInfo]69[SetupNet]4[Calm] false true false[Tx]-2147483648 not set
05-11 23:05:37.665 10821  4943 I [-0500]oneconnect[1.8.45.24_01][BEACON_MANAGER_CONTROL_SERVICE]: [EasySetup]EasySetupDevice.setDeviceType - type : UNKNOWN
05-11 23:05:37.666 10821  4943 I [-0500]oneconnect[1.8.45.24_01][BEACON_MANAGER_CONTROL_SERVICE]: [EasySetup]EasySetupDevice.setDeviceType - type : UNKNOWN
05-11 23:05:37.669 10821  4943 I [-0500]oneconnect[1.8.45.24_01][BEACON_MANAGER_CONTROL_SERVICE]: BeaconManagerUtil.isBeaconManagerEnabled - true
05-11 23:05:37.674 12691 12812 I ScanController: onScanResult to scannerId: 2- eventType=0x1b, addressType=0, address=XX:XX:XX:XX:91:89, primaryPhy=1, secondaryPhy=0, advertisingSid=0xff, txPower=127, rssi=-79, periodicAdvInt=0x0
05-11 23:05:37.710 12691 12812 I ScanController: onScanResult to scannerId: 1- eventType=0x1b, addressType=0, address=XX:XX:XX:XX:3C:27, primaryPhy=1, secondaryPhy=0, advertisingSid=0xff, txPower=127, rssi=-80, periodicAdvInt=0x0
05-11 23:05:37.714 12691 12812 I ScanController: onScanResult to scannerId: 1- eventType=0x1b, addressType=0, address=XX:XX:XX:XX:E2:84, primaryPhy=1, secondaryPhy=0, advertisingSid=0xff, txPower=127, rssi=-81, periodicAdvInt=0x0
05-11 23:05:37.737 12691 12812 I ScanController: onScanResult to scannerId: 1- eventType=0x1b, addressType=0, address=XX:XX:XX:XX:5E:72, primaryPhy=1, secondaryPhy=0, advertisingSid=0xff, txPower=127, rssi=-66, periodicAdvInt=0x0
05-11 23:05:37.773 12691 12812 I ScanController: onScanResult to scannerId: 2- eventType=0x1b, addressType=0, address=XX:XX:XX:XX:E2:84, primaryPhy=1, secondaryPhy=0, advertisingSid=0xff, txPower=127, rssi=-80, periodicAdvInt=0x0
05-11 23:05:37.781 12691 12812 I ScanController: onScanResult to scannerId: 1- eventType=0x1b, addressType=0, address=XX:XX:XX:XX:5E:72, primaryPhy=1, secondaryPhy=0, advertisingSid=0xff, txPower=127, rssi=-66, periodicAdvInt=0x0
05-11 23:05:37.825 12691 12812 I ScanController: onScanResult to scannerId: 1- eventType=0x1b, addressType=0, address=XX:XX:XX:XX:3C:27, primaryPhy=1, secondaryPhy=0, advertisingSid=0xff, txPower=127, rssi=-80, periodicAdvInt=0x0
05-11 23:05:37.826 12691 12812 I ScanController: onScanResult to scannerId: 1- eventType=0x1b, addressType=0, address=XX:XX:XX:XX:5E:72, primaryPhy=1, secondaryPhy=0, advertisingSid=0xff, txPower=127, rssi=-66, periodicAdvInt=0x0
05-11 23:05:37.827 15983 18864 I BCMGR[11.2.04.4]: BeaconMainController] onReceive - [1 : bad rssi][2 : ST packet!][3 : ST packet!][4 : bad rssi][5 : ST packet!][6 : bad rssi][7 : bad rssi][8 : ST packet!][9 : ST packet!][10 : bad rssi]
05-11 23:05:37.891  1841 12806 I vendor.qti.bluetooth@1.0-ibs_handler: ProcessIbsCmd: Received IBS_SLEEP_IND: 0xFE
05-11 23:05:37.891  1841 12806 D vendor.qti.bluetooth@1.0-ibs_handler: SerialClockVote: vote for UART CLK OFF
05-11 23:05:38.042  1841 12776 D vendor.qti.bluetooth@1.0-wake_lock: Release wakelock is released 
05-11 23:05:38.159  2696  4159 E WifiStaIfaceAidlImpl: getCachedScanData failed with service-specific exception: android.os.ServiceSpecificException:  (code 4)
05-11 23:05:38.164  2696  9022 D SemWifiUsabilityStatsMonitor: onWifiUsabilityStats - seqNum 171464, isSameBssidAndFreq true
05-11 23:05:38.165  2696  4298 D InsDataManager: onOutageCountUpdate() - Outage Data: 0, LQ : Y. Outage Triggered: false
05-11 23:05:38.165  2696  4298 D InsDataManager: Trying to save initial normal data.
05-11 23:05:38.165  2696  4298 D SensorCollector: syncMappedBuffers: 0, 0, 0
05-11 23:05:38.165  2696  4298 D InsDataManager: trimBuffers start.
05-11 23:05:38.165  2696  4298 D InsDataManager: trimBuffers - nsmBuffer size: 26
05-11 23:05:38.165  2696  4298 D InsDataManager: Too short for collecting additional normal data
05-11 23:05:38.166  2696  4298 D SemInsManager: {"bssid": "a63c1c075560","rssi": -52.0,"latency": 0.0,"outage_count": 0,"lq_callback_triggered": true,"outage_log": "Unreliable statistics: -52.0 / 4 / 282 / 14 / 0 || a63c1c075560: 0.000 / 0.000 / @ || N N / 0 0 / Y 2.0 / Y X 0 / 738694310 0 || Invalid""Magnetic Sensor Events size": "0""Pressure Sensor Events size": "0"}
05-11 23:05:38.167  1856  4411 I sensors-hal: handle_sns_client_event:202, auto_rotation_debug_2 mode,255, type,1,0 acc,0.019,0.258,9.844, ar,0, ver,14, pedo,1,e,1,i,3
05-11 23:05:38.167  2696  4319 D SGM:GameManager: identifyGamePackage. com.google.android.permissioncontroller, mCurrentUserId: 0, callingMethodInfo: com.samsung.android.game.SemGameManager.isGamePackage(SemGameManager.java:106)
05-11 23:05:38.167  2696  4319 D SGM:SemGameManager: isGamePackage(), pkgName=com.google.android.permissioncontroller, ret=false
05-11 23:05:38.414  1931  2015 E HeatmapThread: ECT Thread time in milliseconds: 1778558738
05-11 23:05:38.417  1931  2015 D HeatmapThread: !@ batteryplugType : 2
05-11 23:05:38.417  1931  2015 D HeatmapThread: !@ batteryLevel : 80  batteryTemperature : 277 
05-11 23:05:38.417  1931  2015 D HeatmapThread: !@ Heatmap currtime: 29642645
05-11 23:05:38.417  1931  2015 D HeatmapThread: !@ Heatmap prevtime: 29642634
05-11 23:05:38.417  1931  2015 D HeatmapThread: !@ Heatmap plugstarttime: 29631117
05-11 23:05:38.417  1931  2015 D HeatmapThread: !@ Heatmap prevv_dsoh_update_time: 29642635
05-11 23:05:38.417  1931  2015 E HeatmapThread: !@ CAM New BSOH: 100
05-11 23:05:38.417  1931  2015 E HeatmapThread: !@ CAM is Working
05-11 23:05:39.334  2696  3719 D ActivityManager: freezing 12783 com.skms.android.agent:remote
05-11 23:05:39.414  1931  2015 E HeatmapThread: ECT Thread time in milliseconds: 1778558739
05-11 23:05:39.417  1931  2015 D HeatmapThread: !@ batteryplugType : 2
05-11 23:05:39.417  1931  2015 D HeatmapThread: !@ batteryLevel : 80  batteryTemperature : 277 
05-11 23:05:39.417  1931  2015 D HeatmapThread: !@ Heatmap currtime: 29642645
05-11 23:05:39.417  1931  2015 D HeatmapThread: !@ Heatmap prevtime: 29642634
05-11 23:05:39.417  1931  2015 D HeatmapThread: !@ Heatmap plugstarttime: 29631117
05-11 23:05:39.417  1931  2015 D HeatmapThread: !@ Heatmap prevv_dsoh_update_time: 29642635
05-11 23:05:39.417  1931  2015 E HeatmapThread: !@ CAM New BSOH: 100
05-11 23:05:39.418  1931  2015 E HeatmapThread: !@ CAM is Working
05-11 23:05:39.647  1841 12806 I vendor.qti.bluetooth@1.0-ibs_handler: ProcessIbsCmd: Received IBS_WAKE_IND: 0xFD
05-11 23:05:39.647  1841 12806 D vendor.qti.bluetooth@1.0-ibs_handler: SerialClockVote: vote for UART CLK ON
05-11 23:05:39.648  1841 12806 D vendor.qti.bluetooth@1.0-wake_lock: Acquire wakelock is acquired 
05-11 23:05:39.648  1841 12806 I vendor.qti.bluetooth@1.0-ibs_handler: ProcessIbsCmd: Writing IBS_WAKE_ACK
05-11 23:05:39.657 12691 12812 I ScanController: onScanResult to scannerId: 2- eventType=0x1b, addressType=0, address=XX:XX:XX:XX:E2:84, primaryPhy=1, secondaryPhy=0, advertisingSid=0xff, txPower=127, rssi=-74, periodicAdvInt=0x0
05-11 23:05:39.659 12691 12812 I ScanController: onScanResult to scannerId: 2- eventType=0x1b, addressType=0, address=XX:XX:XX:XX:91:89, primaryPhy=1, secondaryPhy=0, advertisingSid=0xff, txPower=127, rssi=-82, periodicAdvInt=0x0
05-11 23:05:39.660  1894  2981 I thermal_core: pivot(AP) : 282, skin : 290
05-11 23:05:39.690  1859 21677 D AHAL_ModulePrimary_QTI: getVendorParameters: id count: 1
05-11 23:05:39.690  1859 21677 I PAL: ResourceManager: getActiveStream_l: 6569: no active streams found for device 3 ret -2
05-11 23:05:39.690  1859 21677 D AHAL_SecModulePrimary: onGetSECGenericParameters get temperature for g_hw_speaker_amp_temp_rcv: 0
05-11 23:05:39.691  1859 10677 D AHAL_ModulePrimary_QTI: getVendorParameters: id count: 1
05-11 23:05:39.691  1859 10677 I PAL: ResourceManager: getActiveStream_l: 6569: no active streams found for device 3 ret -2
05-11 23:05:39.691  1859 10677 D AHAL_SecModulePrimary: onGetSECGenericParameters get temperature for g_hw_speaker_amp_temp_spk: 0
05-11 23:05:39.693  6827  7585 I SDHMS:x : SIOP:: AP:282 BAT:277 USB:273 CHG:282 PA:288 WIFI:286 CF:283 BLK:0 SUBBAT:0 LRPTHM:278 SKIN:291 SKINF:287 SKINB:291 LRP:291 LRF:287 LRB:291 APT:287 APR:290 RCV:281 SPK:274 CHGF:284 CHGR:288 MEMF:286 MEMR:289 WIFIF:287 WIFIR:291 FCAM:274 UPSPK:280 DNSPK:274 VAP:284 VWIFI:288 AMB2:244 HIGH:0 AVGCUR:-10 POWER:-41
05-11 23:05:39.693  6827  7585 I AudioManager: setParameters keyValuePairs = g_hw_speaker_amp_temp_spk=27
05-11 23:05:39.693 12691 12812 I ScanController: onScanResult to scannerId: 1- eventType=0x1b, addressType=0, address=XX:XX:XX:XX:3C:27, primaryPhy=1, secondaryPhy=0, advertisingSid=0xff, txPower=127, rssi=-70, periodicAdvInt=0x0
05-11 23:05:39.694  1916 13866 D AudioFlinger: setParameters: filtered dev setParameters keyvalue g_hw_speaker_amp_temp_spk=27
05-11 23:05:39.694  1859 10677 D AHAL_HFP_QTI: hfp_set_parameters enter
05-11 23:05:39.694  1859 10677 D AHAL_HFP_QTI: hfp_set_parameters Exit
05-11 23:05:39.694  1859 10677 D AHAL_SecModulePrimary: processSetVendorParameters: configured g_hw_speaker_amp_temp_spk
05-11 23:05:39.695  1859 10677 D AHAL_SecModulePrimary: processSetVendorParameters: handler set on Feature:0
05-11 23:05:39.695  1859 10677 D AHAL_SecModulePrimary: onSetSECGenericParameters set temperature for g_hw_speaker_amp_temp_spk: 27
05-11 23:05:39.695  1859 10677 I PAL: API: pal_set_param: 1377: Enter: param id 3002
05-11 23:05:39.695  1859 10677 I PAL: ResourceManager: getActiveStream_l: 6569: no active streams found for device 3 ret -2
05-11 23:05:39.695  1916 13866 E ConversionHelperAidl: Function: parseAndSetVendorParameters Line: 94 Failed 
05-11 23:05:39.695  1916 13866 E ConversionHelperAidl: Function: parseAndSetVendorParameters Line: 94 Failed 
05-11 23:05:39.696  6827  7585 I AudioManager: setParameters keyValuePairs = g_hw_speaker_amp_temp_rcv=28
05-11 23:05:39.696 10821 11335 I [-0500]oneconnect[1.8.45.24_01][BEACON_MANAGER_CONTROL_SERVICE]: TvOcfParser.onReceive - TV Popup Onboarding is skipped - ($)
05-11 23:05:39.696  1916  2996 D AudioFlinger: setParameters: filtered dev setParameters keyvalue g_hw_speaker_amp_temp_rcv=28
05-11 23:05:39.697  1859 10677 D AHAL_HFP_QTI: hfp_set_parameters enter
05-11 23:05:39.697  1859 10677 D AHAL_HFP_QTI: hfp_set_parameters Exit
05-11 23:05:39.697  1859 10677 D AHAL_SecModulePrimary: processSetVendorParameters: configured g_hw_speaker_amp_temp_rcv
05-11 23:05:39.697  1859 10677 D AHAL_SecModulePrimary: processSetVendorParameters: handler set on Feature:0
05-11 23:05:39.697  1859 10677 D AHAL_SecModulePrimary: onSetSECGenericParameters set temperature for g_hw_speaker_amp_temp_rcv: 28
05-11 23:05:39.697  1859 10677 I PAL: API: pal_set_param: 1377: Enter: param id 3001
05-11 23:05:39.697  1859 10677 I PAL: ResourceManager: getActiveStream_l: 6569: no active streams found for device 3 ret -2
05-11 23:05:39.697  1916  2996 E ConversionHelperAidl: Function: parseAndSetVendorParameters Line: 94 Failed 
05-11 23:05:39.697  1916  2996 E ConversionHelperAidl: Function: parseAndSetVendorParameters Line: 94 Failed 
05-11 23:05:39.735  1841 12806 I vendor.qti.bluetooth@1.0-ibs_handler: ProcessIbsCmd: Received IBS_SLEEP_IND: 0xFE
05-11 23:05:39.735  1841 12806 D vendor.qti.bluetooth@1.0-ibs_handler: SerialClockVote: vote for UART CLK OFF
05-11 23:05:39.737  1841 12806 I vendor.qti.bluetooth@1.0-ibs_handler: ProcessIbsCmd: Received IBS_WAKE_IND: 0xFD
05-11 23:05:39.737  1841 12806 D vendor.qti.bluetooth@1.0-ibs_handler: SerialClockVote: vote for UART CLK ON
05-11 23:05:39.737  1841 12806 I vendor.qti.bluetooth@1.0-ibs_handler: ProcessIbsCmd: Writing IBS_WAKE_ACK
05-11 23:05:39.740 12691 12812 I ScanController: onScanResult to scannerId: 1- eventType=0x1b, addressType=0, address=XX:XX:XX:XX:5E:72, primaryPhy=1, secondaryPhy=0, advertisingSid=0xff, txPower=127, rssi=-69, periodicAdvInt=0x0
05-11 23:05:39.781  1841 12806 I vendor.qti.bluetooth@1.0-ibs_handler: ProcessIbsCmd: Received IBS_SLEEP_IND: 0xFE
05-11 23:05:39.781  1841 12806 D vendor.qti.bluetooth@1.0-ibs_handler: SerialClockVote: vote for UART CLK OFF
05-11 23:05:39.787  1841 12806 I vendor.qti.bluetooth@1.0-ibs_handler: ProcessIbsCmd: Received IBS_WAKE_IND: 0xFD
05-11 23:05:39.787  1841 12806 D vendor.qti.bluetooth@1.0-ibs_handler: SerialClockVote: vote for UART CLK ON
05-11 23:05:39.788  1841 12806 I vendor.qti.bluetooth@1.0-ibs_handler: ProcessIbsCmd: Writing IBS_WAKE_ACK
05-11 23:05:39.816 13277 13301 V CpEventLog(u0): [P] cp_state: [                 contacts = {contacts=370, raw_contacts=428, data=2395, account={secphone(1)=0, sim(2)=0, sim2(3)=0, agg(4)=0, google(5)=371, samsung(6)=0, coreapp(7)=11, duo(8)=46, mobileservice(9)=0}, trash=0, trash_acc={}, trash_sync=0, database=contacts2.db} ]
05-11 23:05:39.816 13277 13301 V CpEventLog(u0): [P] cp_state: [               aggregated = {[5,5]=1, [5,7,8]=1, [5,7]=10, [5,8]=45, [5]=313} ]
05-11 23:05:39.816 13277 13301 V CpEventLog(u0): [P] cp_state: [                  request = {} ]
05-11 23:05:39.816 13277 13301 V CpEventLog(u0): [P] cp_state: [                    calls = {types={}, database=calllog.db} ]
05-11 23:05:39.816 13277 13301 V CpEventLog(u0): [P] cp_state: [                  profile = {contacts=0, raw_contacts=0, data=0, account={secphone(1)=0, sim(2)=0, sim2(3)=0, agg(4)=0, google(5)=0, samsung(6)=0, coreapp(7)=0, duo(8)=0, mobileservice(9)=0}, trash=0, trash_acc={}, trash_sync=0, database=profile.db} ]
05-11 23:05:39.816 13277 13301 V CpEventLog(u0): [P] cp_state: [               sa_profile = {contacts=1, raw_contacts=1, data=3, account={secphone(1)=1, sim(2)=0, sim2(3)=0, agg(4)=0, google(5)=0, samsung(6)=0, coreapp(7)=0, duo(8)=0, mobileservice(9)=0}, trash=0, trash_acc={}, trash_sync=0, database=profile_sa.db} ]
05-11 23:05:39.816 13277 13301 V CpEventLog(u0): [P] cp_state: [                      etc = {binders=0, country_iso=US, version=15.6.28, db_version=2000, db_size=1, db_wal_size=4, csc=/XAA, sec_enabled=false, is_roaming=false} ]
05-11 23:05:39.816 13277 13301 V CpEventLog(u0): [P] cp_state: ------------------------------------------------------------------------------
05-11 23:05:39.829  1841 12806 I vendor.qti.bluetooth@1.0-ibs_handler: ProcessIbsCmd: Received IBS_SLEEP_IND: 0xFE
05-11 23:05:39.829  1841 12806 D vendor.qti.bluetooth@1.0-ibs_handler: SerialClockVote: vote for UART CLK OFF
05-11 23:05:39.875 29569 29569 I wpa_supplicant: Heartbeat 4919
05-11 23:05:39.982  1841 12776 D vendor.qti.bluetooth@1.0-wake_lock: Release wakelock is released 
05-11 23:05:39.995  1856 27123 I sensors-hal: handle_sns_std_sensor_event:408, [SSC_LIGHT] P: 8(8),c:0,b:38,m:13,cl:0,l:8,s:0,l0:1376,l1:0,s0:0,s1:0,acl:1,opr:0.32,f(r):96,u(bl):100,if:96,wi:0,si:0,0(N:0)
05-11 23:05:39.996  1856  4411 I sensors-hal: handle_sns_std_sensor_event:127, [SSC_LIGHT] A: 8(8),c:0,b:38,m:13,cl:0,l:8,s:0,l0:1376,l1:0,s0:0,s1:0,acl:1,opr:0.32,f(r):96,u(bl):100,if:96,wi:0,si:0,0(N:0)
05-11 23:05:40.289  2696  4321 V SemStrongRssiRoaming: POLL (Rssi:-52 MinRssi:-55 Guard:1)
05-11 23:05:40.290 29569 29569 I wpa_sslib: cmd: GETNCHOMODE
05-11 23:05:40.291 29569 29569 I wpa_sslib: Response: GETNCHOMODE 0
05-11 23:05:40.292  2696  4321 D SemStrongRssiRoaming:  Cancel partial scan
05-11 23:05:40.369 12691 12759 I bluetooth: system/gd/hci/le_advertising_manager.cc:903 set_advertising_set_random_address_on_timer: Scheduling address rotation for advertiser_id=0
05-11 23:05:40.369 12691 12759 I bluetooth: system/gd/hci/le_address_manager.cc:581 GetNextPrivateAddressIntervalRange: client=advertising_set_0, nonwake=8m21s, wake=14m42s
05-11 23:05:40.370  1841  1893 D vendor.qti.bluetooth@1.0-ibs_handler: SerialClockVote: vote for UART CLK ON
05-11 23:05:40.372  1841  1893 D vendor.qti.bluetooth@1.0-wake_lock: Acquire wakelock is acquired 
05-11 23:05:40.372  1841  1893 I vendor.qti.bluetooth@1.0-ibs_handler: DeviceWakeUp: Writing IBS_WAKE_IND
05-11 23:05:40.377  1841 12806 I vendor.qti.bluetooth@1.0-ibs_handler: ProcessIbsCmd: Received IBS_WAKE_ACK: 0xFC
05-11 23:05:40.377  1841 12806 I vendor.qti.bluetooth@1.0-ibs_handler: ProcessIbsCmd: Signal wack_cond_
05-11 23:05:40.378  1841  1893 D vendor.qti.bluetooth@1.0-ibs_handler: DeviceWakeUp: Unblocked from waiting for FC, pthread_cond_timedwait ret = 0
05-11 23:05:40.379  1841 12806 I vendor.qti.bluetooth@1.0-ibs_handler: ProcessIbsCmd: Received IBS_WAKE_IND: 0xFD
05-11 23:05:40.379  1841 12806 I vendor.qti.bluetooth@1.0-ibs_handler: ProcessIbsCmd: Writing IBS_WAKE_ACK
05-11 23:05:40.391 12691 12759 I bluetooth: system/gd/hci/le_advertising_manager.cc:1868 on_set_advertising_set_random_address_complete: update random address for advertising set 0 : xx:xx:xx:xx:c2:02
05-11 23:05:40.416  1931  2015 E HeatmapThread: ECT Thread time in milliseconds: 1778558740
05-11 23:05:40.419  1931  2015 D HeatmapThread: !@ batteryplugType : 2
05-11 23:05:40.420  1931  2015 D HeatmapThread: !@ batteryLevel : 80  batteryTemperature : 277 
05-11 23:05:40.420  1931  2015 D HeatmapThread: !@ Heatmap currtime: 29642645
05-11 23:05:40.420  1931  2015 D HeatmapThread: !@ Heatmap prevtime: 29642634
05-11 23:05:40.420  1931  2015 D HeatmapThread: !@ Heatmap plugstarttime: 29631117
05-11 23:05:40.420  1931  2015 D HeatmapThread: !@ Heatmap prevv_dsoh_update_time: 29642635
05-11 23:05:40.420  1931  2015 E HeatmapThread: !@ CAM New BSOH: 100
05-11 23:05:40.420  1931  2015 E HeatmapThread: !@ CAM is Working
05-11 23:05:40.434  1841 12806 I vendor.qti.bluetooth@1.0-ibs_handler: ProcessIbsCmd: Received IBS_SLEEP_IND: 0xFE
05-11 23:05:40.641  1841 12810 I vendor.qti.bluetooth@1.0-ibs_handler: DeviceSleep: TX Awake, Sending SLEEP_IND
05-11 23:05:40.642  1841 12810 D vendor.qti.bluetooth@1.0-ibs_handler: SerialClockVote: vote for UART CLK OFF
05-11 23:05:40.795  1841 12776 D vendor.qti.bluetooth@1.0-wake_lock: Release wakelock is released 
05-11 23:05:41.181  2696  4159 E WifiStaIfaceAidlImpl: getCachedScanData failed with service-specific exception: android.os.ServiceSpecificException:  (code 4)
05-11 23:05:41.186  2696  9022 D SemWifiUsabilityStatsMonitor: onWifiUsabilityStats - seqNum 171465, isSameBssidAndFreq true
05-11 23:05:41.186  2696  4297 I SemWifiLinkQualityMonitor: Link stat: 460 / 9 / 1.29 (9) / 540 / -52.0 || 100.0 : 540.00 / 0.5 : 0.78 / 0.55 : 0.02 / G (G) || a63c1c075560: 0.088 / 90.650 / N || N N / 0 0 / Y 2.0 / Y X 0 / 738697331 0 || Invalid
05-11 23:05:41.187  2696  4298 D InsDataManager: onOutageCountUpdate() - Outage Data: 0, LQ : Y. Outage Triggered: false
05-11 23:05:41.187  2696  4298 D InsDataManager: Trying to save initial normal data.
05-11 23:05:41.187  2696  4298 D SensorCollector: syncMappedBuffers: 0, 0, 0
05-11 23:05:41.187  2696  4298 D InsDataManager: trimBuffers start.
05-11 23:05:41.187  2696  4298 D InsDataManager: trimBuffers - nsmBuffer size: 26
05-11 23:05:41.188  2696  4298 D InsDataManager: Too short for collecting additional normal data
05-11 23:05:41.188  2696  4298 D SemInsManager: {"bssid": "a63c1c075560","rssi": -52.0,"latency": 0.08825162191015849,"outage_count": 0,"lq_callback_triggered": true,"outage_log": "Link stat: 460 / 9 / 1.29 (9) / 540 / -52.0 || 100.0 : 540.00 / 0.5 : 0.78 / 0.55 : 0.02 / G (G) || a63c1c075560: 0.088 / 90.650 / N || N N / 0 0 / Y 2.0 / Y X 0 / 738697331 0 || Invalid""Magnetic Sensor Events size": "0""Pressure Sensor Events size": "0"}
05-11 23:05:41.188  2696  4319 D SGM:GameManager: identifyGamePackage. com.google.android.permissioncontroller, mCurrentUserId: 0, callingMethodInfo: com.samsung.android.game.SemGameManager.isGamePackage(SemGameManager.java:106)
05-11 23:05:41.188  2696  4319 D SGM:SemGameManager: isGamePackage(), pkgName=com.google.android.permissioncontroller, ret=false
05-11 23:05:41.320  1841 12806 I vendor.qti.bluetooth@1.0-ibs_handler: ProcessIbsCmd: Received IBS_WAKE_IND: 0xFD
05-11 23:05:41.320  1841 12806 D vendor.qti.bluetooth@1.0-ibs_handler: SerialClockVote: vote for UART CLK ON
05-11 23:05:41.320  1841 12806 D vendor.qti.bluetooth@1.0-wake_lock: Acquire wakelock is acquired 
05-11 23:05:41.320  1841 12806 I vendor.qti.bluetooth@1.0-ibs_handler: ProcessIbsCmd: Writing IBS_WAKE_ACK
05-11 23:05:41.335 12691 12812 I ScanController: onScanResult to scannerId: 1- eventType=0x1b, addressType=0, address=XX:XX:XX:XX:5E:72, primaryPhy=1, secondaryPhy=0, advertisingSid=0xff, txPower=127, rssi=-72, periodicAdvInt=0x0
05-11 23:05:41.335 12691 12812 I ScanController: onScanResult to scannerId: 1- eventType=0x1b, addressType=0, address=XX:XX:XX:XX:3C:27, primaryPhy=1, secondaryPhy=0, advertisingSid=0xff, txPower=127, rssi=-74, periodicAdvInt=0x0
05-11 23:05:41.337 12691 12812 I ScanController: onScanResult to scannerId: 2- eventType=0x1b, addressType=0, address=XX:XX:XX:XX:E2:84, primaryPhy=1, secondaryPhy=0, advertisingSid=0xff, txPower=127, rssi=-80, periodicAdvInt=0x0
05-11 23:05:41.338 10821 11335 I [-0500]oneconnect[1.8.45.24_01][BEACON_MANAGER_CONTROL_SERVICE]: BleParserForSamsungConnect.parseSamsungConnectPacket_V3 - |name:($)-J(7)|deviceType:SAMSUNG_OCF_SETUP|discoverType:_BLE|services:None|connected:false[Status]0[OcfInfo]69[SetupNet]4[Calm] false true false[Tx]-2147483648 not set
05-11 23:05:41.344 10821  4943 I [-0500]oneconnect[1.8.45.24_01][BEACON_MANAGER_CONTROL_SERVICE]: [EasySetup]EasySetupDevice.setDeviceType - type : UNKNOWN
05-11 23:05:41.344 12691 12812 I ScanController: onScanResult to scannerId: 1- eventType=0x1b, addressType=0, address=XX:XX:XX:XX:3C:27, primaryPhy=1, secondaryPhy=0, advertisingSid=0xff, txPower=127, rssi=-74, periodicAdvInt=0x0
05-11 23:05:41.345 10821  4943 I [-0500]oneconnect[1.8.45.24_01][BEACON_MANAGER_CONTROL_SERVICE]: [EasySetup]EasySetupDevice.setDeviceType - type : UNKNOWN
05-11 23:05:41.348 10821  4943 I [-0500]oneconnect[1.8.45.24_01][BEACON_MANAGER_CONTROL_SERVICE]: BeaconManagerUtil.isBeaconManagerEnabled - true
05-11 23:05:41.353 12691 12812 I ScanController: onScanResult to scannerId: 1- eventType=0x1b, addressType=0, address=XX:XX:XX:XX:5E:72, primaryPhy=1, secondaryPhy=0, advertisingSid=0xff, txPower=127, rssi=-71, periodicAdvInt=0x0
05-11 23:05:41.389 12691 12812 I ScanController: onScanResult to scannerId: 1- eventType=0x1b, addressType=0, address=XX:XX:XX:XX:5E:72, primaryPhy=1, secondaryPhy=0, advertisingSid=0xff, txPower=127, rssi=-71, periodicAdvInt=0x0
05-11 23:05:41.408 12691 12812 I ScanController: onScanResult to scannerId: 1- eventType=0x1b, addressType=0, address=XX:XX:XX:XX:5E:72, primaryPhy=1, secondaryPhy=0, advertisingSid=0xff, txPower=127, rssi=-74, periodicAdvInt=0x0
05-11 23:05:41.414  1931  2015 E HeatmapThread: ECT Thread time in milliseconds: 1778558741
05-11 23:05:41.416  1931  2015 D HeatmapThread: !@ batteryplugType : 2
05-11 23:05:41.416  1931  2015 D HeatmapThread: !@ batteryLevel : 80  batteryTemperature : 277 
05-11 23:05:41.417  1931  2015 D HeatmapThread: !@ Heatmap currtime: 29642645
05-11 23:05:41.417  1931  2015 D HeatmapThread: !@ Heatmap prevtime: 29642634
05-11 23:05:41.417  1931  2015 D HeatmapThread: !@ Heatmap plugstarttime: 29631117
05-11 23:05:41.417  1931  2015 D HeatmapThread: !@ Heatmap prevv_dsoh_update_time: 29642635
05-11 23:05:41.417  1931  2015 E HeatmapThread: !@ CAM New BSOH: 100
05-11 23:05:41.417  1931  2015 E HeatmapThread: !@ CAM is Working
05-11 23:05:41.442 12691 12812 I ScanController: onScanResult to scannerId: 1- eventType=0x1b, addressType=0, address=XX:XX:XX:XX:3C:27, primaryPhy=1, secondaryPhy=0, advertisingSid=0xff, txPower=127, rssi=-74, periodicAdvInt=0x0
05-11 23:05:41.444 12691 12812 I ScanController: onScanResult to scannerId: 1- eventType=0x1b, addressType=0, address=XX:XX:XX:XX:3C:27, primaryPhy=1, secondaryPhy=0, advertisingSid=0xff, txPower=127, rssi=-74, periodicAdvInt=0x0
05-11 23:05:41.445 15983 18864 I BCMGR[11.2.04.4]: BeaconMainController] onReceive - [1 : ST packet!][2 : ST packet!][3 : ST packet!][4 : ST packet!][5 : bad rssi][6 : bad rssi][7 : ST packet!][8 : ST packet!][9 : ST packet!][10 : bad rssi]
05-11 23:05:41.484 12691 12812 I ScanController: onScanResult to scannerId: 1- eventType=0x1b, addressType=0, address=XX:XX:XX:XX:5E:72, primaryPhy=1, secondaryPhy=0, advertisingSid=0xff, txPower=127, rssi=-71, periodicAdvInt=0x0
05-11 23:05:41.523  1841 12806 I vendor.qti.bluetooth@1.0-ibs_handler: ProcessIbsCmd: Received IBS_SLEEP_IND: 0xFE
05-11 23:05:41.523  1841 12806 D vendor.qti.bluetooth@1.0-ibs_handler: SerialClockVote: vote for UART CLK OFF
05-11 23:05:41.673  1841 12776 D vendor.qti.bluetooth@1.0-wake_lock: Release wakelock is released 
05-11 23:05:41.705 30075 30137 I LPAPSH  : handleMessage 100                                                                                   [at com.samsung.euicc.push.SMDSService$SMDSHandler.handleMessage(SMDSService$SMDSHandler.java:136)]
05-11 23:05:41.708 30075 30075 I LPAPSH  : onDestroy(): Handler (com.samsung.euicc.push.SMDSService$SMDSHandler) {fa299f6}                     [at com.samsung.euicc.push.SMDSService.onDestroy(SMDSService.java:123)]
05-11 23:05:42.009  1894  1894 I seh_thermal_service: getTemperaturesWithType SehTemperatureType: 3
05-11 23:05:42.010  1889  1889 I sehhealth-service: updateLrpSysfs: write: 291
05-11 23:05:42.010  1889  1991 E BatteryDump: !@new_battery_dump : 4195,-2,1400,3370,80,277,273,282,276,0,290,282,0,Not-charging,NO_CHARGING,None,Good,PDIC,0,Normal,0,0,9300,0x8000,0x11010000,0x0,0,0,137,v0002,0000,0000,ffff0700,0,0,0,0,170,4195,7914,980,0,
05-11 23:05:42.414  1931  2015 E HeatmapThread: ECT Thread time in milliseconds: 1778558742
05-11 23:05:42.418  1931  2015 D HeatmapThread: !@ batteryplugType : 2
05-11 23:05:42.418  1931  2015 D HeatmapThread: !@ batteryLevel : 80  batteryTemperature : 277 
05-11 23:05:42.418  1931  2015 D HeatmapThread: !@ Heatmap currtime: 29642645
05-11 23:05:42.418  1931  2015 D HeatmapThread: !@ Heatmap prevtime: 29642634
05-11 23:05:42.419  1931  2015 D HeatmapThread: !@ Heatmap plugstarttime: 29631117
05-11 23:05:42.419  1931  2015 D HeatmapThread: !@ Heatmap prevv_dsoh_update_time: 29642635
05-11 23:05:42.419  1931  2015 E HeatmapThread: !@ CAM New BSOH: 100
05-11 23:05:42.419  1931  2015 E HeatmapThread: !@ CAM is Working
05-11 23:05:42.519  1238  1238 D io_stats: !@   8,0 r 3225564 123938348 w 4761718 226240624 d 812506 772737160 f 86162 470831 iot 1326832 0 th 0 0 0 pt 0 inp 0 0 738698.665
05-11 23:05:42.519  1238  1238 D io_stats: !@ Write_top(KB): kworker/u17:2:/(28441) 956 vendor.samsung.:normal(1889) 8
05-11 23:05:42.889 24694 29974 I NearbyMediums: No BLE Fast/GATT advertisements found in the latest cycle.
05-11 23:05:42.889 24694 29974 I NearbyMediums: Current Tracked Scanning Clients are : {NearbyConnections.EnvironmentMonitor, NearbySharing, NearbyConnections.TxAdvertisement}
05-11 23:05:43.295  2696  4321 V SemStrongRssiRoaming: POLL (Rssi:-51 MinRssi:-55 Guard:1)
05-11 23:05:43.295 29569 29569 I wpa_sslib: cmd: GETNCHOMODE
05-11 23:05:43.296 29569 29569 I wpa_sslib: Response: GETNCHOMODE 0
05-11 23:05:43.297  2696  4321 D SemStrongRssiRoaming:  Cancel partial scan
05-11 23:05:43.313  1841 12806 I vendor.qti.bluetooth@1.0-ibs_handler: ProcessIbsCmd: Received IBS_WAKE_IND: 0xFD
05-11 23:05:43.313  1841 12806 D vendor.qti.bluetooth@1.0-ibs_handler: SerialClockVote: vote for UART CLK ON
05-11 23:05:43.314  1841 12806 D vendor.qti.bluetooth@1.0-wake_lock: Acquire wakelock is acquired 
05-11 23:05:43.314  1841 12806 I vendor.qti.bluetooth@1.0-ibs_handler: ProcessIbsCmd: Writing IBS_WAKE_ACK
05-11 23:05:43.331 12691 12812 I ScanController: onScanResult to scannerId: 1- eventType=0x1b, addressType=0, address=XX:XX:XX:XX:5E:72, primaryPhy=1, secondaryPhy=0, advertisingSid=0xff, txPower=127, rssi=-66, periodicAdvInt=0x0
05-11 23:05:43.346  2696  4295 I SemWifiServiceDetector: Service det. resumed: T / T / 29743
05-11 23:05:43.402 12691 12812 I ScanController: onScanResult to scannerId: 1- eventType=0x1b, addressType=0, address=XX:XX:XX:XX:E2:84, primaryPhy=1, secondaryPhy=0, advertisingSid=0xff, txPower=127, rssi=-80, periodicAdvInt=0x0
05-11 23:05:43.404 12691 12812 I ScanController: onScanResult to scannerId: 1- eventType=0x1b, addressType=0, address=XX:XX:XX:XX:5E:72, primaryPhy=1, secondaryPhy=0, advertisingSid=0xff, txPower=127, rssi=-66, periodicAdvInt=0x0
05-11 23:05:43.411 12691 12812 I ScanController: onScanResult to scannerId: 1- eventType=0x1b, addressType=0, address=XX:XX:XX:XX:3C:27, primaryPhy=1, secondaryPhy=0, advertisingSid=0xff, txPower=127, rssi=-80, periodicAdvInt=0x0
05-11 23:05:43.414  1931  2015 E HeatmapThread: ECT Thread time in milliseconds: 1778558743
05-11 23:05:43.416  1931  2015 D HeatmapThread: !@ batteryplugType : 2
05-11 23:05:43.416  1931  2015 D HeatmapThread: !@ batteryLevel : 80  batteryTemperature : 277 
05-11 23:05:43.416  1931  2015 D HeatmapThread: !@ Heatmap currtime: 29642645
05-11 23:05:43.416  1931  2015 D HeatmapThread: !@ Heatmap prevtime: 29642634
05-11 23:05:43.416  1931  2015 D HeatmapThread: !@ Heatmap plugstarttime: 29631117
05-11 23:05:43.416  1931  2015 D HeatmapThread: !@ Heatmap prevv_dsoh_update_time: 29642635
05-11 23:05:43.416  1931  2015 E HeatmapThread: !@ CAM New BSOH: 100
05-11 23:05:43.416  1931  2015 E HeatmapThread: !@ CAM is Working
05-11 23:05:43.418 12691 12812 I ScanController: onScanResult to scannerId: 1- eventType=0x1b, addressType=0, address=XX:XX:XX:XX:3C:27, primaryPhy=1, secondaryPhy=0, advertisingSid=0xff, txPower=127, rssi=-80, periodicAdvInt=0x0
05-11 23:05:43.457  1841 12806 I vendor.qti.bluetooth@1.0-ibs_handler: ProcessIbsCmd: Received IBS_SLEEP_IND: 0xFE
05-11 23:05:43.458  1841 12806 D vendor.qti.bluetooth@1.0-ibs_handler: SerialClockVote: vote for UART CLK OFF
05-11 23:05:43.485  1841 12806 I vendor.qti.bluetooth@1.0-ibs_handler: ProcessIbsCmd: Received IBS_WAKE_IND: 0xFD
05-11 23:05:43.485  1841 12806 D vendor.qti.bluetooth@1.0-ibs_handler: SerialClockVote: vote for UART CLK ON
05-11 23:05:43.485  1841 12806 I vendor.qti.bluetooth@1.0-ibs_handler: ProcessIbsCmd: Writing IBS_WAKE_ACK
05-11 23:05:43.499 12691 12812 I ScanController: onScanResult to scannerId: 2- eventType=0x1b, addressType=0, address=XX:XX:XX:XX:E2:84, primaryPhy=1, secondaryPhy=0, advertisingSid=0xff, txPower=127, rssi=-81, periodicAdvInt=0x0
05-11 23:05:43.541  1841 12806 I vendor.qti.bluetooth@1.0-ibs_handler: ProcessIbsCmd: Received IBS_SLEEP_IND: 0xFE
05-11 23:05:43.541  1841 12806 D vendor.qti.bluetooth@1.0-ibs_handler: SerialClockVote: vote for UART CLK OFF
05-11 23:05:43.691  1841 12776 D vendor.qti.bluetooth@1.0-wake_lock: Release wakelock is released 
