05-11 23:05:14.444  2696  3011 V WindowManager: Sent Transition (#523) createdAt=05-11 23:05:14.406 via request=TransitionRequestInfo { type = OPEN, triggerTask = TaskInfo{userId=0 taskId=296 effectiveUid=10378 displayId=0 isRunning=true baseIntent=Intent { act=android.intent.action.MAIN cat=[android.intent.category.LAUNCHER] flg=0x10200000 cmp=com.amovi.app/.MainActivity } baseActivity=ComponentInfo{com.amovi.app/com.amovi.app.MainActivity} topActivity=ComponentInfo{com.google.android.permissioncontroller/com.android.permissioncontroller.permission.ui.GrantPermissionsActivity} origActivity=null realActivity=ComponentInfo{com.amovi.app/com.amovi.app.MainActivity} numActivities=2 lastActiveTime=1103622710 supportsMultiWindow=true resizeMode=1 isResizeable=true minWidth=-1 minHeight=-1 maxWidth=-1 maxHeight=-1 defaultMinSize=220 desktopDefaultMinSize=304 token=WCT{RemoteToken{7dc3894 Task{2a37686 #296 type=standard A=10378:com.amovi.app}}} topActivityType=1 pictureInPictureParams=null shouldDockBigOverlays=false launchIntoPipHostTaskId=-1 lastParentTaskIdBeforePip=-1 displayCutoutSafeInsets=Rect(0, 0 - 0, 0) topActivityInfo=ActivityInfo{e20b315 com.android.permissioncontroller.permission.ui.GrantPermissionsActivity} launchCookies=[] positionInParent=Point(0, 0) parentTaskId=-1 isFocused=true isVisible=true isVisibleRequested=true isTopActivityNoDisplay=false isSleeping=false locusId=null displayAreaFeatureId=1 isTopActivityTransparent=true isActivityStackTransparent=false lastNonFullscreenBounds=Rect(81, 560 - 999, 1730) capturedLink=null capturedLinkTimestamp=0 requestedVisibleTypes=-9 topActivityRequestOpenInBrowserEducationTimestamp=0 appCompatTaskInfo=AppCompatTaskInfo { topActivityInSizeCompat=false eligibleForLetterboxEducation= false isLetterboxEducationEnabled= false isLetterboxDoubleTapEnabled= false eligibleForUserAspectRatioButton= false topActivityBoundsLetterboxed= false isFromLetterboxDoubleTap= false topActivityLetterboxVerticalPosition= -1 topActivityLetterboxHorizontalPosition= -1 topActivityLetterboxWidth=-1 topActivityLetterboxHeight=-1 topActivityAppBounds=Rect(0, 0 - 1080, 2340) isUserFullscreenOverrideEnabled=false isSystemFullscreenOverrideEnabled=false hasMinAspectRatioOverride=false topActivityLetterboxBounds=null cameraCompatTaskInfo=CameraCompatTaskInfo { freeformCameraCompatMode=inactive} topActivityBounds=null topActivityInDisplayCompat=false singleTapFromLetterbox=false} topActivityMainWindowFrame=null originallySupportedMultiWindow=true hasWallpaper=false rootAffinity=10378:com.amovi.app isTopTaskInStage=false CoverLauncherWidgetTask=false LaunchedFromAppsCoverLauncherTask=false LaunchedFromMultistarCoverLauncherTask=false isAllowedSeamlessRotation=false isTopTransparentActivity=false isAliasManaged=false hasConfigChanged=false snappingGuideBounds=null isAiKeyRemoveAppTask=false lastDesktopWindowingBounds=null lastExternalDesktopWindowingBounds=null safeCutoutInsets=null}, pipChange = null, remoteTransition = null, displayChange = null, flags = 0, debugId = 523 }
05-11 23:05:14.444  2696  3011 V WindowManager:     startWCT=WindowContainerTransaction { changes= {} hops= [] errorCallbackToken=null taskFragmentOrganizer=null }
05-11 23:05:14.444  2696  3011 V WindowManager:     info={id=523 t=OPEN f=0x0 trk=0 r=[0@Point(0, 0)] c=[
05-11 23:05:14.444  2696  3011 V WindowManager:         {m=OPEN f=TRANSLUCENT|FILLS_TASK|IS_ACTIVITY|EDGE_EXTENSION_RESTRICTION leash=Surface(name=ActivityRecord{220030979 u0 com.google.android.permissioncontroller/com.android.permissioncontroller.permission.ui.GrantPermissionsActivity t296})/@0xfd6ca59 sb=Rect(0, 0 - 0, 0) eb=Rect(0, 0 - 1080, 2340) epz=Point(1080, 2340) d=-1->0 r=-1->0:-1 bc=fffcfcff component=com.google.android.permissioncontroller/com.android.permissioncontroller.permission.ui.GrantPermissionsActivity opt={t=FROM_STYLE mUserId=0} inset=Rect(0, 0 - 0, 0) taskIdForActivity=296}
05-11 23:05:14.444  2696  3011 V WindowManager:     ]}
05-11 23:05:14.444  2696  3011 V WindowManager: Finish Transition (#523): created at 05-11 23:05:14.406 collect-started=0.307ms request-sent=3.35ms started=4.487ms ready=9.998ms sent=35.351ms finished=37.412ms
05-11 23:05:14.448  1968  1968 I SurfaceFlinger: RequestedLayer [ActivityRecord{220030979 u0 com.goog[...]GrantPermissionsActivity t296}#10501] hidden!! flag  from(1) --> to(0)
05-11 23:05:14.448  4432  4432 D SystemUIService: SYSUI_RAM_OPTIMIZATION onTrimMemory=20
05-11 23:05:14.448  1968  1968 E SurfaceFlinger: alpha changed 1.000 -> 0.000 - ActivityRecord{220030979 u0 com.google.android.permissioncontroller/com.android.permissioncontroller.permission.ui.GrantPermissionsActivity t296}#10501
05-11 23:05:14.448  1968  1968 I SurfaceFlinger: RequestedLayer [24a251f com.google.android.permissio[...]on.ui.GrantPermissionsActivity#10502] hidden!! flag  from(1) --> to(0)
05-11 23:05:14.448  1968  1968 I SurfaceFlinger: RequestedLayer [com.google.android.permissioncontrol[...]rantPermissionsActivity$_15196#10503] hidden!! flag  from(1) --> to(0)
05-11 23:05:14.448  1968  1968 I SurfaceFlinger: RequestedLayer [Transition Root: ActivityRecord{2200[...]GrantPermissionsActivity t296}#10506] hidden!! flag  from(1) --> to(0)
05-11 23:05:14.448  1968  1968 E SurfaceFlinger: alpha changed 0.000 -> 1.000 - ActivityRecord{220030979 u0 com.google.android.permissioncontroller/com.android.permissioncontroller.permission.ui.GrantPermissionsActivity t296}#10501
05-11 23:05:14.448  1968  1968 I SurfaceFlinger: [Display 0 name="Built-in Screen"#49] setFrameRateCategory: Default
05-11 23:05:14.448  4432  4432 D CentralSurfaces: SYSUI_RAM_OPTIMIZATION onTrimMemory=20
05-11 23:05:14.448  1968  1968 I SurfaceFlinger: [LayerHierarchy{RequestedLayerState{ImeContainer#15 parentId=10488 relativeParentId=10488 z=1} 1 children}] RelativeParent to null
05-11 23:05:14.448  1968  1968 I SurfaceFlinger: [LayerHierarchy{RequestedLayerState{Surface(name=b1f5cfb StatusBar)/@0x6be6dca - animation-leash of insets_animation#10498} 1 children}] reparent to OffscreenRoot
05-11 23:05:14.448  1968  1968 I SurfaceFlinger: [LayerHierarchy{RequestedLayerState{Surface(name=b1f5cfb StatusBar)/@0x6be6dca - animation-leash of insets_animation#10498} 1 children}] RelativeParent to null
05-11 23:05:14.448  1968  1968 I SurfaceFlinger: [LayerHierarchy{RequestedLayerState{99ac747 NavigationBar0#91 parentId=10504} 1 children}] reparent to LayerHierarchy{RequestedLayerState{Surface(name=99ac747 NavigationBar0)/@0x8ee3c1f - animation-leash of insets_animation#10504 parentId=90} 1 children}
05-11 23:05:14.448  2696  6036 D FreecessController: BG freezed, skip OLAF unfreeze for (com.samsung.android.themestore, 10158)
05-11 23:05:14.448  1968  1968 I SurfaceFlinger: [LayerHierarchy{RequestedLayerState{b1f5cfb StatusBar#95 parentId=10505} 1 children}] reparent to LayerHierarchy{RequestedLayerState{Surface(name=b1f5cfb StatusBar)/@0x6be6dca - animation-leash of insets_animation#10505 parentId=94} 1 children}
05-11 23:05:14.448  1968  1968 I SurfaceFlinger: [LayerHierarchy{RequestedLayerState{Surface(name=99ac747 NavigationBar0)/@0x8ee3c1f - animation-leash of insets_animation#10497} no children}] reparent to OffscreenRoot
05-11 23:05:14.448  4432  4432 D SystemUIService: SYSUI_RAM_OPTIMIZATION onTrimMemory=20
05-11 23:05:14.448  1968  1968 I SurfaceFlinger: [LayerHierarchy{RequestedLayerState{Surface(name=99ac747 NavigationBar0)/@0x8ee3c1f - animation-leash of insets_animation#10497} no children}] RelativeParent to null
05-11 23:05:14.448  4432  4432 D CentralSurfaces: SYSUI_RAM_OPTIMIZATION onTrimMemory=20
05-11 23:05:14.448  1968  1968 I SurfaceFlinger: [LayerHierarchy{RequestedLayerState{ActivityRecord{220030979 u0 com.google.android.permissioncontroller/com.android.permissioncontroller.permission.ui.GrantPermissionsActivity t296}#10501 parentId=10487 z=1} 1 children}] reparent to LayerHierarchy{RequestedLayerState{Task=296#10487 parentId=10 z=6} 2 children}
05-11 23:05:14.448  1968  1968 I SurfaceFlinger: [Transition Root: ActivityRecord{220030979 u0 com.google.android.permissioncontroller/com.android.permissioncontroller.permission.ui.GrantPermissionsActivity t296}#10506] attach to parent OffscreenRoot
05-11 23:05:14.448  4432  4689 D HWUI    : CacheManager::trimMemory(20)
05-11 23:05:14.448  1968  1968 I SurfaceFlinger: [886380 ActivityRecordInputSink com.google.android.permissioncontroller/com.android.permissioncontroller.permission.ui.GrantPermissionsActivity#10507] attach to parent LayerHierarchy{RequestedLayerState{ActivityRecord{220030979 u0 com.google.android.permissioncontroller/com.android.permissioncontroller.permission.ui.GrantPermissionsActivity t296}#10501 parentId=10487 z=1} 2 children}
05-11 23:05:14.448  2696  6036 D FreecessController: BG freezed, skip OLAF unfreeze for (com.google.audio.hearing.visualization.accessibility.scribe, 10203)
05-11 23:05:14.448  1968  2567 I SurfaceFlinger: id=10508 createSurf, flag=20004, Dim Layer for - Task=296#10508
05-11 23:05:14.449  4432  4689 D HWUI    : CacheManager::trimMemory(20)
05-11 23:05:14.449  1968  2567 I SurfaceFlinger: id=10506 Removed Transition Root: ActivityRecord{220030979 u0 com.google.android.permissioncontroller/com.android.permissioncontroller.permission.ui.GrantPermissionsActivity t296}#10506 (144)
05-11 23:05:14.449 15196 15196 I InsetsSourceConsumer: applyRequestedVisibilityToControl: visible=true, type=navigationBars, host=com.google.android.permissioncontroller/com.android.permissioncontroller.permission.ui.GrantPermissionsActivity
05-11 23:05:14.449  2696  3014 I DisplayDeviceRepository: Display device changed render timings: "Built-in Screen", renderFrameRate=120.00001, presentationDeadlineNanos=9333333, appVsyncOffsetNanos=8333333, frameRateOverrides=[]
05-11 23:05:14.450 15196 15196 I InsetsSourceConsumer: applyRequestedVisibilityToControl: visible=true, type=statusBars, host=com.google.android.permissioncontroller/com.android.permissioncontroller.permission.ui.GrantPermissionsActivity
05-11 23:05:14.450  1968  2044 I SurfaceFlinger: id=10497 Removed Surface(name=99ac747 NavigationBar0)/@0x8ee3c1f - animation-leash of insets_animation#10497 (144)
05-11 23:05:14.450  1968  2044 I SurfaceFlinger: id=10498 Removed Surface(name=b1f5cfb StatusBar)/@0x6be6dca - animation-leash of insets_animation#10498 (144)
05-11 23:05:14.450  1968  1968 D SurfaceFlinger: Display 4630947191136750483 HWC layers:
05-11 23:05:14.450  1968  1968 D SurfaceFlinger:        DEVICE |          129549098549249 | 00002102 | RGBA_8888    |    0.0    0.0 1080.0 2340.0 |    0    0 1080 2340 | com.amovi.app/com.amovi.app.MainActivity$_30163#10496 (19)
05-11 23:05:14.450  1968  1968 D SurfaceFlinger:        DEVICE |           65266323030163 | 00002100 | RGBA_8888    |    0.0    0.0 1080.0  711.0 |    0 1500 1080 2211 | com.google.android.permissioncontrol[...]rantPermissionsActivity$_15196#10503 (1)
05-11 23:05:14.450  1968  1968 D SurfaceFlinger:        DEVICE |           19035295058932 | 00002100 | RGBA_8888    |    0.0    0.0 1080.0   85.0 |    0    0 1080   85 | StatusBar$_4432#101 (63544)
05-11 23:05:14.450  1968  1968 D SurfaceFlinger:        DEVICE |           23149873726404 | 00002100 | RGBA_8888    |    0.0    0.0   67.0  342.0 | 1013  438 1080  780 | com.sec.android.app.launcher/com.sam[...]l.app.CocktailBarService$_5390#10394 (3)
05-11 23:05:14.450  1968  1968 D SurfaceFlinger:        DEVICE |           19035295055880 | 00002100 | RGBA_8888    |    0.0    0.0 1080.0  135.0 |    0 2205 1080 2340 | NavigationBar0$_4432#100 (7421)
05-11 23:05:14.450  1968  1968 D SurfaceFlinger: 
05-11 23:05:14.450  1968  2988 D SurfaceFlinger: [input] setFocusedWindow: 24a251f com.google.android.permissioncontroller/com.android.permissioncontroller.permission.ui.GrantPermissionsActivity
05-11 23:05:14.450  5390 24579 I HoneySpace.Memory-Monitor: current state = 2, didTrim = false
05-11 23:05:14.450  2696  3015 D WindowManager: updateSystemBarAttributes: displayId=0, focusedCanBeNavColorWin=false, win=Window{24a251f u0 com.google.android.permissioncontroller/com.android.permissioncontroller.permission.ui.GrantPermissionsActivity}, navColorWin=Window{24a251f u0 com.google.android.permissioncontroller/com.android.permissioncontroller.permission.ui.GrantPermissionsActivity}, caller=com.android.server.wm.DisplayPolicy.finishPostLayoutPolicyLw:17 com.android.server.wm.RootWindowContainer.applySurfaceChangesTransaction$1:195 com.android.server.wm.RootWindowContainer.performSurfacePlacementNoTrace:59 
05-11 23:05:14.450  2696  6964 D InputDispatcher: Once focus requested (0): 24a251f com.google.android.permissioncontroller/com.android.permissioncontroller.permission.ui.GrantPermissionsActivity
05-11 23:05:14.450  2696  6964 D InputDispatcher: Focus request (0): 24a251f com.google.android.permissioncontroller/com.android.permissioncontroller.permission.ui.GrantPermissionsActivity but waiting because NO_WINDOW
05-11 23:05:14.451  2696  3015 D WindowManager: updateSystemBarAttributes, bhv=1, apr=0, statusBarAprRegions=[AppearanceRegion{ bounds=[0,0][1080,2340]}], requestedVisibilities=-9
05-11 23:05:14.451  2696  3015 D SurfaceComposerClient: setCornerRadius ## 24a251f com.google.android.permissioncontroller/com.android.permissioncontroller.permission.ui.GrantPermissionsActivity#10502 cornerRadius=0.000000
05-11 23:05:14.451  4432  4432 D DisplayLifecycle: updateDisplay id = 0
05-11 23:05:14.451  2696  3015 D SurfaceComposerClient: setCornerRadius ## f0a1ea com.amovi.app/com.amovi.app.MainActivity#10495 cornerRadius=0.000000
05-11 23:05:14.451  2696  3842 D InputDispatcher: Focus entered window (0): 24a251f com.google.android.permissioncontroller/com.android.permissioncontroller.permission.ui.GrantPermissionsActivity
05-11 23:05:14.451 15196 15196 D VRI[GrantPermissionsActivity]@d9e80c3: mThreadedRenderer.initializeIfNeeded()#2 mSurface={isValid=true 0xb4000075f6b0ea10}
05-11 23:05:14.451 15196 15196 D InputMethodManagerUtils: startInputInner - Id : 0
05-11 23:05:14.451 15196 15196 I InputMethodManager: startInputInner - IInputMethodManagerGlobalInvoker.startInputOrWindowGainedFocus
05-11 23:05:14.451  4432  4432 D NavigationBar: onSystemBarAttributesChanged() -  displayId:0, appearance:0, packageName: com.google.android.permissioncontroller, navbarColorManagedByIme:false
05-11 23:05:14.451  2696  4220 D WifiDisplayAdapter: isFitToActiveDisplayLocked : false
05-11 23:05:14.451  4432  4668 D StackScroller: onDisplayChanged for predraw skip to 2
05-11 23:05:14.451  2696  3767 V InputMethodManagerService: startInputOrWindowGainedFocusInternalLocked: reason=WINDOW_FOCUS_GAIN client=android.os.BinderProxy@5755408 inputContext=null editorInfo=android.view.inputmethod.EditorInfo@84a2c1b startInputFlags=VIEW_HAS_FOCUS|INITIAL_CONNECTION softInputMode=STATE_ALWAYS_HIDDEN|ADJUST_NOTHING|IS_FORWARD_NAVIGATION windowFlags=#1800002 unverifiedTargetSdkVersion=36 bindingController=com.android.server.inputmethod.InputMethodBindingController@d9754f5 imeDispatcher=android.window.ImeOnBackInvokedDispatcher@8e731b8 cs=ClientState{85b0dbd mUid=10314 mPid=15196 mSelfReportedDisplayId=0} imeRequestedVisible=false
05-11 23:05:14.451  2696  3767 V InputMethodManagerService: setWindowStateInner, windowToken=android.os.BinderProxy@932c0be, state=ImeTargetWindowState{ imeToken null imeFocusChanged true hasEditorFocused false requestedImeVisible false imeDisplayId 0 softInputModeState STATE_ALWAYS_HIDDEN|ADJUST_NOTHING|IS_FORWARD_NAVIGATION isStartInputByGainFocus true}
05-11 23:05:14.451  2696  3767 D SemInputMethodManagerServiceUtil: restorePreviousUsedInputMethod : failed to return the previous ime becuase the stored info is null or do not need restore
05-11 23:05:14.451  4432  4432 D SamsungLightBarControlHelper: updateNavigationBar (WHITE button) isLightOpaque:false, hasLightNavigationBarFlag:false, packageName:com.google.android.permissioncontroller, DirectReplying:false, NavBarColorMangedByIme:false, ForceDarkForScrim:false, ForceLightForScrim:false, QsCustomizing:false, QsExpanded:false
05-11 23:05:14.451  2696  3767 V InputMethodManagerService: semComputeImeDisplayIdForTarget: displayToShowIme=0
05-11 23:05:14.451  2696  3767 V InputMethodManagerService: unbindCurrentInputLocked: client=android.os.BinderProxy@58e05de
05-11 23:05:14.451  2696  3767 V InputMethodManagerService: Creating new accessibility sessions for client ClientState{85b0dbd mUid=10314 mPid=15196 mSelfReportedDisplayId=0}
05-11 23:05:14.452  2696  3767 D InputMethodManagerService: isImeSwitcherDisabledPackage : false
05-11 23:05:14.452 30163 30163 D InputTransport: Input channel destroyed: 'ClientS', fd=178
05-11 23:05:14.452  2696  6036 D FreecessController: BG freezed, skip OLAF unfreeze for (com.google.android.apps.tachyon, 10285)
05-11 23:05:14.452  2696  3767 D InputMethodManagerService: shouldShowImeSwitcherLocked : checking vis : 3
05-11 23:05:14.452  2696  3767 V InputMethodManagerService: Disabling: SessionState{uid=10378 pid=30163 method=f6527b2 session=aa1ec9b channel=ClientState{2a9234c mUid=10378 mPid=30163 mSelfReportedDisplayId=0} userId=0}
05-11 23:05:14.452  2696  3767 V InputMethodManagerService: Enabling: SessionState{uid=10314 pid=15196 method=f6527b2 session=3126b03 channel=ClientState{85b0dbd mUid=10314 mPid=15196 mSelfReportedDisplayId=0} userId=0}
05-11 23:05:14.452  2696  3767 D InputMethodManagerService: checkDisplayOfStartInputAndUpdateKeyboard: displayId=0, mFocusedDisplayId=0
05-11 23:05:14.452  2696  3767 D InputTransport: Input channel constructed: 'ClientS', fd=1299
05-11 23:05:14.452  2696  3767 D InputTransport: Input channel destroyed: 'ClientS', fd=1299
05-11 23:05:14.452  8118  8118 I HBD     : HoneyBoardService onFinishInput 
05-11 23:05:14.452 15196  4550 D InputTransport: Input channel constructed: 'ClientS', fd=142
05-11 23:05:14.452  2696  4220 D RestrictionPolicy: isScreenCaptureEnabled : ret=true userId=0
05-11 23:05:14.452  8118  8118 I HBD     : a IC have been unbinding,  RemoteInputConnection{idHash=#d6af16a}
05-11 23:05:14.452  8118  8118 I HBD     : HoneyBoardService [PF_CL][onFinishInput]  0 ms 
05-11 23:05:14.452  8118  8118 I HBD     : HoneyBoardService [IMI] onStartInput - caller pid : 15196 , caller uid : 10314 
05-11 23:05:14.452  8118  8118 I HBD     : r updateConfigs 
05-11 23:05:14.452  2696  4220 I WindowManager: Cancelling animation restarting=true, leash=Surface(name=Surface(name=4d05c0 InputMethod)/@0xc72389f - animation-leash of insets_animation)/@0x8b16011
05-11 23:05:14.452  8118  8118 I HBD     : r isEnabledNightMode : false 
05-11 23:05:14.452  2696  4220 I WindowManager: Reparenting to original parent: Surface(name=WindowToken{82453f3 type=2011 android.os.Binder@77d662})/@0xd570d5c, destroy=false, surface=Surface(name=4d05c0 InputMethod)/@0xc72389f
05-11 23:05:14.452  8118  8118 I HBD     : a IC have been binding, RemoteInputConnection{idHash=#3f48809} 
05-11 23:05:14.452  2696  4220 I WindowManager: Reparenting to leash, surface=Surface(name=4d05c0 InputMethod)/@0xc72389f, leashParent=Surface(name=WindowToken{82453f3 type=2011 android.os.Binder@77d662})/@0xd570d5c
05-11 23:05:14.452  8118  8118 I HBD     : h [EditorInputType]setPrivateImeOptionsToTable privateImeOptions ( null )
05-11 23:05:14.452  8118  8118 I HBD     : b incognitoMode : false 
05-11 23:05:14.452  8118  8118 I HBD     : f needOff = true , isForceOff = false, isNullInputClass : true 
05-11 23:05:14.452  8118  8118 I HBD     : h getDefaultInputRange : UNKNOWN 
05-11 23:05:14.452  8118  8118 I HBD     : h getDefaultInputRange : UNKNOWN 
05-11 23:05:14.452  8118  8118 I HBD     : h getDefaultInputRange : UNKNOWN 
05-11 23:05:14.452  1968  2045 I SurfaceFlinger: id=10509 createSurf, flag=24004, Surface(name=4d05c0 InputMethod)/@0xc72389f - animation-leash of insets_animation#10509
05-11 23:05:14.452  2696  4220 D WindowManager: makeSurface duration=0 leash=Surface(name=Surface(name=4d05c0 InputMethod)/@0xc72389f - animation-leash of insets_animation)/@0x1d56ef7
05-11 23:05:14.452  2696  4220 D InsetsSourceProvider: updateControlForTarget: control=InsetsSourceControl: {3 mType=ime mSurfacePosition=Point(0, 85) mInsetsHint=Insets{left=0, top=0, right=0, bottom=1008}}, target=Window{24a251f u0 com.google.android.permissioncontroller/com.android.permissioncontroller.permission.ui.GrantPermissionsActivity}, from=com.android.server.wm.ImeInsetsSourceProvider.updateControlForTarget:17 com.android.server.wm.InsetsStateController.onControlTargetChanged:83 com.android.server.wm.DisplayContent.updateImeControlTarget:21 com.android.server.wm.DisplayContent.updateImeInputAndControlTarget:156 com.android.server.wm.WindowManagerService$LocalService.updateInputMethodTargetWindow:64 
05-11 23:05:14.453  2696  4220 I ImeTracker: system_server:c122d9b1: onRequestHide at ORIGIN_SERVER reason IME_REQUESTED_CHANGED_LISTENER fromUser false
05-11 23:05:14.453  2696  3014 V InputMethodManagerService: Client requesting input be hidden
05-11 23:05:14.453  2696  3014 V InputMethodManagerService: setWindowStateInner, windowToken=android.os.BinderProxy@932c0be, state=ImeTargetWindowState{ imeToken android.os.Binder@f752fcd imeFocusChanged true hasEditorFocused false requestedImeVisible false imeDisplayId 0 softInputModeState STATE_ALWAYS_HIDDEN|ADJUST_NOTHING|IS_FORWARD_NAVIGATION isStartInputByGainFocus true}
05-11 23:05:14.453  2696  3014 I ImeTracker: system_server:c122d9b1: onCancelled at PHASE_SERVER_SHOULD_HIDE
05-11 23:05:14.453  2696  3014 V InputMethodManagerService: hideCurrentInputLocked : canceled, shouldHideSoftInput=false, mInputShown=false, mImeWindowVis=0
05-11 23:05:14.453  8118  8118 I HBD     : f needOff = true , isForceOff = false, isNullInputClass : true 
05-11 23:05:14.453  2696  3015 D SurfaceComposerClient: setCornerRadius ## 24a251f com.google.android.permissioncontroller/com.android.permissioncontroller.permission.ui.GrantPermissionsActivity#10502 cornerRadius=0.000000
05-11 23:05:14.453  8118  8118 I HBD     : f update cached prediction status : false 
05-11 23:05:14.453  2696  3015 D SurfaceComposerClient: setCornerRadius ## f0a1ea com.amovi.app/com.amovi.app.MainActivity#10495 cornerRadius=0.000000
05-11 23:05:14.453  8118  8118 I HBD     : h getDefaultInputRange : UNKNOWN 
05-11 23:05:14.453  8118  8118 I HBD     : a currentState : 0 
05-11 23:05:14.453  8118  8118 I HBD     : a [UpdatePolicy] [post] a: 0 cl: 65537 kit: [0/0] vt: 0 ir: 1 
05-11 23:05:14.454  2696  6036 D FreecessController: BG freezed, skip OLAF unfreeze for (com.samsung.android.app.reminder, 10338)
05-11 23:05:14.456  2696  6036 D FreecessController: BG freezed, skip OLAF unfreeze for (com.sec.android.app.kidshome, 10361)
05-11 23:05:14.456  2696  6036 D FreecessController: restrictJobsByOlaf: restrict=false, uid=-1
05-11 23:05:14.456  1968  1968 I SurfaceFlinger: RequestedLayer [Dim Layer for - Task=296#10508] hidden!! flag  from(1) --> to(0)
05-11 23:05:14.456  1968  1968 E SurfaceFlinger: alpha changed 1.000 -> 0.000 - Dim Layer for - Task=296#10508
05-11 23:05:14.456  1968  1968 I SurfaceFlinger: destroyed Surface(name=b1f5cfb StatusBar)/@0x6be6dca - animation-leash of insets_animation#10498 form LifecycleManager
05-11 23:05:14.456  1968  1968 I SurfaceFlinger: destroyed Surface(name=99ac747 NavigationBar0)/@0x8ee3c1f - animation-leash of insets_animation#10497 form LifecycleManager
05-11 23:05:14.456  1968  1968 I SurfaceFlinger: destroyed Transition Root: ActivityRecord{220030979 u0 com.google.android.permissioncontroller/com.android.permissioncontroller.permission.ui.GrantPermissionsActivity t296}#10506 form LifecycleManager
05-11 23:05:14.456  1968  1968 I SurfaceFlinger: [Surface(name=4d05c0 InputMethod)/@0xc72389f - animation-leash of insets_animation#10509] attach to parent LayerHierarchy{RequestedLayerState{WindowToken{82453f3 type=2011 android.os.Binder@77d662}#104 parentId=15} 2 children}
05-11 23:05:14.457  1968  1968 I SurfaceFlinger: [Dim Layer for - Task=296#10508] attach to parent LayerHierarchy{RequestedLayerState{Task=296#10487 parentId=10 z=6} 3 children}
05-11 23:05:14.457  1968  1968 I SurfaceFlinger: id=10498 onLayerDestroyed from LayerHierarchyBuilder(RequestedLayerState{Surface(name=b1f5cfb StatusBar)/@0x6be6dca - animation-leash of insets_animation#10498 !handle})
05-11 23:05:14.457  1968  1968 I SurfaceFlinger: id=10497 onLayerDestroyed from LayerHierarchyBuilder(RequestedLayerState{Surface(name=99ac747 NavigationBar0)/@0x8ee3c1f - animation-leash of insets_animation#10497 !handle})
05-11 23:05:14.457  1968  1968 I SurfaceFlinger: id=10506 onLayerDestroyed from LayerHierarchyBuilder(RequestedLayerState{Transition Root: ActivityRecord{220030979 u0 com.google.android.permissioncontroller/com.android.permissioncontroller.permission.ui.GrantPermissionsActivity t296}#10506 !handle z=1})
05-11 23:05:14.457  2696  3016 D SurfaceComposerClient: [SEC_SF_EFFECTS] setBackgroundBlurRadius ## Dim Layer for - Task=296#10508 backgroundBlurRadius=0
05-11 23:05:14.457  2696  3016 D SurfaceComposerClient: [SEC_SF_EFFECTS] setBackgroundBlurRadius ## Dim Layer for - Task=296#10508 backgroundBlurRadius=0
05-11 23:05:14.457  2696  6036 I NSLocationMonitor: getGPSUsingApps() called
05-11 23:05:14.457  6034  7871 I NSLocationManager_FLP: getGPSUsingApps, No change
05-11 23:05:14.457  1968  1968 I Layer   : id=10498 Destroyed Surface(name=b1f5cfb StatusBar)/@0x6be6dca - animation-leash of insets_animation#10498
05-11 23:05:14.457  1968  1968 I Layer   : id=10497 Destroyed Surface(name=99ac747 NavigationBar0)/@0x8ee3c1f - animation-leash of insets_animation#10497
05-11 23:05:14.457  1968  1968 I Layer   : id=10506 Destroyed Transition Root: ActivityRecord{220030979 u0 com.google.android.permissioncontroller/com.android.permissioncontroller.permission.ui.GrantPermissionsActivity t296}#10506
05-11 23:05:14.457  2696  2696 D OlafRestriction:  olaf state update: state=false
05-11 23:05:14.457  2696  2696 D OlafRestriction:  sending trigger onRestrictionStateChanged msg.
05-11 23:05:14.457  8118  8118 I HBD     : a [NRIC] resetNoResponseState 
05-11 23:05:14.457  8118  8118 I HBD     : f needOff = true , isForceOff = false, isNullInputClass : true 
05-11 23:05:14.457  8118  8118 I HBD     : f update cached prediction status : false 
05-11 23:05:14.457  8118  8118 I HBD     : b [AiWriter] setContact : com.google.android.permissioncontroller
05-11 23:05:14.457  8118  8118 I HBD     : a [AiWriter] setContact : com.google.android.permissioncontroller
05-11 23:05:14.458  8118  8118 I HBD     : F EBD si S 0 
05-11 23:05:14.458  8118  8118 I HBD     : m updateContactDBLanguage : 0 
05-11 23:05:14.458  8118  8118 I HBD     : a [UpdatePolicy] [post] a: 31 cl: 65537 kit: [0/0] vt: 0 ir: 1 
05-11 23:05:14.458  8118  8118 I HBD     : HoneyBoardService [PF_OP][onStartInput]  6 ms 
05-11 23:05:14.458  8118  8118 I HBD     : [DirectWriting] DirectWriting emitInputConnection : RemoteInputConnection{idHash=#3f48809} 
05-11 23:05:14.458  2696  6036 D FreecessHandler: freeze com.sec.android.gallery3d(10134) result : 51
05-11 23:05:14.458  2696  6036 D FreecessHandler: stop trying to freeze com.sec.android.gallery3d
05-11 23:05:14.458  2696  6036 I NSLocationMonitor: getGPSUsingApps() called
05-11 23:05:14.458  6034  7871 I NSLocationManager_FLP: getGPSUsingApps, No change
05-11 23:05:14.459  2696  6036 D FreecessHandler: freeze com.google.android.apps.photos(10286) result : 51
05-11 23:05:14.459  2696  6036 D FreecessHandler: stop trying to freeze com.google.android.apps.photos
05-11 23:05:14.459  2696  6036 I NSLocationMonitor: getGPSUsingApps() called
05-11 23:05:14.459  6034  7871 I NSLocationManager_FLP: getGPSUsingApps, No change
05-11 23:05:14.459  8118 19794 I HBD     : j [SKE_SPECIFIC] specific model[com.google.android.permissioncontroller] loaded, 1136458 ns
05-11 23:05:14.460  2696  6036 D FreecessHandler: freeze com.google.android.contactkeys(10336) result : 51
05-11 23:05:14.460  2696  6036 D FreecessHandler: stop trying to freeze com.google.android.contactkeys
05-11 23:05:14.460  2696  6036 I NSLocationMonitor: getGPSUsingApps() called
05-11 23:05:14.460  6034  7871 I NSLocationManager_FLP: getGPSUsingApps, No change
05-11 23:05:14.461  2696  6036 D FreecessHandler: freeze com.google.android.videos(10345) result : 51
05-11 23:05:14.461  2696  6036 D FreecessHandler: stop trying to freeze com.google.android.videos
05-11 23:05:14.461  2696  6036 I NSLocationMonitor: getGPSUsingApps() called
05-11 23:05:14.461  6034  7871 I NSLocationManager_FLP: getGPSUsingApps, No change
05-11 23:05:14.461  2696  6036 D FreecessHandler: freeze com.samsung.android.game.gamehome(10350) result : 51
05-11 23:05:14.461  2696  6036 D FreecessHandler: stop trying to freeze com.samsung.android.game.gamehome
05-11 23:05:14.461  2696  6036 I NSLocationMonitor: getGPSUsingApps() called
05-11 23:05:14.461  6034  7871 I NSLocationManager_FLP: getGPSUsingApps, No change
05-11 23:05:14.462  2696  6036 D FreecessHandler: freeze com.sec.android.app.shealth(10359) result : 51
05-11 23:05:14.462  2696  6036 D FreecessHandler: stop trying to freeze com.sec.android.app.shealth
05-11 23:05:14.465  1968  1968 I SurfaceFlinger: RequestedLayer [Surface(name=4d05c0 InputMethod)/@0x[...]tion-leash of insets_animation#10509] hidden!! flag  from(1) --> to(0)
05-11 23:05:14.465  1968  1968 E SurfaceFlinger: alpha changed 1.000 -> 0.000 - Surface(name=4d05c0 InputMethod)/@0xc72389f - animation-leash of insets_animation#10509
05-11 23:05:14.465  1968  1968 I SurfaceFlinger: [LayerHierarchy{RequestedLayerState{ImeContainer#15 parentId=10501 relativeParentId=10502 z=1} 1 children}] reparent to LayerHierarchy{RequestedLayerState{ActivityRecord{220030979 u0 com.google.android.permissioncontroller/com.android.permissioncontroller.permission.ui.GrantPermissionsActivity t296}#10501 parentId=10487 z=1} 3 children}
05-11 23:05:14.465  1968  1968 I SurfaceFlinger: [LayerHierarchy{RequestedLayerState{ImeContainer#15 parentId=10501 relativeParentId=10502 z=1} 1 children}] RelativeParent to LayerHierarchy{RequestedLayerState{24a251f com.google.android.permissioncontroller/com.android.permissioncontroller.permission.ui.GrantPermissionsActivity#10502 parentId=10501} 3 children}
05-11 23:05:14.465  2696  3016 D SurfaceComposerClient: [SEC_SF_EFFECTS] setBackgroundBlurRadius ## Dim Layer for - Task=296#10508 backgroundBlurRadius=0
05-11 23:05:14.465  1968  1968 I SurfaceFlinger: [LayerHierarchy{RequestedLayerState{4d05c0 InputMethod#123 parentId=10509} no children}] reparent to LayerHierarchy{RequestedLayerState{Surface(name=4d05c0 InputMethod)/@0xc72389f - animation-leash of insets_animation#10509 parentId=104} 1 children}
05-11 23:05:14.465  1968  1968 I SurfaceFlinger: [LayerHierarchy{RequestedLayerState{Surface(name=4d05c0 InputMethod)/@0xc72389f - animation-leash of insets_animation#10500} no children}] reparent to OffscreenRoot
05-11 23:05:14.465  1968  1968 I SurfaceFlinger: [LayerHierarchy{RequestedLayerState{Surface(name=4d05c0 InputMethod)/@0xc72389f - animation-leash of insets_animation#10500} no children}] RelativeParent to null
05-11 23:05:14.465  2696  4211 D DisplayAiqeManager: getContentMode : start
05-11 23:05:14.465  2696  4211 D DisplayAiqeManagerService: getContentMode : start
05-11 23:05:14.465  2696  4211 D DisplayAiqeAidl: getContentMode : UI
05-11 23:05:14.465  2696  4211 D DisplayAiqeManagerService: getContentMode : mode - UI
05-11 23:05:14.465  2696  4211 D DisplayAiqeManager: getContentMode : mode - UI
05-11 23:05:14.465  2696  4211 V MdnieScenarioControlService: mAclOffEnabled : false
05-11 23:05:14.465  1968  2989 I SurfaceFlinger: id=10500 Removed Surface(name=4d05c0 InputMethod)/@0xc72389f - animation-leash of insets_animation#10500 (142)
05-11 23:05:14.466  8118  8118 I InputMethodService: scheduleImeSurfaceRemoval: canceled, mShowInputRequested=false, mWindowVisible=false, IsmWindowNull=false, IsmImeSurfaceRemoverRunnableNotNull=true
05-11 23:05:14.473  1968  1968 E SurfaceFlinger: alpha changed 0.000 -> 0.008 - Dim Layer for - Task=296#10508
05-11 23:05:14.473  1968  1968 I SurfaceFlinger: destroyed Surface(name=4d05c0 InputMethod)/@0xc72389f - animation-leash of insets_animation#10500 form LifecycleManager
05-11 23:05:14.473  1968  1968 I SurfaceFlinger: id=10500 onLayerDestroyed from LayerHierarchyBuilder(RequestedLayerState{Surface(name=4d05c0 InputMethod)/@0xc72389f - animation-leash of insets_animation#10500 !handle})
05-11 23:05:14.473  2696  3016 D SurfaceComposerClient: [SEC_SF_EFFECTS] setBackgroundBlurRadius ## Dim Layer for - Task=296#10508 backgroundBlurRadius=0
05-11 23:05:14.473  1968  1968 I Layer   : id=10500 Destroyed Surface(name=4d05c0 InputMethod)/@0xc72389f - animation-leash of insets_animation#10500
05-11 23:05:14.474  1968  1968 D SurfaceFlinger: Display 4630947191136750483 HWC layers:
05-11 23:05:14.474  1968  1968 D SurfaceFlinger:        DEVICE |          129549098549249 | 00002102 | RGBA_8888    |    0.0    0.0 1080.0 2340.0 |    0    0 1080 2340 | com.amovi.app/com.amovi.app.MainActivity$_30163#10496 (19)
05-11 23:05:14.474  1968  1968 D SurfaceFlinger:   SOLID_COLOR |                        0 | 00000000 | N/A          |    0.0    0.0    0.0    0.0 |    0    0 1080 2340 | Dim Layer for - Task=296#10508 (0)
05-11 23:05:14.474  1968  1968 D SurfaceFlinger:        DEVICE |           65266323030164 | 00002100 | RGBA_8888    |    0.0    0.0 1080.0  711.0 |    0 1500 1080 2211 | com.google.android.permissioncontrol[...]rantPermissionsActivity$_15196#10503 (2)
05-11 23:05:14.474  1968  1968 D SurfaceFlinger:        DEVICE |           19035295058932 | 00002100 | RGBA_8888    |    0.0    0.0 1080.0   85.0 |    0    0 1080   85 | StatusBar$_4432#101 (63544)
05-11 23:05:14.474  1968  1968 D SurfaceFlinger:        DEVICE |           23149873726404 | 00002100 | RGBA_8888    |    0.0    0.0   67.0  342.0 | 1013  438 1080  780 | com.sec.android.app.launcher/com.sam[...]l.app.CocktailBarService$_5390#10394 (3)
05-11 23:05:14.474  1968  1968 D SurfaceFlinger:        DEVICE |           19035295055883 | 00002100 | RGBA_8888    |    0.0    0.0 1080.0  1
05-11 23:05:14.474  1968  1968 D SurfaceFlinger: 35.0 |    0 2205 1080 2340 | NavigationBar0$_4432#100 (7422)
05-11 23:05:14.474  1968  1968 D SurfaceFlinger: 
05-11 23:05:14.481  2696  3016 D SurfaceComposerClient: [SEC_SF_EFFECTS] setBackgroundBlurRadius ## Dim Layer for - Task=296#10508 backgroundBlurRadius=0
05-11 23:05:14.489  1238  1238 D io_stats: !@   8,0 r 3225564 123938348 w 4761492 226230100 d 812409 772729820 f 86159 470817 iot 1326776 0 th 0 0 0 pt 0 inp 0 0 738670.635
05-11 23:05:14.489  1238  1238 D io_stats: !@ Read_top(KB): com.amovi.app:top(30163) 1040 id.app.launcher:top(5390) 52 m.samsung.euicc:high(30075) 12
05-11 23:05:14.489  1238  1238 D io_stats: !@ Write_top(KB): f2fs_ckpt-254:8:/(5745) 392 kworker/2:4:/(27880) 240 roid.honeyboard:top(8118) 152
05-11 23:05:14.490  2696  3016 D SurfaceComposerClient: [SEC_SF_EFFECTS] setBackgroundBlurRadius ## Dim Layer for - Task=296#10508 backgroundBlurRadius=0
05-11 23:05:14.493  1862  2042 I HYPER-HAL: [RequestManager.cpp]releaseLocked(): Released ID : 3681558
05-11 23:05:14.498  2696  3016 D SurfaceComposerClient: [SEC_SF_EFFECTS] setBackgroundBlurRadius ## Dim Layer for - Task=296#10508 backgroundBlurRadius=0
05-11 23:05:14.507  2696  3016 D SurfaceComposerClient: [SEC_SF_EFFECTS] setBackgroundBlurRadius ## Dim Layer for - Task=296#10508 backgroundBlurRadius=0
05-11 23:05:14.515  2696  3016 D SurfaceComposerClient: [SEC_SF_EFFECTS] setBackgroundBlurRadius ## Dim Layer for - Task=296#10508 backgroundBlurRadius=0
05-11 23:05:14.516  6827  7191 I SDHMS:k : onTaskStackChanged
05-11 23:05:14.517  5390 24579 I HoneySpace.RecentTasks: onRecentTasksChanged
05-11 23:05:14.520  2696  3842 D SGM:GameManager: identifyGamePackage. com.google.android.permissioncontroller, mCurrentUserId: 0, callingMethodInfo: com.samsung.android.game.IGameManagerService$Stub.onTransact(IGameManagerService.java:247)
05-11 23:05:14.523  2696  3016 D SurfaceComposerClient: [SEC_SF_EFFECTS] setBackgroundBlurRadius ## Dim Layer for - Task=296#10508 backgroundBlurRadius=0
05-11 23:05:14.532  2696  3016 D SurfaceComposerClient: [SEC_SF_EFFECTS] setBackgroundBlurRadius ## Dim Layer for - Task=296#10508 backgroundBlurRadius=0
05-11 23:05:14.540  2696  3016 D SurfaceComposerClient: [SEC_SF_EFFECTS] setBackgroundBlurRadius ## Dim Layer for - Task=296#10508 backgroundBlurRadius=0
05-11 23:05:14.548  2696  3016 D SurfaceComposerClient: [SEC_SF_EFFECTS] setBackgroundBlurRadius ## Dim Layer for - Task=296#10508 backgroundBlurRadius=0
05-11 23:05:14.548  2696  4211 D MdnieScenarioControlService:  packageName : com.google.android.permissioncontroller    className : com.android.permissioncontroller.permission.ui.GrantPermissionsActivity
05-11 23:05:14.549  2696  4211 V MdnieScenarioControlService: setUIMode from UI function(3)
05-11 23:05:14.556  2696  3016 D SurfaceComposerClient: [SEC_SF_EFFECTS] setBackgroundBlurRadius ## Dim Layer for - Task=296#10508 backgroundBlurRadius=0
05-11 23:05:14.565  2696  3016 D SurfaceComposerClient: [SEC_SF_EFFECTS] setBackgroundBlurRadius ## Dim Layer for - Task=296#10508 backgroundBlurRadius=0
05-11 23:05:14.573  2696  3016 D SurfaceComposerClient: [SEC_SF_EFFECTS] setBackgroundBlurRadius ## Dim Layer for - Task=296#10508 backgroundBlurRadius=0
05-11 23:05:14.581  2696  3016 D SurfaceComposerClient: [SEC_SF_EFFECTS] setBackgroundBlurRadius ## Dim Layer for - Task=296#10508 backgroundBlurRadius=0
05-11 23:05:14.590  2696  3016 D SurfaceComposerClient: [SEC_SF_EFFECTS] setBackgroundBlurRadius ## Dim Layer for - Task=296#10508 backgroundBlurRadius=0
05-11 23:05:14.598  2696  3016 D SurfaceComposerClient: [SEC_SF_EFFECTS] setBackgroundBlurRadius ## Dim Layer for - Task=296#10508 backgroundBlurRadius=0
05-11 23:05:14.607  2696  3016 D SurfaceComposerClient: [SEC_SF_EFFECTS] setBackgroundBlurRadius ## Dim Layer for - Task=296#10508 backgroundBlurRadius=0
05-11 23:05:14.615  2696  3016 D SurfaceComposerClient: [SEC_SF_EFFECTS] setBackgroundBlurRadius ## Dim Layer for - Task=296#10508 backgroundBlurRadius=0
05-11 23:05:14.623  2696  3016 D SurfaceComposerClient: [SEC_SF_EFFECTS] setBackgroundBlurRadius ## Dim Layer for - Task=296#10508 backgroundBlurRadius=0
05-11 23:05:14.631  2696  3016 D SurfaceComposerClient: [SEC_SF_EFFECTS] setBackgroundBlurRadius ## Dim Layer for - Task=296#10508 backgroundBlurRadius=0
05-11 23:05:14.640  2696  3016 D SurfaceComposerClient: [SEC_SF_EFFECTS] setBackgroundBlurRadius ## Dim Layer for - Task=296#10508 backgroundBlurRadius=0
05-11 23:05:14.648  2696  3016 D SurfaceComposerClient: [SEC_SF_EFFECTS] setBackgroundBlurRadius ## Dim Layer for - Task=296#10508 backgroundBlurRadius=0
05-11 23:05:14.649  2696  4211 D DisplayAiqeManager: getContentMode : start
05-11 23:05:14.649  2696  4211 D DisplayAiqeManagerService: getContentMode : start
05-11 23:05:14.649  2696  4211 D DisplayAiqeAidl: getContentMode : UI
05-11 23:05:14.649  2696  4211 D DisplayAiqeManagerService: getContentMode : mode - UI
05-11 23:05:14.649  2696  4211 D DisplayAiqeManager: getContentMode : mode - UI
05-11 23:05:14.649  2696  4211 V MdnieScenarioControlService: mAclOffEnabled : false
05-11 23:05:14.656  2696  3016 D SurfaceComposerClient: [SEC_SF_EFFECTS] setBackgroundBlurRadius ## Dim Layer for - Task=296#10508 backgroundBlurRadius=0
05-11 23:05:14.657  2696  3015 D SurfaceComposerClient: [SEC_SF_EFFECTS] setBackgroundBlurRadius ## Dim Layer for - Task=296#10508 backgroundBlurRadius=0
05-11 23:05:14.682  8118  8118 I InputMethodService: removeImeSurface
05-11 23:05:14.682  8118  8118 I InputMethodService: cancelImeSurfaceRemoval: removeCallbacks
05-11 23:05:14.721  5390  5390 I HoneySpace.EdgePanel.EdgeVisibilityRepository: getComputedTrayVisible : keyguardState = 1
05-11 23:05:14.721  5390  5390 I HoneySpace.EdgePanel.EdgeVisibilityRepository: updateTrayVisible: State = 0x1, visible = true, current containerState = 0, specificMode = 0
05-11 23:05:14.721  5390  5390 I HoneySpace.EdgePanel.EdgeVisibilityRepository: Same container state 0
05-11 23:05:14.735  1881  2188 I SDM     : DisplayBase::CommitThread: Received idle timeout, panel: cmd, timeout: 70000 us
05-11 23:05:14.742  1862 30293 I HYPER-HAL: [RequestManager.cpp]releaseLocked(): Released ID : 3684273
05-11 23:05:14.786  1862 30291 E HYPER-HAL: [HandlerUClamp.cpp]set_uclamp_min(): sched_setattr failed for thread 28358, err = -1
05-11 23:05:14.786  1862 30291 E HYPER-HAL: [HandlerUClamp.cpp]set_uclamp_min(): sched_setattr failed for thread 28359, err = -1
05-11 23:05:14.786  1862 30291 E HYPER-HAL: [HandlerUClamp.cpp]set_uclamp_min(): sched_setattr failed for thread 15196, err = -1
05-11 23:05:14.786  1862 30291 E HYPER-HAL: [HandlerUClamp.cpp]set_uclamp_min(): sched_setattr failed for thread 28354, err = -1
05-11 23:05:14.786  1862 30291 I HYPER-HAL: [RequestManager.cpp]releaseLocked(): Released ID : 10654168
05-11 23:05:14.953  2696  3014 D SGM:GameManager: identifyForegroundApp. com.amovi.app, mCurrentUserId: 0, callerUserId: 0
05-11 23:05:14.953  2696  3014 D SGM:SemGameManager: isForegroundGame(), ret=false
05-11 23:05:14.954  2696 30297 D SemInputDeviceManager: setProperty: (0) CMD,GRIP_DATA,1,60,10,20,936
05-11 23:05:14.954  2696 30297 D TspStateManager: wrote command: cmd=1,60,10,20,936, type=1
05-11 23:05:14.954  2696  4255 D SemInputDevice:TSP: SetPropertyTask: CMD,set_grip_data,1,60,10,20,936 [05-11 23:05:14.954]
05-11 23:05:14.961  1890  1925 I sysinput:aidl: onReportInformation:91, 1, cmd@set_grip_data,1,60,10,20,9
05-11 23:05:14.961  1890  1925 I sysinput:Touch1: operator():241, OK
05-11 23:05:14.961  2696  4255 D SysinputHAL_AIDL: setProperty(TSP(1)): CMD, set_grip_data,1,60,10,20,936 ret=0
05-11 23:05:15.018  2583  2583 I CNSS    : /sys/wifi/max_chipset_log_size doesn't exist
05-11 23:05:15.219  5100  5100 I SprWallpaper|InfinityWallpaper: handleMessage: what[102]
05-11 23:05:15.219  2696  3842 D PowerManagerService: [api] isDozeAfterScreenOff  (uid: 10150 pid: 5100)
05-11 23:05:15.220  5100  5100 I SprWallpaper|infinity_Choreographer: startMotion : type 2
05-11 23:05:15.220  5100  5100 I SprWallpaper|infinity_Choreographer: same motion
05-11 23:05:15.383  2696  3022 E Watchdog: !@Sync: 24612 heap(MB): 154 / 157 FD: 1398 [2026-05-11 23:05:15.383]
05-11 23:05:15.417  1931  2015 E HeatmapThread: ECT Thread time in milliseconds: 1778558715
05-11 23:05:15.419  1931  2015 D HeatmapThread: !@ batteryplugType : 2
05-11 23:05:15.419  1931  2015 D HeatmapThread: !@ batteryLevel : 80  batteryTemperature : 277 
05-11 23:05:15.419  1931  2015 D HeatmapThread: !@ Heatmap currtime: 29642645
05-11 23:05:15.419  1931  2015 D HeatmapThread: !@ Heatmap prevtime: 29642634
05-11 23:05:15.419  1931  2015 D HeatmapThread: !@ Heatmap plugstarttime: 29631117
05-11 23:05:15.420  1931  2015 D HeatmapThread: !@ Heatmap prevv_dsoh_update_time: 29642635
05-11 23:05:15.420  1931  2015 E HeatmapThread: !@ CAM New BSOH: 100
05-11 23:05:15.420  1931  2015 E HeatmapThread: !@ CAM is Working
05-11 23:05:15.426  1841 12806 I vendor.qti.bluetooth@1.0-ibs_handler: ProcessIbsCmd: Received IBS_WAKE_IND: 0xFD
05-11 23:05:15.426  1841 12806 D vendor.qti.bluetooth@1.0-ibs_handler: SerialClockVote: vote for UART CLK ON
05-11 23:05:15.426  1841 12806 D vendor.qti.bluetooth@1.0-wake_lock: Acquire wakelock is acquired 
05-11 23:05:15.427  1841 12806 I vendor.qti.bluetooth@1.0-ibs_handler: ProcessIbsCmd: Writing IBS_WAKE_ACK
05-11 23:05:15.477 12691 12812 I ScanController: onScanResult to scannerId: 1- eventType=0x1b, addressType=0, address=XX:XX:XX:XX:3C:27, primaryPhy=1, secondaryPhy=0, advertisingSid=0xff, txPower=127, rssi=-78, periodicAdvInt=0x0
05-11 23:05:15.478 12691 12812 I ScanController: onScanResult to scannerId: 1- eventType=0x1b, addressType=0, address=XX:XX:XX:XX:E2:84, primaryPhy=1, secondaryPhy=0, advertisingSid=0xff, txPower=127, rssi=-81, periodicAdvInt=0x0
05-11 23:05:15.518 12691 12812 I ScanController: onScanResult to scannerId: 1- eventType=0x1b, addressType=0, address=XX:XX:XX:XX:3C:27, primaryPhy=1, secondaryPhy=0, advertisingSid=0xff, txPower=127, rssi=-80, periodicAdvInt=0x0
05-11 23:05:15.550 12691 12812 I ScanController: onScanResult to scannerId: 1- eventType=0x1b, addressType=0, address=XX:XX:XX:XX:5E:72, primaryPhy=1, secondaryPhy=0, advertisingSid=0xff, txPower=127, rssi=-67, periodicAdvInt=0x0
05-11 23:05:15.551 15983 18864 I BCMGR[11.2.04.4]: BeaconMainController] onReceive - [1 : bad rssi][2 : ST packet!][3 : bad rssi][4 : ST packet!][5 : ST packet!][6 : ST packet!][7 : bad rssi][8 : bad rssi][9 : bad rssi][10 : bad rssi]
05-11 23:05:15.552 10821 11335 I [-0500]oneconnect[1.8.45.24_01][BEACON_MANAGER_CONTROL_SERVICE]: BleParserForSamsungConnect.parseSamsungConnectPacket_V3 - |name:($)-J(7)|deviceType:SAMSUNG_OCF_SETUP|discoverType:_BLE|services:None|connected:false[Status]0[OcfInfo]69[SetupNet]4[Calm] false true false[Tx]-2147483648 not set
05-11 23:05:15.556 10821  4943 I [-0500]oneconnect[1.8.45.24_01][BEACON_MANAGER_CONTROL_SERVICE]: [EasySetup]EasySetupDevice.setDeviceType - type : UNKNOWN
05-11 23:05:15.557 10821  4943 I [-0500]oneconnect[1.8.45.24_01][BEACON_MANAGER_CONTROL_SERVICE]: [EasySetup]EasySetupDevice.setDeviceType - type : UNKNOWN
05-11 23:05:15.558 10821  4943 I [-0500]oneconnect[1.8.45.24_01][BEACON_MANAGER_CONTROL_SERVICE]: BeaconManagerUtil.isBeaconManagerEnabled - true
05-11 23:05:15.587 12691 12812 I ScanController: onScanResult to scannerId: 2- eventType=0x1b, addressType=0, address=XX:XX:XX:XX:E2:84, primaryPhy=1, secondaryPhy=0, advertisingSid=0xff, txPower=127, rssi=-81, periodicAdvInt=0x0
05-11 23:05:15.614 12691 12812 I ScanController: onScanResult to scannerId: 1- eventType=0x1b, addressType=0, address=XX:XX:XX:XX:3C:27, primaryPhy=1, secondaryPhy=0, advertisingSid=0xff, txPower=127, rssi=-80, periodicAdvInt=0x0
05-11 23:05:15.616  2696 13425 E TaskPersister: File error accessing recents directory (directory doesn't exist?).
05-11 23:05:15.653  1841 12806 I vendor.qti.bluetooth@1.0-ibs_handler: ProcessIbsCmd: Received IBS_SLEEP_IND: 0xFE
05-11 23:05:15.653  1841 12806 D vendor.qti.bluetooth@1.0-ibs_handler: SerialClockVote: vote for UART CLK OFF
05-11 23:05:15.803  1841 12776 D vendor.qti.bluetooth@1.0-wake_lock: Release wakelock is released 
05-11 23:05:15.877  1867  1867 I SS_POWER_HINT_SESSION: SS_ADPF 16459-10352-c790 destroy
05-11 23:05:15.877  1862  2042 I HYPER-HAL: [RequestManager.cpp]acquire(): Acquired ID : 10493203  [1867 / 2713]    HINT :      list : [TID_LOW_LATENCY / 0] [TID / 16783] [TID / 16784] [TID / 16459] [TID / 16785] 
05-11 23:05:15.877  1862  2042 I HYPER-HAL: [RequestManager.cpp]releaseLocked(): Released ID : 10493203
05-11 23:05:15.877  1862  2042 I HYPER-HAL: [RequestManager.cpp]acquire(): Acquired ID : 10497785  [1867 / 2714]    HINT :      list : [UCLAMP_MIN_BOOST / 0] [TIMEOUT / 0] [TID / 16783] [TID / 16784] [TID / 16459] [TID / 16785] 
05-11 23:05:15.877  1862  2042 I HYPER-HAL: [RequestManager.cpp]releaseLocked(): Released ID : 10497785
05-11 23:05:15.885  1862 30191 I HYPER-HAL: [RequestManager.cpp]releaseLocked(): Released ID : 4406996
05-11 23:05:15.909  1862 30156 I HYPER-HAL: [RequestManager.cpp]releaseLocked(): Released ID : 23471550
05-11 23:05:16.194  1867  1867 I SS_POWER_HINT_SESSION: SS_ADPF 4432-10047-ed10 destroy
05-11 23:05:16.194  1862  2042 I HYPER-HAL: [RequestManager.cpp]acquire(): Acquired ID : 10631098  [1867 / 2743]    HINT :      list : [TID_LOW_LATENCY / 0] [TID / 4687] [TID / 4688] [TID / 4665] [TID / 4689] 
05-11 23:05:16.195  1862  2042 I HYPER-HAL: [RequestManager.cpp]releaseLocked(): Released ID : 10631098
05-11 23:05:16.195  1862  2042 I HYPER-HAL: [RequestManager.cpp]acquire(): Acquired ID : 10635710  [1867 / 2744]    HINT :      list : [UCLAMP_MIN_BOOST / 0] [TIMEOUT / 0] [TID / 4687] [TID / 4688] [TID / 4665] [TID / 4689] 
05-11 23:05:16.195  1862  2042 I HYPER-HAL: [RequestManager.cpp]releaseLocked(): Released ID : 10635710
05-11 23:05:16.228  1867  1867 I SS_POWER_HINT_SESSION: SS_ADPF 22027-10278-a850 destroy
05-11 23:05:16.228  1862  2042 I HYPER-HAL: [RequestManager.cpp]acquire(): Acquired ID : 10484042  [1867 / 2711]    HINT :      list : [TID_LOW_LATENCY / 0] [TID / 25718] [TID / 25719] [TID / 22027] [TID / 25722] 
05-11 23:05:16.228  1862  2042 I HYPER-HAL: [RequestManager.cpp]releaseLocked(): Released ID : 10484042
05-11 23:05:16.228  1862  2042 I HYPER-HAL: [RequestManager.cpp]acquire(): Acquired ID : 10488622  [1867 / 2712]    HINT :      list : [UCLAMP_MIN_BOOST / 0] [TIMEOUT / 0] [TID / 25718] [TID / 25719] [TID / 22027] [TID / 25722] 
05-11 23:05:16.229  1862  2042 I HYPER-HAL: [RequestManager.cpp]releaseLocked(): Released ID : 10488622
05-11 23:05:16.241  2696  4321 V SemStrongRssiRoaming: POLL (Rssi:-52 MinRssi:-55 Guard:1)
05-11 23:05:16.241 29569 29569 I wpa_sslib: cmd: GETNCHOMODE
05-11 23:05:16.242 29569 29569 I wpa_sslib: Response: GETNCHOMODE 0
05-11 23:05:16.243  2696  4321 D SemStrongRssiRoaming:  Cancel partial scan
05-11 23:05:16.414  1931  2015 E HeatmapThread: ECT Thread time in milliseconds: 1778558716
05-11 23:05:16.417  1931  2015 D HeatmapThread: !@ batteryplugType : 2
05-11 23:05:16.417  1931  2015 D HeatmapThread: !@ batteryLevel : 80  batteryTemperature : 277 
05-11 23:05:16.417  1931  2015 D HeatmapThread: !@ Heatmap currtime: 29642645
05-11 23:05:16.417  1931  2015 D HeatmapThread: !@ Heatmap prevtime: 29642634
05-11 23:05:16.417  1931  2015 D HeatmapThread: !@ Heatmap plugstarttime: 29631117
05-11 23:05:16.417  1931  2015 D HeatmapThread: !@ Heatmap prevv_dsoh_update_time: 29642635
05-11 23:05:16.418  1931  2015 E HeatmapThread: !@ CAM New BSOH: 100
05-11 23:05:16.418  1931  2015 E HeatmapThread: !@ CAM is Working
05-11 23:05:16.491  1238  1238 D io_stats: !@   8,0 r 3225564 123938348 w 4761498 226230120 d 812481 772731252 f 86159 470818 iot 1326780 0 th 0 0 0 pt 0 inp 0 0 738672.637
